Stray ".ends" card: .ends
Circuit: * F:\Teaching_Work\Materii\Cursuri\CAIF_2020\proiect\12_Proiectare_Transconductori\LTspice\Weeland\tb_GM_Weeland.asc

Direct Newton iteration failed to find .op point.  (Use ".option noopiter" to skip.)
Starting Gmin stepping
Gmin = 10
Gmin = 1.07374
Gmin = 0.115292
Gmin = 0.0123794
Gmin = 0.00132923
Gmin = 0.000142725
Gmin = 1.5325e-05
Gmin = 1.6455e-06
Gmin = 1.76685e-07
Gmin = 1.89714e-08
Gmin = 2.03704e-09
Gmin = 2.18725e-10
Gmin = 2.34854e-11
Gmin = 2.52173e-12
Gmin = 2.70769e-13
Gmin = 0
Gmin stepping succeeded in finding the operating point.

Semiconductor Device Operating Points:
                        --- BSIM3 MOSFETS ---
Name:      m:x1:30     m:x1:28     m:x1:27     m:x1:24     m:x1:23
Model:      nmos        nmos        nmos        nmos        nmos
Id:         2.50e-5     2.50e-5     2.50e-5     2.50e-5     2.50e-5
Vgs:        7.36e-1     7.51e-1     7.18e-1     7.18e-1     7.54e-1
Vds:        7.36e-1     1.83e-1     5.35e-1     5.31e-1     1.42e-1
Vbs:       -5.50e-1    -5.35e-1     0.00e+0     0.00e+0    -5.31e-1
Vth:        6.10e-1     6.10e-1     4.56e-1     4.56e-1     6.09e-1
Vdsat:      1.12e-1     1.22e-1     1.98e-1     1.98e-1     1.24e-1
Gm:         3.77e-4     3.51e-4     2.02e-4     2.02e-4     3.33e-4
Gds:        9.86e-6     2.37e-5     2.46e-6     2.47e-6     4.40e-5
Gmb         7.26e-5     6.91e-5     5.47e-5     5.47e-5     6.58e-5
Cbd:         NaN         NaN         NaN         NaN         NaN
Cbs:         NaN         NaN         NaN         NaN         NaN
Cgsov:       NaN         NaN         NaN         NaN         NaN
Cgdov:       NaN         NaN         NaN         NaN         NaN
Cgbov:       NaN         NaN         NaN         NaN         NaN
dQgdVgb:     NaN         NaN         NaN         NaN         NaN
dQgdVdb:     NaN         NaN         NaN         NaN         NaN
dQgdVsb:     NaN         NaN         NaN         NaN         NaN
dQddVgb:     NaN         NaN         NaN         NaN         NaN
dQddVdb:     NaN         NaN         NaN         NaN         NaN
dQddVsb:     NaN         NaN         NaN         NaN         NaN
dQbdVgb:     NaN         NaN         NaN         NaN         NaN
dQbdVdb:     NaN         NaN         NaN         NaN         NaN
dQbdVsb:     NaN         NaN         NaN         NaN         NaN

Name:      m:x1:22     m:x1:21     m:x1:20     m:x1:19     m:x1:18
Model:      nmos        nmos        nmos        nmos        nmos
Id:         2.50e-5     2.50e-5     5.01e-5     5.00e-5     5.01e-5
Vgs:        7.18e-1     7.54e-1     6.73e-1     6.73e-1     6.73e-1
Vds:        5.31e-1     1.42e-1     5.54e-1     5.41e-1     5.61e-1
Vbs:        0.00e+0    -5.31e-1     0.00e+0     0.00e+0     0.00e+0
Vth:        4.56e-1     6.09e-1     3.98e-1     3.98e-1     3.98e-1
Vdsat:      1.98e-1     1.24e-1     2.10e-1     2.10e-1     2.10e-1
Gm:         2.02e-4     3.33e-4     3.95e-4     3.95e-4     3.96e-4
Gds:        2.47e-6     4.40e-5     2.82e-6     2.86e-6     2.80e-6
Gmb         5.47e-5     6.58e-5     1.11e-4     1.11e-4     1.11e-4
Cbd:         NaN         NaN         NaN         NaN         NaN
Cbs:         NaN         NaN         NaN         NaN         NaN
Cgsov:       NaN         NaN         NaN         NaN         NaN
Cgdov:       NaN         NaN         NaN         NaN         NaN
Cgbov:       NaN         NaN         NaN         NaN         NaN
dQgdVgb:     NaN         NaN         NaN         NaN         NaN
dQgdVdb:     NaN         NaN         NaN         NaN         NaN
dQgdVsb:     NaN         NaN         NaN         NaN         NaN
dQddVgb:     NaN         NaN         NaN         NaN         NaN
dQddVdb:     NaN         NaN         NaN         NaN         NaN
dQddVsb:     NaN         NaN         NaN         NaN         NaN
dQbdVgb:     NaN         NaN         NaN         NaN         NaN
dQbdVdb:     NaN         NaN         NaN         NaN         NaN
dQbdVsb:     NaN         NaN         NaN         NaN         NaN

Name:      m:x1:17     m:x1:16     m:x1:15     m:x1:14     m:x1:13
Model:      nmos        nmos        nmos        nmos        nmos
Id:         5.00e-5     5.01e-5     5.00e-5     5.01e-5     5.00e-5
Vgs:        6.73e-1     7.25e-1     7.45e-1     7.31e-1     7.45e-1
Vds:        5.41e-1     1.26e+0     3.61e-1     9.46e-1     3.61e-1
Vbs:        0.00e+0    -5.61e-1    -5.41e-1    -5.54e-1    -5.41e-1
Vth:        3.98e-1     6.09e-1     6.10e-1     6.10e-1     6.10e-1
Vdsat:      2.10e-1     1.05e-1     1.17e-1     1.09e-1     1.17e-1
Gm:         3.95e-4     7.71e-4     7.35e-4     7.61e-4     7.35e-4
Gds:        2.86e-6     1.78e-5     2.42e-5     1.88e-5     2.42e-5
Gmb         1.11e-4     1.46e-4     1.44e-4     1.46e-4     1.44e-4
Cbd:         NaN         NaN         NaN         NaN         NaN
Cbs:         NaN         NaN         NaN         NaN         NaN
Cgsov:       NaN         NaN         NaN         NaN         NaN
Cgdov:       NaN         NaN         NaN         NaN         NaN
Cgbov:       NaN         NaN         NaN         NaN         NaN
dQgdVgb:     NaN         NaN         NaN         NaN         NaN
dQgdVdb:     NaN         NaN         NaN         NaN         NaN
dQgdVsb:     NaN         NaN         NaN         NaN         NaN
dQddVgb:     NaN         NaN         NaN         NaN         NaN
dQddVdb:     NaN         NaN         NaN         NaN         NaN
dQddVsb:     NaN         NaN         NaN         NaN         NaN
dQbdVgb:     NaN         NaN         NaN         NaN         NaN
dQbdVdb:     NaN         NaN         NaN         NaN         NaN
dQbdVsb:     NaN         NaN         NaN         NaN         NaN

Name:      m:x1:12     m:x1:11     m:x1:10     m:x1:9      m:x1:29
Model:      nmos        nmos        nmos        nmos        pmos
Id:         2.50e-5     2.50e-5     5.00e-5     5.00e-5    -2.50e-5
Vgs:        7.91e-1     7.91e-1     5.98e-1     5.98e-1    -7.53e-1
Vds:        1.83e+0     1.83e+0     5.62e-1     5.62e-1    -7.53e-1
Vbs:       -6.73e-1    -6.73e-1     0.00e+0     0.00e+0     5.00e-1
Vth:        6.31e-1     6.31e-1     4.53e-1     4.53e-1    -6.64e-1
Vdsat:      1.36e-1     1.36e-1     1.12e-1     1.12e-1    -1.17e-1
Gm:         2.84e-4     2.84e-4     7.70e-4     7.70e-4     3.86e-4
Gds:        6.87e-6     6.87e-6     5.98e-6     5.98e-6     6.99e-6
Gmb         5.02e-5     5.02e-5     2.09e-4     2.09e-4     1.01e-4
Cbd:         NaN         NaN         NaN         NaN         NaN
Cbs:         NaN         NaN         NaN         NaN         NaN
Cgsov:       NaN         NaN         NaN         NaN         NaN
Cgdov:       NaN         NaN         NaN         NaN         NaN
Cgbov:       NaN         NaN         NaN         NaN         NaN
dQgdVgb:     NaN         NaN         NaN         NaN         NaN
dQgdVdb:     NaN         NaN         NaN         NaN         NaN
dQgdVsb:     NaN         NaN         NaN         NaN         NaN
dQddVgb:     NaN         NaN         NaN         NaN         NaN
dQddVdb:     NaN         NaN         NaN         NaN         NaN
dQddVsb:     NaN         NaN         NaN         NaN         NaN
dQbdVgb:     NaN         NaN         NaN         NaN         NaN
dQbdVdb:     NaN         NaN         NaN         NaN         NaN
dQbdVsb:     NaN         NaN         NaN         NaN         NaN

Name:      m:x1:26     m:x1:25     m:x1:8      m:x1:7      m:x1:6
Model:      pmos        pmos        pmos        pmos        pmos
Id:        -2.50e-5    -2.50e-5    -5.00e-5    -5.00e-5    -5.00e-5
Vgs:       -7.62e-1    -6.93e-1    -7.57e-1    -7.57e-1    -6.93e-1
Vds:       -2.02e-1    -4.91e-1    -5.39e-1    -5.39e-1    -4.97e-1
Vbs:        4.91e-1     0.00e+0     4.97e-1     4.97e-1     0.00e+0
Vth:       -6.65e-1    -4.64e-1    -6.64e-1    -6.64e-1    -4.64e-1
Vdsat:     -1.22e-1    -1.96e-1    -1.19e-1    -1.19e-1    -1.96e-1
Gm:         3.70e-4     2.03e-4     7.63e-4     7.63e-4     4.07e-4
Gds:        1.17e-5     1.99e-6     1.44e-5     1.44e-5     3.95e-6
Gmb         9.77e-5     6.50e-5     2.00e-4     2.00e-4     1.30e-4
Cbd:         NaN         NaN         NaN         NaN         NaN
Cbs:         NaN         NaN         NaN         NaN         NaN
Cgsov:       NaN         NaN         NaN         NaN         NaN
Cgdov:       NaN         NaN         NaN         NaN         NaN
Cgbov:       NaN         NaN         NaN         NaN         NaN
dQgdVgb:     NaN         NaN         NaN         NaN         NaN
dQgdVdb:     NaN         NaN         NaN         NaN         NaN
dQgdVsb:     NaN         NaN         NaN         NaN         NaN
dQddVgb:     NaN         NaN         NaN         NaN         NaN
dQddVdb:     NaN         NaN         NaN         NaN         NaN
dQddVsb:     NaN         NaN         NaN         NaN         NaN
dQbdVgb:     NaN         NaN         NaN         NaN         NaN
dQbdVdb:     NaN         NaN         NaN         NaN         NaN
dQbdVsb:     NaN         NaN         NaN         NaN         NaN

Name:      m:x1:5      m:x1:4      m:x1:3      m:x1:2      m:x1:1
Model:      pmos        pmos        pmos        pmos        pmos
Id:        -5.00e-5    -5.01e-5    -5.01e-5    -5.01e-5    -5.01e-5
Vgs:       -6.93e-1    -7.57e-1    -7.63e-1    -6.75e-1    -6.75e-1
Vds:       -4.97e-1    -5.04e-1    -1.85e-1    -4.96e-1    -4.91e-1
Vbs:        0.00e+0     4.96e-1     4.91e-1     0.00e+0     0.00e+0
Vth:       -4.64e-1    -6.64e-1    -6.65e-1    -4.47e-1    -4.47e-1
Vdsat:     -1.96e-1    -1.19e-1    -1.23e-1    -1.95e-1    -1.95e-1
Gm:         4.07e-4     7.62e-4     7.37e-4     4.10e-4     4.10e-4
Gds:        3.95e-6     1.45e-5     2.84e-5     2.36e-6     2.37e-6
Gmb         1.30e-4     2.00e-4     1.95e-4     1.34e-4     1.34e-4
Cbd:         NaN         NaN         NaN         NaN         NaN
Cbs:         NaN         NaN         NaN         NaN         NaN
Cgsov:       NaN         NaN         NaN         NaN         NaN
Cgdov:       NaN         NaN         NaN         NaN         NaN
Cgbov:       NaN         NaN         NaN         NaN         NaN
dQgdVgb:     NaN         NaN         NaN         NaN         NaN
dQgdVdb:     NaN         NaN         NaN         NaN         NaN
dQgdVsb:     NaN         NaN         NaN         NaN         NaN
dQddVgb:     NaN         NaN         NaN         NaN         NaN
dQddVdb:     NaN         NaN         NaN         NaN         NaN
dQddVsb:     NaN         NaN         NaN         NaN         NaN
dQbdVgb:     NaN         NaN         NaN         NaN         NaN
dQbdVdb:     NaN         NaN         NaN         NaN         NaN
dQbdVsb:     NaN         NaN         NaN         NaN         NaN


Note: .fourier statements are only valid with a .tran command.
      No Fourier analysis performed.


gm: i(vocm)=(-80.0739dB,-4.76762e-05°) at 100


Date: Wed May 13 18:41:54 2020
Total elapsed time: 0.252 seconds.

tnom = 27
temp = 27
method = trap
totiter = 425
traniter = 0
tranpoints = 0
accept = 0
rejected = 0
matrix size = 37
fillins = 32
solver = Normal
Matrix Compiler1:     313 opcodes
Matrix Compiler2: 4.47 KB object code size  0.8/1.7/[0.8]

