Stray ".ends" card: .ends
LTspice 24.0.12 for Windows
Circuit: * C:\Users\botaa\Desktop\TowThomasFilterandPGATransistorLevel\CAIF_Bota_Andrei\PGA\PGA_final.asc
Start Time: Wed May 27 22:08:15 2026
solver = Normal
Maximum thread count: 12
tnom = 27
temp = 27
method = trap
Direct Newton iteration failed to find .op point.  (Use ".option noopiter" to skip.)
Starting Gmin stepping
Gmin = 10
Gmin = 1.07374
Gmin = 0.115292
Gmin = 0.0123794
Gmin = 0.00132923
Gmin = 0.000142725
Gmin = 1.5325e-05
vernier = 0.5
vernier = 0.25
vernier = 0.333333
Gmin = 1.20543e-05
vernier = 0.166667
vernier = 0.0833333
vernier = 0.0416667
vernier = 0.0208333
vernier = 0.0104167
vernier = 0.00520833
vernier = 0.00260417
vernier = 0.00130208
vernier = 0.000651042
vernier = 0.000488281
Gmin = 1.30588e-05
Gmin = 0
Gmin stepping failed

Starting source stepping with srcstepmethod=0
Source Step = 3.0303%
Source Step = 25.7576%
Source Step = 33.3333%
Source Step = 40.9091%
Source Step = 48.4848%
Source Step = 56.0606%
vernier = 0.375
Source Step = 64.0152%
Source Step = 75.3788%
Source Step = 86.7424%
Source Step = 98.1061%
Source stepping succeeded in finding the operating point.

N-Period=1
Fourier components of V(out)
DC component:1.25874

Harmonic	Frequency	 Fourier 	Normalized	 Phase  	Normalized
 Number 	  [Hz]   	Component	 Component	[degree]	Phase [deg]
    1   	 1.700e+5	 6.335e-1	 1.000e+0	   92.17°	    0.00°
    2   	 3.400e+5	 2.871e-5	 4.531e-5	    6.13°	  -86.03°
    3   	 5.100e+5	 1.001e-5	 1.580e-5	   61.89°	  -30.28°
    4   	 6.800e+5	 8.358e-8	 1.319e-7	  -54.15°	 -146.32°
    5   	 8.500e+5	 1.063e-6	 1.679e-6	 -104.94°	 -197.10°
    6   	 1.020e+6	 2.236e-7	 3.529e-7	 -145.80°	 -237.96°
    7   	 1.190e+6	 3.180e-7	 5.019e-7	  -66.72°	 -158.88°
    8   	 1.360e+6	 1.881e-7	 2.968e-7	   -0.62°	  -92.78°
    9   	 1.530e+6	 1.098e-7	 1.733e-7	  111.03°	   18.87°
   10   	 1.700e+6	 1.891e-7	 2.985e-7	 -147.19°	 -239.36°
Partial Harmonic Distortion: 0.004802%
Total Harmonic Distortion:   0.042168%


Total elapsed time: 4.191 seconds.

