Stray ".ends" card: .ends
LTspice 24.0.12 for Windows
Circuit: * C:\Users\Andrei\Desktop\TowThomasFilterandPGATransistorLevel\CAIF_Bota_Andrei\PGA\tb_AO_comp_RMCM_StepResponse.asc
Start Time: Sat May 16 12:11:05 2026
solver = Normal
Maximum thread count: 20
tnom = 27
temp = 27
method = trap
Direct Newton iteration failed to find .op point.  (Use ".option noopiter" to skip.)
Starting Gmin stepping
Gmin = 10
Gmin = 1.07374
Gmin = 0.115292
Gmin = 0.0123794
Gmin = 0.00132923
Gmin = 0.000142725
Gmin = 1.5325e-05
Gmin = 1.6455e-06
Gmin = 1.76685e-07
Gmin = 1.89714e-08
Gmin = 2.03704e-09
Gmin = 2.18725e-10
Gmin = 2.34854e-11
Gmin = 2.52173e-12
Gmin = 2.70769e-13
Gmin = 0
Gmin stepping succeeded in finding the operating point.

N-Period=1
Fourier components of V(vout)
DC component:1.18516

Harmonic	Frequency	 Fourier 	Normalized	 Phase  	Normalized
 Number 	  [Hz]   	Component	 Component	[degree]	Phase [deg]
    1   	 1.000e+4	 6.388e-2	 1.000e+0	   97.29°	    0.00°
    2   	 2.000e+4	 1.269e-1	 1.986e+0	  104.58°	    7.29°
    3   	 3.000e+4	 1.882e-1	 2.945e+0	  111.87°	   14.58°
    4   	 4.000e+4	 2.468e-1	 3.864e+0	  119.16°	   21.87°
    5   	 5.000e+4	 3.021e-1	 4.730e+0	  126.45°	   29.16°
    6   	 6.000e+4	 3.532e-1	 5.530e+0	  133.74°	   36.45°
    7   	 7.000e+4	 3.994e-1	 6.253e+0	  141.03°	   43.74°
    8   	 8.000e+4	 4.401e-1	 6.889e+0	  148.32°	   51.03°
    9   	 9.000e+4	 4.745e-1	 7.428e+0	  155.61°	   58.32°
Partial Harmonic Distortion: 1490.776492%
Total Harmonic Distortion:   2372.237022%


Total elapsed time: 0.076 seconds.

