Stray ".ends" card: .ends
LTspice 24.0.12 for Windows
Circuit: * C:\Users\Andrei\Desktop\TowThomasFilterandPGATransistorLevel\CAIF_Bota_Andrei\PGA\tb_AO_comp_RMCM_LoopGain.asc
Start Time: Sat May 16 12:08:37 2026
solver = Normal
Maximum thread count: 20
tnom = 27
temp = 27
method = trap
Direct Newton iteration failed to find .op point.  (Use ".option noopiter" to skip.)
Starting Gmin stepping
Gmin = 10
Gmin = 1.07374
Gmin = 0.115292
Gmin = 0.0123794
Gmin = 0.00132923
Gmin = 0.000142725
Gmin = 1.5325e-05
Gmin = 1.6455e-06
Gmin = 1.76685e-07
Gmin = 1.89714e-08
Gmin = 2.03704e-09
Gmin = 2.18725e-10
Gmin = 2.34854e-11
Gmin = 2.52173e-12
Gmin = 2.70769e-13
Gmin = 0
Gmin stepping succeeded in finding the operating point.

Semiconductor Device Operating Points:
                        --- BSIM3 MOSFETS ---
Name:     m:x2:in1    m:x2:in2   m:x2:biasin m:x2:biasout  m:x2:in7
Model:      nmos        nmos        nmos         nmos        nmos
Id:        1.51e-04    1.52e-04    3.03e-04     9.08e-04    5.00e-05
Vgs:       8.41e-01    8.41e-01    7.48e-01     7.48e-01    7.48e-01
Vds:       1.39e+00    1.37e+00    4.09e-01     1.25e+00    7.48e-01
Vbs:      -4.09e-01   -4.09e-01    0.00e+00     0.00e+00    0.00e+00
Vth:       5.66e-01    5.66e-01    4.53e-01     4.52e-01    4.56e-01
Vdsat:     2.22e-01    2.22e-01    2.22e-01     2.22e-01    2.20e-01
Gm:        1.07e-03    1.07e-03    2.08e-03     6.15e-03    3.47e-04
Gds:       9.42e-06    9.45e-06    4.46e-05     5.39e-05    3.68e-06
Gmb        2.53e-04    2.53e-04    5.66e-04     1.66e-03    9.41e-05
Cbd:       5.55e-15    5.55e-15    1.29e-14     3.19e-14    2.07e-15
Cbs:       6.52e-15    6.52e-15    1.41e-14     3.92e-14    2.39e-15
Cgsov:     5.72e-15    5.72e-15    1.15e-14     3.20e-14    1.82e-15
Cgdov:     5.72e-15    5.72e-15    1.15e-14     3.20e-14    1.82e-15
Cgbov:     4.23e-19    4.23e-19    4.23e-19     4.23e-19    4.23e-19
dQgdVgb:   3.32e-14    3.32e-14    6.74e-14     1.88e-13    1.07e-14
dQgdVdb:  -5.72e-15   -5.72e-15   -1.16e-14    -3.20e-14   -1.83e-15
dQgdVsb:  -2.63e-14   -2.63e-14   -5.31e-14    -1.48e-13   -8.43e-15
dQddVgb:  -1.45e-14   -1.45e-14   -2.93e-14    -8.14e-14   -4.64e-15
dQddVdb:   1.13e-14    1.13e-14    2.45e-14     6.39e-14    3.90e-15
dQddVsb:   1.10e-14    1.10e-14    2.31e-14     6.43e-14    3.67e-15
dQbdVgb:  -4.12e-15   -4.12e-15   -8.75e-15    -2.48e-14   -1.41e-15
dQbdVdb:  -5.55e-15   -5.55e-15   -1.30e-14    -3.19e-14   -2.08e-15
dQbdVsb:  -8.03e-15   -8.03e-15   -1.87e-14    -5.19e-14   -3.12e-15

Name:     m:x2:cm2    m:x2:cm1    m:x2:out
Model:      pmos        pmos        pmos
Id:       -1.52e-04   -1.51e-04   -9.08e-04
Vgs:      -7.04e-01   -7.04e-01   -7.23e-01
Vds:      -7.23e-01   -7.04e-01   -1.25e+00
Vbs:       0.00e+00    0.00e+00    0.00e+00
Vth:      -4.65e-01   -4.65e-01   -5.20e-01
Vdsat:    -2.08e-01   -2.08e-01   -1.93e-01
Gm:        1.18e-03    1.18e-03    8.07e-03
Gds:       1.08e-05    1.09e-05    1.73e-04
Gmb        3.82e-04    3.81e-04    2.48e-03
Cbd:       2.95e-14    2.96e-14    5.95e-14
Cbs:       3.69e-14    3.69e-14    8.25e-14
Cgsov:     2.45e-14    2.45e-14    5.48e-14
Cgdov:     2.45e-14    2.45e-14    5.48e-14
Cgbov:     4.01e-19    4.01e-19    1.31e-19
dQgdVgb:   1.46e-13    1.46e-13    1.82e-13
dQgdVdb:  -2.45e-14   -2.45e-14   -5.46e-14
dQgdVsb:  -1.18e-13   -1.18e-13   -1.25e-13
dQddVgb:  -6.31e-14   -6.31e-14   -8.30e-14
dQddVdb:   5.40e-14    5.41e-14    1.14e-13
dQddVsb:   5.12e-14    5.12e-14    3.71e-14
dQbdVgb:  -1.95e-14   -1.95e-14   -1.63e-14
dQbdVdb:  -2.95e-14   -2.96e-14   -5.95e-14
dQbdVsb:  -4.61e-14   -4.61e-14   -8.65e-14


Total elapsed time: 0.051 seconds.

