Stray ".ends" card: .ends
LTspice 24.0.12 for Windows
Circuit: * C:\Users\botaa\Desktop\TowThomasFilterandPGATransistorLevel\CAIF_Bota_Andrei\PGA\tb_AO_comp_RMCM_ClosedLoop.asc
Start Time: Mon May 25 15:51:27 2026
solver = Normal
Maximum thread count: 12
tnom = 27
temp = 27
method = trap
Direct Newton iteration failed to find .op point.  (Use ".option noopiter" to skip.)
Starting Gmin stepping
Gmin = 10
Gmin = 1.07374
Gmin = 0.115292
Gmin = 0.0123794
Gmin = 0.00132923
Gmin = 0.000142725
Gmin = 1.5325e-05
Gmin = 1.6455e-06
Gmin = 1.76685e-07
Gmin = 1.89714e-08
Gmin = 2.03704e-09
Gmin = 2.18725e-10
Gmin = 2.34854e-11
Gmin = 2.52173e-12
Gmin = 2.70769e-13
Gmin = 0
Gmin stepping succeeded in finding the operating point.

N-Period=1
Fourier components of V(vout)
DC component:1.24942

Harmonic	Frequency	 Fourier 	Normalized	 Phase  	Normalized
 Number 	  [Hz]   	Component	 Component	[degree]	Phase [deg]
    1   	 1.700e+5	 4.997e-1	 1.000e+0	   90.16°	    0.00°
    2   	 3.400e+5	 2.559e-4	 5.121e-4	    4.36°	  -85.79°
    3   	 5.100e+5	 1.087e-4	 2.175e-4	  -76.13°	 -166.28°
    4   	 6.800e+5	 3.137e-5	 6.279e-5	 -145.02°	 -235.18°
    5   	 8.500e+5	 1.357e-5	 2.717e-5	 -142.02°	 -232.18°
    6   	 1.020e+6	 1.321e-5	 2.643e-5	  158.04°	   67.89°
    7   	 1.190e+6	 5.416e-6	 1.084e-5	   72.09°	  -18.06°
    8   	 1.360e+6	 2.957e-7	 5.917e-7	 -169.50°	 -259.65°
    9   	 1.530e+6	 2.277e-6	 4.556e-6	   84.77°	   -5.38°
   10   	 1.700e+6	 1.108e-6	 2.217e-6	   -2.26°	  -92.42°
Partial Harmonic Distortion: 0.056134%
Total Harmonic Distortion:   0.070043%


Total elapsed time: 0.199 seconds.

