Stray ".ends" card: .ends
LTspice 24.0.12 for Windows
Circuit: * C:\Users\botaa\Documents\Proiecte-Personale\TowThomasFilterandPGATransistorLevel\CAIF_Bota_Andrei\PGA\ToateAmplificarile.asc
Start Time: Thu May 21 15:03:31 2026
solver = Normal
Maximum thread count: 12
tnom = 27
temp = 27
method = trap
Direct Newton iteration failed to find .op point.  (Use ".option noopiter" to skip.)
Starting Gmin stepping
Gmin = 10
Gmin = 1.07374
Gmin = 0.115292
Gmin = 0.0123794
Gmin = 0.00132923
Gmin = 0.000142725
Gmin = 1.5325e-05
vernier = 0.5
vernier = 0.25
vernier = 0.125
Gmin = 1.08501e-05
vernier = 0.166667
vernier = 0.222222
Gmin = 7.33646e-06
vernier = 0.296296
Gmin = 3.91661e-06
vernier = 0.395061
vernier = 0.526748
Gmin = 1.42977e-06
vernier = 0.702331
vernier = 0.936441
Gmin = 3.02841e-07
vernier = 1
Gmin = 3.46653e-08
vernier = 0.5
vernier = 0.25
vernier = 0.125
Gmin = 9.08731e-09
vernier = 0.0625
vernier = 0.03125
vernier = 0.015625
vernier = 0.0078125
vernier = 0.00390625
vernier = 0.00195312
vernier = 0.000976562
vernier = 0.000488281
Gmin = 0
Gmin stepping failed

Starting source stepping with srcstepmethod=0
Source Step = 3.0303%
Source Step = 24.4318%
Source Step = 26.3258%
Source Step = 26.3465%
Source Step = 26.3761%
Source Step = 26.4057%
Source Step = 26.4353%
Source Step = 26.4648%
vernier = 0.00146484
Source Step = 26.5018%
Source Step = 26.5462%
Source Step = 26.5906%
Source Step = 26.635%
Source Step = 26.6794%
vernier = 0.00219727
Source Step = 26.7327%
Source Step = 26.7992%
Source Step = 26.8658%
Source Step = 26.9324%
Source Step = 26.999%
vernier = 0.0032959
Source Step = 27.0756%
Source Step = 27.1754%
Source Step = 27.2753%
Source Step = 27.3752%
Source Step = 27.4751%
vernier = 0.00494385
Source Step = 27.5849%
Source Step = 27.7347%
Source Step = 27.8846%
Source Step = 28.0344%
Source Step = 28.1842%
vernier = 0.00741577
Source Step = 28.3415%
Source Step = 28.5662%
Source Step = 28.7909%
Source Step = 29.0157%
Source Step = 29.2404%
Source Step = 29.4651%
vernier = 0.0111237
Source Step = 29.8022%
Source Step = 30.1393%
Source Step = 30.4763%
Source Step = 30.8134%
Source Step = 31.1505%
vernier = 0.0166855
Source Step = 31.6393%
Source Step = 32.1449%
Source Step = 32.6505%
Source Step = 33.1561%
Source Step = 33.6617%
vernier = 0.0250282
Source Step = 34.3696%
Source Step = 35.128%
Source Step = 35.8865%
Source Step = 36.6449%
Source Step = 37.4033%
vernier = 0.0375423
Source Step = 38.4272%
Source Step = 39.5649%
Source Step = 40.7025%
Source Step = 41.8402%
Source Step = 42.9778%
vernier = 0.0563135
Source Step = 44.4567%
Source Step = 46.1632%
Source Step = 47.8697%
Source Step = 49.5762%
Source Step = 51.2826%
vernier = 0.0844703
Source Step = 53.4157%
Source Step = 55.9754%
Source Step = 58.5351%
Source Step = 61.0948%
Source Step = 63.6545%
vernier = 0.126705
Source Step = 66.7262%
Source Step = 70.5657%
Source Step = 74.4053%
Source Step = 78.2449%
Source Step = 82.0844%
vernier = 0.190058
Source Step = 86.4999%
Source Step = 92.2592%
Source Step = 95.1569%
Source Step = 95.2469%
Source Step = 95.3369%
Source Step = 95.4269%
Source Step = 95.5169%
Source Step = 95.6069%
Source Step = 95.6968%
Source Step = 95.7868%
Source Step = 95.8768%
Source Step = 95.9668%
Source Step = 96.0568%
Source Step = 96.1468%
Source Step = 96.2368%
Source Step = 96.3268%
Source Step = 96.4168%
Source Step = 96.5068%
Source Step = 96.5967%
Source Step = 96.6867%
Source Step = 96.7767%
Source Step = 96.8667%
Source Step = 96.9567%
Source Step = 97.0467%
Source Step = 97.1367%
Source Step = 97.2267%
Source Step = 97.3167%
Source Step = 97.4066%
Source Step = 97.4966%
Source Step = 97.5866%
Source Step = 97.6766%
Source Step = 97.7666%
Source Step = 97.8566%
Source Step = 97.9466%
Source Step = 98.0366%
Source Step = 98.1266%
Source Step = 98.2166%
Source Step = 98.3065%
Source Step = 98.3965%
Source Step = 98.4865%
Source Step = 98.5765%
Source Step = 98.6665%
Source Step = 98.7565%
Source Step = 98.8465%
Source Step = 98.9365%
Source Step = 99.0265%
Source Step = 99.1165%
Source Step = 99.2064%
Source Step = 99.2964%
Source Step = 99.3864%
Source Step = 99.4764%
Source Step = 99.5664%
Source Step = 99.6564%
Source Step = 99.7464%
Source Step = 99.8364%
Source Step = 99.9264%
Source Step = 100%
Source Step = 100%
Source Step = 100%
Source Step = 100%
Source Step = 100%
Source Step = 100%
Source Step = 100%
Source Step = 100%
Source Step = 100%
Source Step = 100%
Source Step = 100%
Source Step = 100%
Source Step = 100%
Source Step = 100%
Source Step = 100%
Source Step = 100%
Source Step = 100%
Source Step = 100%
Source Step = 100%
Source Step = 100%
Source Step = 100%
Source Step = 100%
Source Step = 100%
Source Step = 100%
Source Step = 100%
Source Step = 100%
Source Step = 100%
Source Step = 100%
Source Step = 100%
Source Step = 100%
Source Step = 100%
Source Step = 100%
Source Step = 100%
Source Step = 100%
Source Step = 100%
Source Step = 100%
Source Step = 100%
Source Step = 100%
Source Step = 100%
Source Step = 100%
Source Step = 100%
Source Step = 100%
Source Step = 100%
Source Step = 100%
Source Step = 100%
Source Step = 100%
Source Step = 100%
Source Step = 100%
Source Step = 100%
Source Step = 100%
Source Step = 100%
Source Step = 100%
Source Step = 100%
Source Step = 100%
Source Step = 100%
Source Step = 100%
Source Step = 100%
Source stepping aborted.
Starting source stepping with srcstepmethod=1
Source Step = 3.0303%
Source Step = 33.3333%
Source Step = 53.7879%
Source Step = 61.3636%
Source Step = 68.9394%
Source Step = 76.5152%
Source Step = 84.0909%
vernier = 0.375
Source Step = 92.4242%
Source Step = 99.2841%
vernier = 0.0234375
Source Step = 99.0355%
Source Step = 99.0799%
Source Step = 99.1243%
Source Step = 99.1687%
Source Step = 99.2131%
Source Step = 99.2575%
Source Step = 99.3018%
Source Step = 99.3462%
Source Step = 99.3906%
Source Step = 99.435%
Source Step = 99.4794%
Source Step = 99.5238%
Source Step = 99.5682%
Source Step = 99.6126%
Source Step = 99.657%
Source Step = 99.7013%
Source Step = 99.7457%
Source Step = 99.7901%
Source Step = 99.8345%
Source Step = 99.8789%
Source Step = 99.9233%
Source Step = 99.9677%
Source Step = 100%
Source Step = 100%
Source Step = 100%
Source Step = 100%
Source Step = 100%
Source Step = 100%
Source Step = 100%
Source Step = 100%
Source Step = 100%
Source Step = 100%
Source Step = 100%
Source Step = 100%
Source Step = 100%
Source Step = 100%
Source Step = 100%
Source Step = 100%
Source Step = 100%
Source Step = 100%
Source Step = 100%
Source Step = 100%
Source Step = 100%
Source Step = 100%
Source Step = 100%
Source Step = 100%
Source Step = 100%
Source Step = 100%
Source Step = 100%
Source Step = 100%
Source Step = 100%
Source Step = 100%
Source Step = 100%
Source Step = 100%
Source Step = 100%
Source Step = 100%
Source Step = 100%
Source Step = 100%
Source Step = 100%
Source Step = 100%
Source Step = 100%
Source Step = 100%
Source Step = 100%
Source Step = 100%
Source Step = 100%
Source Step = 100%
Source Step = 100%
Source Step = 100%
Source stepping aborted.
Pseudo Transient succeeded in finding the operating point at 327.686 ms.
N-Period=1
Fourier components of V(out)
DC component:1.24928

Harmonic	Frequency	 Fourier 	Normalized	 Phase  	Normalized
 Number 	  [Hz]   	Component	 Component	[degree]	Phase [deg]
    1   	 1.700e+4	 1.013e-1	 1.000e+0	  -89.97°	    0.00°
    2   	 3.400e+4	 1.566e-6	 1.545e-5	 -178.69°	  -88.73°
    3   	 5.100e+4	 1.731e-6	 1.708e-5	   91.43°	  181.40°
    4   	 6.800e+4	 2.374e-7	 2.343e-6	 -178.52°	  -88.55°
    5   	 8.500e+4	 4.840e-7	 4.776e-6	   92.05°	  182.02°
    6   	 1.020e+5	 1.253e-7	 1.236e-6	 -175.85°	  -85.88°
    7   	 1.190e+5	 2.942e-7	 2.904e-6	  -87.18°	    2.78°
    8   	 1.360e+5	 6.782e-7	 6.692e-6	 -176.33°	  -86.36°
    9   	 1.530e+5	 2.940e-8	 2.901e-7	   99.70°	  189.67°
   10   	 1.700e+5	 4.085e-7	 4.031e-6	 -176.00°	  -86.03°
Partial Harmonic Distortion: 0.002510%
Total Harmonic Distortion:   0.000000%


Total elapsed time: 9.531 seconds.

