LTspice 24.0.12 for Windows
Circuit: * C:\Users\botaa\Desktop\TowThomasFilterandPGATransistorLevel\CAIF_Bota_Andrei\Filtru\Kwan_Martin\tb_GM_KwanMartin.asc
Start Time: Mon May 25 15:24:58 2026
solver = Normal
Maximum thread count: 12
tnom = 27
temp = 27
method = trap
Direct Newton iteration failed to find .op point.  (Use ".option noopiter" to skip.)
Starting Gmin stepping
Gmin = 10
Gmin = 1.07374
Gmin = 0.115292
Gmin = 0.0123794
Gmin = 0.00132923
Gmin = 0.000142725
Gmin = 1.5325e-05
Gmin = 1.6455e-06
Gmin = 1.76685e-07
Gmin = 1.89714e-08
Gmin = 2.03704e-09
Gmin = 2.18725e-10
Gmin = 2.34854e-11
Gmin = 2.52173e-12
Gmin = 2.70769e-13
Gmin = 0
Gmin stepping succeeded in finding the operating point.

N-Period=1
Fourier components of I(v1)
DC component:-6.1045e-08

Harmonic	Frequency	 Fourier 	Normalized	 Phase  	Normalized
 Number 	  [Hz]   	Component	 Component	[degree]	Phase [deg]
    1   	 1.700e+5	 3.985e-5	 1.000e+0	   90.08°	    0.00°
    2   	 3.400e+5	 1.706e-8	 4.281e-4	    7.84°	  -82.24°
    3   	 5.100e+5	 1.906e-8	 4.783e-4	  -85.42°	 -175.50°
    4   	 6.800e+5	 3.247e-10	 8.148e-6	 -136.17°	 -226.25°
    5   	 8.500e+5	 3.529e-9	 8.854e-5	   89.91°	   -0.16°
    6   	 1.020e+6	 3.239e-10	 8.126e-6	  164.96°	   74.88°
    7   	 1.190e+6	 6.103e-10	 1.531e-5	  -96.01°	 -186.09°
    8   	 1.360e+6	 3.285e-10	 8.243e-6	  -15.23°	 -105.31°
    9   	 1.530e+6	 2.675e-10	 6.712e-6	   70.41°	  -19.67°
   10   	 1.700e+6	 3.084e-10	 7.739e-6	  160.32°	   70.25°
Partial Harmonic Distortion: 0.064837%
Total Harmonic Distortion:   0.077076%




Total elapsed time: 0.393 seconds.

