Stray ".ends" card: .ends
Circuit: * F:\Teaching_Work\Materii\Cursuri\CAIF_2020\de_trimis\11_ProiectareAO\3_Aplicatii_AOTelescopic\LTSpice\AO_SmallCL\tb_AO_Telescopic_LoopGain.asc

Direct Newton iteration failed to find .op point.  (Use ".option noopiter" to skip.)
Starting Gmin stepping
Gmin = 10
Gmin = 1.07374
Gmin = 0.115292
Gmin = 0.0123794
Gmin = 0.00132923
Gmin = 0.000142725
Gmin = 1.5325e-05
vernier = 0.5
vernier = 0.25
vernier = 0.125
vernier = 0.0625
Gmin = 5.02168e-06
vernier = 0.03125
vernier = 0.015625
vernier = 0.0078125
vernier = 0.00390625
vernier = 0.00195313
vernier = 0.000976563
vernier = 0.000488281
Gmin = 0
Gmin stepping failed

Starting source stepping with srcstepmethod=0
Source Step = 3.0303%
Source Step = 33.3333%
Source Step = 63.6364%
Source Step = 93.9394%
Source stepping succeeded in finding the operating point.

Semiconductor Device Operating Points:
                        --- BSIM3 MOSFETS ---
Name:    m:x2:bcascn2 m:x2:bcascn1 m:x2:bbiasn m:x2:biasout  m:x2:in1
Model:       nmos         nmos        nmos         nmos        nmos
Id:         5.00e-5      5.00e-5      5.00e-5     8.86e-4      5.25e-5
Vgs:        1.05e+0      2.81e+0      7.48e-1     7.48e-1      9.59e-1
Vds:        1.05e+0      7.08e-3      7.41e-1     2.50e+0      9.78e-1
Vbs:       -2.50e+0     -7.41e-1      0.00e+0     0.00e+0     -1.54e+0
Vth:        9.36e-1      6.52e-1      4.56e-1     4.55e-1      8.06e-1
Vdsat:      1.23e-1      8.84e-1      2.20e-1     2.20e-1      1.46e-1
Gm:         7.68e-4      5.80e-6      3.47e-4     5.93e-3      6.91e-4
Gds:        2.77e-5      7.03e-3      3.70e-6     4.63e-5      5.42e-6
Gmb         1.09e-4      3.12e-6      9.41e-5     1.60e-3      1.25e-4
Cbd:          NaN          NaN         NaN          NaN         NaN
Cbs:          NaN          NaN         NaN          NaN         NaN
Cgsov:        NaN          NaN         NaN          NaN         NaN
Cgdov:        NaN          NaN         NaN          NaN         NaN
Cgbov:        NaN          NaN         NaN          NaN         NaN
dQgdVgb:      NaN          NaN         NaN          NaN         NaN
dQgdVdb:      NaN          NaN         NaN          NaN         NaN
dQgdVsb:      NaN          NaN         NaN          NaN         NaN
dQddVgb:      NaN          NaN         NaN          NaN         NaN
dQddVdb:      NaN          NaN         NaN          NaN         NaN
dQddVsb:      NaN          NaN         NaN          NaN         NaN
dQbdVgb:      NaN          NaN         NaN          NaN         NaN
dQbdVdb:      NaN          NaN         NaN          NaN         NaN
dQbdVsb:      NaN          NaN         NaN          NaN         NaN

Name:     m:x2:cn1    m:x2:out   m:x2:biasin  m:x2:in2    m:x2:cn2
Model:      nmos        nmos        nmos        nmos        nmos
Id:         5.25e-5     8.86e-4     1.05e-4     5.26e-5     5.26e-5
Vgs:        1.03e+0     5.96e-1     7.48e-1     9.60e-1     1.06e+0
Vds:        1.78e+0     2.50e+0     1.54e+0     9.42e-1     6.13e-1
Vbs:       -2.52e+0     0.00e+0     0.00e+0    -1.54e+0    -2.48e+0
Vth:        9.26e-1     4.75e-1     4.56e-1     8.06e-1     9.40e-1
Vdsat:      1.16e-1     9.66e-2     2.20e-1     1.46e-1     1.33e-1
Gm:         8.28e-4     1.30e-2     7.18e-4     6.91e-4     7.66e-4
Gds:        2.70e-5     2.06e-4     6.00e-6     5.46e-6     3.07e-5
Gmb         1.14e-4     2.75e-3     1.94e-4     1.25e-4     1.11e-4
Cbd:         NaN         NaN         NaN         NaN         NaN
Cbs:         NaN         NaN         NaN         NaN         NaN
Cgsov:       NaN         NaN         NaN         NaN         NaN
Cgdov:       NaN         NaN         NaN         NaN         NaN
Cgbov:       NaN         NaN         NaN         NaN         NaN
dQgdVgb:     NaN         NaN         NaN         NaN         NaN
dQgdVdb:     NaN         NaN         NaN         NaN         NaN
dQgdVsb:     NaN         NaN         NaN         NaN         NaN
dQddVgb:     NaN         NaN         NaN         NaN         NaN
dQddVdb:     NaN         NaN         NaN         NaN         NaN
dQddVsb:     NaN         NaN         NaN         NaN         NaN
dQbdVgb:     NaN         NaN         NaN         NaN         NaN
dQbdVdb:     NaN         NaN         NaN         NaN         NaN
dQbdVsb:     NaN         NaN         NaN         NaN         NaN

Name:    m:x2:bcascp2 m:x2:bcascp1 m:x2:bbiasp  m:x2:cp1    m:x2:cm1
Model:       pmos         pmos        pmos        pmos        pmos
Id:        -5.00e-5     -5.00e-5     -5.00e-5    -5.25e-5    -5.25e-5
Vgs:       -7.28e-1     -7.34e-1     -7.13e-1    -7.37e-1    -7.03e-1
Vds:       -7.28e-1     -3.19e-1     -3.94e-1    -3.12e-1    -3.91e-1
Vbs:        4.00e-1      3.94e-1      0.00e+0     3.91e-1     0.00e+0
Vth:       -6.38e-1     -6.39e-1     -4.64e-1    -6.38e-1    -4.65e-1
Vdsat:     -1.17e-1     -1.20e-1     -2.12e-1    -1.23e-1    -2.06e-1
Gm:         7.71e-4      7.54e-4      3.73e-4     7.79e-4     4.08e-4
Gds:        1.37e-5      1.55e-5      4.82e-6     1.63e-5     5.01e-6
Gmb         2.07e-4      2.04e-4      1.20e-4     2.11e-4     1.31e-4
Cbd:          NaN          NaN         NaN         NaN         NaN
Cbs:          NaN          NaN         NaN         NaN         NaN
Cgsov:        NaN          NaN         NaN         NaN         NaN
Cgdov:        NaN          NaN         NaN         NaN         NaN
Cgbov:        NaN          NaN         NaN         NaN         NaN
dQgdVgb:      NaN          NaN         NaN         NaN         NaN
dQgdVdb:      NaN          NaN         NaN         NaN         NaN
dQgdVsb:      NaN          NaN         NaN         NaN         NaN
dQddVgb:      NaN          NaN         NaN         NaN         NaN
dQddVdb:      NaN          NaN         NaN         NaN         NaN
dQddVsb:      NaN          NaN         NaN         NaN         NaN
dQbdVgb:      NaN          NaN         NaN         NaN         NaN
dQbdVdb:      NaN          NaN         NaN         NaN         NaN
dQbdVsb:      NaN          NaN         NaN         NaN         NaN

Name:     m:x2:cp2    m:x2:cm2
Model:      pmos        pmos
Id:        -5.26e-5    -5.26e-5
Vgs:       -7.20e-1    -7.03e-1
Vds:       -1.50e+0    -4.08e-1
Vbs:        4.08e-1     0.00e+0
Vth:       -6.35e-1    -4.65e-1
Vdsat:     -1.13e-1    -2.06e-1
Gm:         8.26e-4     4.09e-4
Gds:        1.34e-5     4.79e-6
Gmb         2.19e-4     1.32e-4
Cbd:         NaN         NaN
Cbs:         NaN         NaN
Cgsov:       NaN         NaN
Cgdov:       NaN         NaN
Cgbov:       NaN         NaN
dQgdVgb:     NaN         NaN
dQgdVdb:     NaN         NaN
dQgdVsb:     NaN         NaN
dQddVgb:     NaN         NaN
dQddVdb:     NaN         NaN
dQddVsb:     NaN         NaN
dQbdVgb:     NaN         NaN
dQbdVdb:     NaN         NaN
dQbdVsb:     NaN         NaN



Date: Sat May 16 11:26:18 2020
Total elapsed time: 0.191 seconds.

tnom = 27
temp = 27
method = trap
totiter = 2142
traniter = 0
tranpoints = 0
accept = 0
rejected = 0
matrix size = 24
fillins = 15
solver = Normal
Matrix Compiler1:     174 opcodes
Matrix Compiler2: off  [0.3]/0.4/0.8

