Stray ".ends" card: .ends
Circuit: * F:\Teaching_Work\Materii\Cursuri\CAIF_2020\de_trimis\11_ProiectareAO\3_Aplicatii_AOTelescopic\LTSpice\AO_SmallCL\tb_AO_Telescopic_ClosedLoop.asc

Direct Newton iteration failed to find .op point.  (Use ".option noopiter" to skip.)
Starting Gmin stepping
Gmin = 10
Gmin = 1.07374
Gmin = 0.115292
Gmin = 0.0123794
Gmin = 0.00132923
Gmin = 0.000142725
vernier = 0.5
vernier = 0.25
Gmin = 2.99316e-05
vernier = 0.333333
Gmin = 1.48141e-05
vernier = 0.444444
vernier = 0.592592
Gmin = 4.80146e-06
vernier = 0.790123
vernier = 1
Gmin = 8.60498e-07
Gmin = 9.23953e-08
Gmin = 9.92087e-09
Gmin = 1.06525e-09
Gmin = 1.1438e-10
Gmin = 1.22814e-11
Gmin = 1.31871e-12
Gmin = 1.41595e-13
Gmin = 0
Gmin stepping succeeded in finding the operating point.


Date: Sat May 16 11:00:12 2020
Total elapsed time: 0.197 seconds.

tnom = 27
temp = 27
method = trap
totiter = 1801
traniter = 0
tranpoints = 0
accept = 0
rejected = 0
matrix size = 22
fillins = 10
solver = Normal
Matrix Compiler1:     161 opcodes  0.8/0.8/[0.4]
Matrix Compiler2: 2.73 KB object code size  0.6/1.2/[0.3]

