Stray ".ends" card: .ends
Circuit: * F:\Teaching_Work\Materii\Cursuri\CAIF_2020\de_trimis\11_ProiectareAO\3_Aplicatii_AOTelescopic\LTSpice\AO_SmallCL\tb_AO_Telescopic_THD.asc

Direct Newton iteration failed to find .op point.  (Use ".option noopiter" to skip.)
Starting Gmin stepping
Gmin = 10
Gmin = 1.07374
Gmin = 0.115292
Gmin = 0.0123794
Gmin = 0.00132923
Gmin = 0.000142725
Gmin = 1.5325e-05
vernier = 0.5
vernier = 0.25
vernier = 0.125
vernier = 0.0625
Gmin = 5.02168e-06
vernier = 0.03125
vernier = 0.015625
vernier = 0.0078125
vernier = 0.00390625
vernier = 0.00195313
vernier = 0.000976563
vernier = 0.000488281
Gmin = 0
Gmin stepping failed

Starting source stepping with srcstepmethod=0
Source Step = 3.0303%
Source Step = 33.3333%
Source Step = 63.6364%
Source Step = 93.9394%
Source stepping succeeded in finding the operating point.

N-Period=1
Fourier components of V(out)
DC component:2.50106

Harmonic	Frequency	 Fourier 	Normalized	 Phase  	Normalized
 Number 	  [Hz]   	Component	 Component	[degree]	Phase [deg]
    1   	 2.000e+5	 9.938e-1	 1.000e+0	   -0.12°	    0.00°
    2   	 4.000e+5	 9.115e-4	 9.172e-4	  -91.54°	  -91.43°
    3   	 6.000e+5	 1.963e-4	 1.975e-4	    9.14°	    9.26°
    4   	 8.000e+5	 2.576e-4	 2.593e-4	   85.23°	   85.35°
    5   	 1.000e+6	 1.277e-4	 1.285e-4	   -9.12°	   -9.00°
    6   	 1.200e+6	 2.253e-5	 2.267e-5	 -137.95°	 -137.83°
    7   	 1.400e+6	 7.973e-5	 8.023e-5	  171.73°	  171.85°
    8   	 1.600e+6	 2.805e-5	 2.822e-5	   70.35°	   70.47°
    9   	 1.800e+6	 8.056e-6	 8.107e-6	  -67.96°	  -67.84°
   10   	 2.000e+6	 1.884e-5	 1.896e-5	 -100.79°	 -100.67°
Total Harmonic Distortion: 0.098602%(0.114488%)



Date: Sat May 16 11:26:24 2020
Total elapsed time: 0.367 seconds.

tnom = 27
temp = 27
method = modified trap
totiter = 4230
traniter = 2337
tranpoints = 1019
accept = 1019
rejected = 0
matrix size = 22
fillins = 16
solver = Normal
Matrix Compiler1: 3.33 KB object code size  0.7/0.4/[0.2]
Matrix Compiler2: 2.83 KB object code size  0.8/0.5/[0.5]

