Stray ".ends" card: .ends
Circuit: * F:\Teaching_Work\Materii\Cursuri\CAIF_2020\proiect\11_ProiectareAO\1_AOMiller\LTSpice\AO_Miller_CL_12p_PMOS\tb_AO_comp_RMCM_ClosedLoop.asc

Direct Newton iteration failed to find .op point.  (Use ".option noopiter" to skip.)
Starting Gmin stepping
Gmin = 10
Gmin = 1.07374
Gmin = 0.115292
Gmin = 0.0123794
Gmin = 0.00132923
Gmin = 0.000142725
Gmin = 1.5325e-05
Gmin = 1.6455e-06
Gmin = 1.76685e-07
Gmin = 1.89714e-08
Gmin = 2.03704e-09
Gmin = 2.18725e-10
Gmin = 2.34854e-11
Gmin = 2.52173e-12
Gmin = 2.70769e-13
Gmin = 0
Gmin stepping succeeded in finding the operating point.

Semiconductor Device Operating Points:
                        --- BSIM3 MOSFETS ---
Name:     m:x2:out    m:x2:cm1    m:x2:cm2   m:x2:diode  m:x2:biasout
Model:      nmos        nmos        nmos        pmos         pmos
Id:         1.08e-3     1.81e-4     1.81e-4    -5.00e-5    -1.08e-3
Vgs:        6.80e-1     6.53e-1     6.53e-1    -7.09e-1    -7.09e-1
Vds:        2.50e+0     6.53e-1     6.80e-1    -7.09e-1    -2.50e+0
Vbs:        0.00e+0     0.00e+0     0.00e+0     0.00e+0     0.00e+0
Vth:        4.76e-1     4.53e-1     4.53e-1    -4.64e-1    -4.65e-1
Vdsat:      1.50e-1     1.53e-1     1.53e-1    -2.10e-1    -2.14e-1
Gm:         9.82e-3     2.04e-3     2.05e-3     3.79e-4     8.14e-3
Gds:        1.95e-4     1.72e-5     1.70e-5     3.59e-6     6.63e-5
Gmb         2.03e-3     5.51e-4     5.52e-4     1.22e-4     2.68e-3
Cbd:         NaN         NaN         NaN         NaN          NaN
Cbs:         NaN         NaN         NaN         NaN          NaN
Cgsov:       NaN         NaN         NaN         NaN          NaN
Cgdov:       NaN         NaN         NaN         NaN          NaN
Cgbov:       NaN         NaN         NaN         NaN          NaN
dQgdVgb:     NaN         NaN         NaN         NaN          NaN
dQgdVdb:     NaN         NaN         NaN         NaN          NaN
dQgdVsb:     NaN         NaN         NaN         NaN          NaN
dQddVgb:     NaN         NaN         NaN         NaN          NaN
dQddVdb:     NaN         NaN         NaN         NaN          NaN
dQddVsb:     NaN         NaN         NaN         NaN          NaN
dQbdVgb:     NaN         NaN         NaN         NaN          NaN
dQbdVdb:     NaN         NaN         NaN         NaN          NaN
dQbdVsb:     NaN         NaN         NaN         NaN          NaN

Name:     m:x2:in2    m:x2:in1   m:x2:biasin
Model:      pmos        pmos        pmos
Id:        -1.81e-4    -1.81e-4    -3.62e-4
Vgs:       -9.81e-1    -9.80e-1    -7.09e-1
Vds:       -2.80e+0    -2.83e+0    -1.52e+0
Vbs:        1.52e+0     1.52e+0     0.00e+0
Vth:       -8.56e-1    -8.56e-1    -4.65e-1
Vdsat:     -1.47e-1    -1.46e-1    -2.14e-1
Gm:         2.32e-3     2.32e-3     2.74e-3
Gds:        8.84e-6     8.81e-6     2.37e-5
Gmb         5.16e-4     5.15e-4     8.95e-4
Cbd:         NaN         NaN         NaN
Cbs:         NaN         NaN         NaN
Cgsov:       NaN         NaN         NaN
Cgdov:       NaN         NaN         NaN
Cgbov:       NaN         NaN         NaN
dQgdVgb:     NaN         NaN         NaN
dQgdVdb:     NaN         NaN         NaN
dQgdVsb:     NaN         NaN         NaN
dQddVgb:     NaN         NaN         NaN
dQddVdb:     NaN         NaN         NaN
dQddVsb:     NaN         NaN         NaN
dQbdVgb:     NaN         NaN         NaN
dQbdVdb:     NaN         NaN         NaN
dQbdVsb:     NaN         NaN         NaN


Note: .fourier statements are only valid with a .tran command.
      No Fourier analysis performed.


Date: Mon May 11 18:03:38 2020
Total elapsed time: 0.359 seconds.

tnom = 27
temp = 27
method = trap
totiter = 407
traniter = 0
tranpoints = 0
accept = 0
rejected = 0
matrix size = 12
fillins = 0
solver = Normal
Matrix Compiler1:      53 opcodes
Matrix Compiler2: off  [0.3]/0.4/0.6

