Stray ".ends" card: .ends
Circuit: * F:\Teaching_Work\Materii\Cursuri\CAIF_2020\proiect\11_ProiectareAO\2_Aplicatii_AOCascPliata\LTSpice\AO_CascodaPliata_Compensare_RC\tb_AO_CascPliata_RC_THD.asc

Direct Newton iteration failed to find .op point.  (Use ".option noopiter" to skip.)
Starting Gmin stepping
Gmin = 10
Gmin = 1.07374
Gmin = 0.115292
Gmin = 0.0123794
Gmin = 0.00132923
Gmin = 0.000142725
vernier = 0.5
Gmin = 2.39452e-05
vernier = 0.25
vernier = 0.333333
Gmin = 1.33936e-05
vernier = 0.444444
Gmin = 5.16779e-06
vernier = 0.592592
vernier = 0.790123
Gmin = 1.09691e-06
vernier = 1
Gmin = 1.28327e-07
Gmin = 1.3779e-08
Gmin = 1.47951e-09
Gmin = 1.58861e-10
Gmin = 1.70576e-11
Gmin = 1.83154e-12
Gmin = 1.9666e-13
Gmin = 0
Gmin stepping succeeded in finding the operating point.

N-Period=1
Fourier components of V(out)
DC component:2.50001

Harmonic	Frequency	 Fourier 	Normalized	 Phase  	Normalized
 Number 	  [Hz]   	Component	 Component	[degree]	Phase [deg]
    1   	 2.000e+5	 9.952e-1	 1.000e+0	   -0.10°	    0.00°
    2   	 4.000e+5	 2.555e-5	 2.567e-5	 -103.88°	 -103.78°
    3   	 6.000e+5	 1.914e-4	 1.923e-4	  176.79°	  176.88°
    4   	 8.000e+5	 1.991e-5	 2.001e-5	   97.05°	   97.15°
    5   	 1.000e+6	 1.823e-4	 1.832e-4	   -5.55°	   -5.45°
    6   	 1.200e+6	 2.306e-5	 2.317e-5	  -77.54°	  -77.44°
    7   	 1.400e+6	 1.649e-4	 1.657e-4	  173.40°	  173.50°
    8   	 1.600e+6	 1.841e-5	 1.850e-5	  100.47°	  100.57°
    9   	 1.800e+6	 1.495e-4	 1.503e-4	   -9.81°	   -9.71°
   10   	 2.000e+6	 2.028e-5	 2.038e-5	  -71.84°	  -71.74°
Total Harmonic Distortion: 0.035063%(0.068456%)



Date: Sat May  9 14:20:55 2020
Total elapsed time: 0.352 seconds.

tnom = 27
temp = 27
method = modified trap
totiter = 2957
traniter = 2249
tranpoints = 1083
accept = 1053
rejected = 30
matrix size = 23
fillins = 16
solver = Normal
Matrix Compiler1: 3.73 KB object code size  0.9/0.6/[0.4]
Matrix Compiler2: off  [0.6]/0.7/0.6

