Stray ".ends" card: .ends
Circuit: * F:\Teaching_Work\Materii\Cursuri\CAIF_2020\proiect\11_ProiectareAO\2_Aplicatii_AOCascPliata\LTSpice\AO_CascodaPliata_Compensare_RC\tb_AO_CascPliata_RC_StepResponse.asc

Direct Newton iteration failed to find .op point.  (Use ".option noopiter" to skip.)
Starting Gmin stepping
Gmin = 10
Gmin = 1.07374
Gmin = 0.115292
Gmin = 0.0123794
Gmin = 0.00132923
Gmin = 0.000142725
vernier = 0.5
Gmin = 2.39452e-05
vernier = 0.25
vernier = 0.333333
Gmin = 1.33936e-05
vernier = 0.444444
Gmin = 5.16779e-06
vernier = 0.592592
vernier = 0.790123
Gmin = 1.09691e-06
vernier = 1
Gmin = 1.28327e-07
Gmin = 1.3779e-08
Gmin = 1.47951e-09
Gmin = 1.58861e-10
Gmin = 1.70576e-11
Gmin = 1.83154e-12
Gmin = 1.9666e-13
Gmin = 0
Gmin stepping succeeded in finding the operating point.


Date: Sat May  9 14:19:43 2020
Total elapsed time: 0.376 seconds.

tnom = 27
temp = 27
method = modified trap
totiter = 3354
traniter = 2644
tranpoints = 1263
accept = 1200
rejected = 63
matrix size = 25
fillins = 18
solver = Normal
Matrix Compiler1: 3.97 KB object code size  1.3/1.1/[0.5]
Matrix Compiler2: 3.21 KB object code size  0.6/0.7/[0.4]

