Circuit: * F:\Teaching_Work\Materii\Cursuri\CAIF_2020\proiect\11_ProiectareAO\2_Aplicatii_AOCascPliata\LTSpice\AO_CascodaPliata_Compensare_RC\tb_AO_CascPliata_RC_LoopGain.asc

Direct Newton iteration failed to find .op point.  (Use ".option noopiter" to skip.)
Starting Gmin stepping
Gmin = 10
Gmin = 1.07374
Gmin = 0.115292
Gmin = 0.0123794
Gmin = 0.00132923
Gmin = 0.000142725
vernier = 0.5
Gmin = 2.39452e-05
vernier = 0.25
vernier = 0.333333
Gmin = 1.33936e-05
vernier = 0.444444
Gmin = 5.16779e-06
vernier = 0.592592
vernier = 0.790123
Gmin = 1.09691e-06
vernier = 1
Gmin = 1.28327e-07
Gmin = 1.3779e-08
Gmin = 1.47951e-09
Gmin = 1.58861e-10
Gmin = 1.70576e-11
Gmin = 1.83154e-12
Gmin = 1.9666e-13
Gmin = 0
Gmin stepping succeeded in finding the operating point.

Semiconductor Device Operating Points:
                        --- BSIM3 MOSFETS ---
Name:    m:x2:bcascn1 m:x2:bcascn2 m:x2:bbiasn  m:x2:in1    m:x2:cm1
Model:       nmos         nmos        nmos        nmos        nmos
Id:         5.00e-5      5.00e-5      5.00e-5     2.44e-4     3.40e-4
Vgs:        7.08e-1      7.16e-1      7.53e-1     9.98e-1     7.35e-1
Vds:        7.08e-1      3.61e-1      3.92e-1     3.06e+0     3.94e-1
Vbs:       -4.00e-1     -3.92e-1      0.00e+0    -1.50e+0     0.00e+0
Vth:        5.77e-1      5.77e-1      4.56e-1     7.97e-1     4.66e-1
Vdsat:      1.13e-1      1.18e-1      2.24e-1     1.84e-1     2.02e-1
Gm:         7.39e-4      7.22e-4      3.38e-4     2.29e-3     2.61e-3
Gds:        1.89e-5      2.32e-5      8.07e-6     1.71e-5     6.01e-5
Gmb         1.48e-4      1.47e-4      9.20e-5     4.18e-4     6.86e-4
Cbd:          NaN          NaN         NaN         NaN         NaN
Cbs:          NaN          NaN         NaN         NaN         NaN
Cgsov:        NaN          NaN         NaN         NaN         NaN
Cgdov:        NaN          NaN         NaN         NaN         NaN
Cgbov:        NaN          NaN         NaN         NaN         NaN
dQgdVgb:      NaN          NaN         NaN         NaN         NaN
dQgdVdb:      NaN          NaN         NaN         NaN         NaN
dQgdVsb:      NaN          NaN         NaN         NaN         NaN
dQddVgb:      NaN          NaN         NaN         NaN         NaN
dQddVdb:      NaN          NaN         NaN         NaN         NaN
dQddVsb:      NaN          NaN         NaN         NaN         NaN
dQbdVgb:      NaN          NaN         NaN         NaN         NaN
dQbdVdb:      NaN          NaN         NaN         NaN         NaN
dQbdVsb:      NaN          NaN         NaN         NaN         NaN

Name:     m:x2:cn1    m:x2:out   m:x2:biasnin  m:x2:in2    m:x2:cm2
Model:      nmos        nmos         nmos        nmos        nmos
Id:         3.40e-4     1.48e-3     4.88e-4      2.44e-4     3.40e-4
Vgs:        7.14e-1     7.38e-1     7.53e-1      9.98e-1     7.35e-1
Vds:        3.41e-1     2.50e+0     1.50e+0      3.06e+0     3.94e-1
Vbs:       -3.94e-1     0.00e+0     0.00e+0     -1.50e+0     0.00e+0
Vth:        5.74e-1     4.76e-1     4.53e-1      7.97e-1     4.66e-1
Vdsat:      1.19e-1     1.85e-1     2.26e-1      1.84e-1     2.02e-1
Gm:         4.90e-3     9.65e-3     3.23e-3      2.29e-3     2.61e-3
Gds:        1.63e-4     2.26e-4     2.75e-5      1.71e-5     6.01e-5
Gmb         9.98e-4     1.99e-3     8.72e-4      4.18e-4     6.86e-4
Cbd:         NaN         NaN          NaN         NaN         NaN
Cbs:         NaN         NaN          NaN         NaN         NaN
Cgsov:       NaN         NaN          NaN         NaN         NaN
Cgdov:       NaN         NaN          NaN         NaN         NaN
Cgbov:       NaN         NaN          NaN         NaN         NaN
dQgdVgb:     NaN         NaN          NaN         NaN         NaN
dQgdVdb:     NaN         NaN          NaN         NaN         NaN
dQgdVsb:     NaN         NaN          NaN         NaN         NaN
dQddVgb:     NaN         NaN          NaN         NaN         NaN
dQddVdb:     NaN         NaN          NaN         NaN         NaN
dQddVsb:     NaN         NaN          NaN         NaN         NaN
dQbdVgb:     NaN         NaN          NaN         NaN         NaN
dQbdVdb:     NaN         NaN          NaN         NaN         NaN
dQbdVsb:     NaN         NaN          NaN         NaN         NaN

Name:     m:x2:cn2   m:x2:bcascp1 m:x2:bcascp2 m:x2:bbiasp  m:x2:cp1
Model:      nmos         pmos         pmos        pmos        pmos
Id:         3.40e-4    -5.00e-5     -5.00e-5     -5.00e-5    -3.40e-4
Vgs:        7.14e-1    -7.28e-1     -7.34e-1     -7.13e-1    -6.90e-1
Vds:        3.44e-1    -7.28e-1     -3.19e-1     -3.94e-1    -3.83e+0
Vbs:       -3.94e-1     4.00e-1      3.94e-1      0.00e+0     4.38e-1
Vth:        5.74e-1    -6.38e-1     -6.39e-1     -4.64e-1    -6.29e-1
Vdsat:      1.19e-1    -1.17e-1     -1.20e-1     -2.12e-1    -9.90e-2
Gm:         4.90e-3     7.71e-4      7.54e-4      3.73e-4     5.90e-3
Gds:        1.62e-4     1.37e-5      1.55e-5      4.82e-6     7.84e-5
Gmb         9.98e-4     2.07e-4      2.04e-4      1.20e-4     1.49e-3
Cbd:         NaN          NaN          NaN         NaN         NaN
Cbs:         NaN          NaN          NaN         NaN         NaN
Cgsov:       NaN          NaN          NaN         NaN         NaN
Cgdov:       NaN          NaN          NaN         NaN         NaN
Cgbov:       NaN          NaN          NaN         NaN         NaN
dQgdVgb:     NaN          NaN          NaN         NaN         NaN
dQgdVdb:     NaN          NaN          NaN         NaN         NaN
dQgdVsb:     NaN          NaN          NaN         NaN         NaN
dQddVgb:     NaN          NaN          NaN         NaN         NaN
dQddVdb:     NaN          NaN          NaN         NaN         NaN
dQddVsb:     NaN          NaN          NaN         NaN         NaN
dQbdVgb:     NaN          NaN          NaN         NaN         NaN
dQbdVdb:     NaN          NaN          NaN         NaN         NaN
dQbdVsb:     NaN          NaN          NaN         NaN         NaN

Name:    m:x2:biaspin1  m:x2:cp2   m:x2:biasout m:x2:biaspin2
Model:       pmos         pmos         pmos         pmos
Id:         -5.84e-4     -3.40e-4    -1.48e-3      -5.84e-4
Vgs:        -7.13e-1     -6.90e-1    -7.13e-1      -7.13e-1
Vds:        -4.38e-1     -3.82e+0    -2.50e+0      -4.38e-1
Vbs:         0.00e+0      4.38e-1     0.00e+0       0.00e+0
Vth:        -4.65e-1     -6.29e-1    -4.65e-1      -4.65e-1
Vdsat:      -2.16e-1     -9.90e-2    -2.17e-1      -2.16e-1
Gm:          4.37e-3      5.90e-3     1.10e-2       4.37e-3
Gds:         5.04e-5      7.84e-5     9.04e-5       5.04e-5
Gmb          1.42e-3      1.49e-3     3.61e-3       1.42e-3
Cbd:          NaN          NaN          NaN          NaN
Cbs:          NaN          NaN          NaN          NaN
Cgsov:        NaN          NaN          NaN          NaN
Cgdov:        NaN          NaN          NaN          NaN
Cgbov:        NaN          NaN          NaN          NaN
dQgdVgb:      NaN          NaN          NaN          NaN
dQgdVdb:      NaN          NaN          NaN          NaN
dQgdVsb:      NaN          NaN          NaN          NaN
dQddVgb:      NaN          NaN          NaN          NaN
dQddVdb:      NaN          NaN          NaN          NaN
dQddVsb:      NaN          NaN          NaN          NaN
dQbdVgb:      NaN          NaN          NaN          NaN
dQbdVdb:      NaN          NaN          NaN          NaN
dQbdVsb:      NaN          NaN          NaN          NaN



Date: Sat May  9 14:13:16 2020
Total elapsed time: 0.235 seconds.

tnom = 27
temp = 27
method = trap
totiter = 716
traniter = 0
tranpoints = 0
accept = 0
rejected = 0
matrix size = 25
fillins = 21
solver = Normal
Matrix Compiler1:     217 opcodes
Matrix Compiler2: off  [0.5]/0.7/1.3

