Stray ".ends" card: .ends
Circuit: * F:\Teaching_Work\Materii\Cursuri\CAIF_2020\work_lab\8.Aplicatii_PGAcuGm\LTSpice\PGA_2Gm_EtajDifDegenerare\PGA_2GM_EtajDifDegenerare.asc

Warning: Pd = 0.000101 is less than W.
Warning: Ps = 0.000101 is less than W.
Warning: Pd = 9.42e-05 is less than W.
Warning: Ps = 9.42e-05 is less than W.
Direct Newton iteration failed to find .op point.  (Use ".option noopiter" to skip.)
Starting Gmin stepping
Gmin = 10
Gmin = 1.07374
Gmin = 0.115292
Gmin = 0.0123794
Gmin = 0.00132923
Gmin = 0.000142725
Gmin = 1.5325e-05
Gmin = 1.6455e-06
Gmin = 1.76685e-07
Gmin = 1.89714e-08
Gmin = 2.03704e-09
Gmin = 2.18725e-10
Gmin = 2.34854e-11
Gmin = 2.52173e-12
Gmin = 2.70769e-13
Gmin = 0
Gmin stepping succeeded in finding the operating point.

N-Period=1
Fourier components of V(out)
DC component:1.45344

Harmonic	Frequency	 Fourier 	Normalized	 Phase  	Normalized
 Number 	  [Hz]   	Component	 Component	[degree]	Phase [deg]
    1   	 1.000e+3	 8.446e-1	 1.000e+0	   -0.07°	    0.00°
    2   	 2.000e+3	 1.382e-1	 1.636e-1	  -90.34°	  -90.27°
    3   	 3.000e+3	 1.105e-1	 1.309e-1	   -0.13°	   -0.06°
    4   	 4.000e+3	 8.583e-2	 1.016e-1	  -90.62°	  -90.55°
    5   	 5.000e+3	 1.844e-2	 2.183e-2	  178.04°	  178.11°
    6   	 6.000e+3	 1.778e-2	 2.105e-2	  -90.84°	  -90.77°
    7   	 7.000e+3	 3.602e-2	 4.265e-2	  178.60°	  178.67°
    8   	 8.000e+3	 2.046e-2	 2.423e-2	   88.38°	   88.45°
    9   	 9.000e+3	 1.427e-2	 1.689e-2	  178.57°	  178.64°
   10   	 1.000e+4	 2.698e-2	 3.194e-2	   88.10°	   88.17°
Total Harmonic Distortion: 24.260316%(24.652599%)



Date: Sun Apr  5 15:48:31 2020
Total elapsed time: 3.527 seconds.

tnom = 27
temp = 27
method = modified trap
totiter = 20662
traniter = 20228
tranpoints = 10020
accept = 10020
rejected = 0
matrix size = 66
fillins = 52
solver = Normal
Thread vector: 139.3/58.4[4] 25.7/33.4[1] 6.2/29.3[1] 0.8/1265.9[1]  2592/500
Matrix Compiler1: 8.40 KB object code size  3.6/1.8/[1.0]
Matrix Compiler2: 7.71 KB object code size  4.7/4.8/[1.2]

