Stray ".ends" card: .ends
Circuit: * F:\Teaching_Work\Materii\Cursuri\CAIF_2020\Lab\7.Aplicatii_PGAcuAO\LTSipce\Etaje_de_amplificare\tb_PGA_serie_gain_step_one_Sw.asc

Direct Newton iteration for .op point succeeded.
N-Period=1
Fourier components of V(out)
DC component:0.897521

Harmonic	Frequency	 Fourier 	Normalized	 Phase  	Normalized
 Number 	  [Hz]   	Component	 Component	[degree]	Phase [deg]
    1   	1.000e+04	7.979e-01	1.000e+00	  179.94°	    0.00°
    2   	2.000e+04	9.725e-04	1.219e-03	  -89.56°	 -269.50°
    3   	3.000e+04	1.585e-03	1.986e-03	 -179.18°	 -359.12°
    4   	4.000e+04	5.166e-04	6.474e-04	   91.08°	  -88.86°
    5   	5.000e+04	9.545e-04	1.196e-03	    1.34°	 -178.60°
    6   	6.000e+04	2.704e-04	3.390e-04	  -88.46°	 -268.40°
    7   	7.000e+04	4.996e-04	6.261e-04	 -178.19°	 -358.13°
    8   	8.000e+04	1.272e-04	1.594e-04	   91.88°	  -88.06°
    9   	9.000e+04	2.176e-04	2.727e-04	    2.19°	 -177.75°
   10   	1.000e+05	5.102e-05	6.395e-05	  -87.98°	 -267.92°
Total Harmonic Distortion: 0.280928%(0.281074%)



Date: Sat Nov 14 12:28:11 2020
Total elapsed time: 6.010 seconds.

tnom = 27
temp = 27
method = modified trap
totiter = 80282
traniter = 80262
tranpoints = 40110
accept = 40093
rejected = 17
matrix size = 25
fillins = 6
solver = Normal
Matrix Compiler1: 1.93 KB object code size  1.3/1.2/[0.3]
Matrix Compiler2: 2.39 KB object code size  1.0/1.5/[0.5]

