Stray ".ends" card: .ends
Circuit: * F:\Teaching_Work\Materii\Cursuri\CAIF_2020\Lab\7.Aplicatii_PGAcuAO\LTSipce\Etaje_de_amplificare\tb_PGA_paralel_binary_weigthted_tolerance.asc

Warning: Pd = 1.07e-005 is less than W.
Warning: Ps = 1.07e-005 is less than W.
Direct Newton iteration failed to find .op point.  (Use ".option noopiter" to skip.)
Starting Gmin stepping
Gmin = 10
Gmin = 1.07374
Gmin = 0.115292
Gmin = 0.0123794
Gmin = 0.00132923
Gmin = 0.000142725
Gmin = 1.5325e-005
Gmin = 1.6455e-006
Gmin = 1.76685e-007
Gmin = 1.89714e-008
Gmin = 2.03704e-009
Gmin = 2.18725e-010
Gmin = 2.34854e-011
Gmin = 2.52173e-012
Gmin = 2.70769e-013
Gmin = 0
Gmin stepping succeeded in finding the operating point.

Semiconductor Device Operating Points:
                        --- BSIM3 MOSFETS ---
Name:      m:x1:8      m:x1:7      m:x1:2      m:x1:1      m:x1:5
Model:      pmos        pmos        pmos        pmos        pmos
Id:       -1.00e-04   -8.23e-04   -9.76e-05   -9.79e-05   -1.96e-04
Vgs:      -6.38e-01   -6.38e-01   -6.94e-01   -6.94e-01   -6.38e-01
Vds:      -6.38e-01   -1.00e+00   -1.00e+00   -9.84e-01   -3.06e-01
Vbs:       0.00e+00    0.00e+00    3.06e-01    3.06e-01    0.00e+00
Vth:      -4.61e-01   -4.61e-01   -5.58e-01   -5.58e-01   -4.61e-01
Vdsat:    -1.61e-01   -1.62e-01   -1.39e-01   -1.39e-01   -1.61e-01
Gm:        1.04e-03    8.52e-03    1.22e-03    1.22e-03    2.02e-03
Gds:       6.72e-06    5.27e-05    6.53e-06    6.56e-06    2.14e-05
Gmb        3.33e-04    2.75e-03    3.49e-04    3.50e-04    6.49e-04
Cbd:       4.52e-14    2.91e-13    4.60e-14    4.61e-14    9.90e-14
Cbs:       5.57e-14    3.85e-13    5.73e-14    5.73e-14    1.11e-13
Cgsov:     3.20e-14    2.56e-13    4.27e-14    4.27e-14    6.40e-14
Cgdov:     3.20e-14    2.56e-13    4.27e-14    4.27e-14    6.40e-14
Cgbov:     4.51e-19    4.51e-19    4.01e-19    4.01e-19    4.51e-19
dQgdVgb:   2.05e-13    1.64e-12    2.49e-13    2.49e-13    4.11e-13
dQgdVdb:  -3.20e-14   -2.56e-13   -4.27e-14   -4.27e-14   -6.50e-14
dQgdVsb:  -1.67e-13   -1.34e-12   -2.01e-13   -2.01e-13   -3.35e-13
dQddVgb:  -8.85e-14   -7.07e-13   -1.09e-13   -1.09e-13   -1.78e-13
dQddVdb:   7.72e-14    5.47e-13    8.87e-14    8.88e-14    1.64e-13
dQddVsb:   7.49e-14    5.99e-13    8.49e-14    8.49e-14    1.50e-13
dQbdVgb:  -2.83e-14   -2.26e-13   -3.23e-14   -3.23e-14   -5.55e-14
dQbdVdb:  -4.53e-14   -2.91e-13   -4.60e-14   -4.62e-14   -9.99e-14
dQbdVsb:  -7.00e-14   -5.02e-13   -6.90e-14   -6.90e-14   -1.41e-13

Name:      m:x1:6      m:x1:3      m:x1:4        m2          m4
Model:      nmos        nmos        nmos        nmos        nmos
Id:        8.24e-04    9.79e-05    9.76e-05   -9.66e-09   -4.84e-09
Vgs:       6.89e-01    7.10e-01    7.10e-01    1.00e+00    1.00e+00
Vds:       9.99e-01    7.10e-01    6.89e-01   -1.07e-06   -5.38e-07
Vbs:       0.00e+00    0.00e+00    0.00e+00   -1.00e+00   -1.00e+00
Vth:       4.78e-01    4.81e-01    4.81e-01    7.00e-01    7.00e-01
Vdsat:     1.59e-01    1.71e-01    1.71e-01    2.33e-01    2.33e-01
Gm:        8.20e-03    8.93e-04    8.91e-04    3.34e-08    1.67e-08
Gds:       1.25e-04    1.58e-05    1.59e-05    9.00e-03    9.00e-03
Gmb        1.97e-03    2.16e-04    2.16e-04    6.66e-09    3.34e-09
Cbd:       3.07e-14    3.42e-15    3.43e-15    4.51e-15    4.51e-15
Cbs:       3.67e-14    3.93e-15    3.93e-15    4.51e-15    4.51e-15
Cgsov:     3.00e-14    3.08e-15    3.08e-15    1.54e-14    1.54e-14
Cgdov:     3.00e-14    3.08e-15    3.08e-15    1.54e-14    1.54e-14
Cgbov:     2.23e-19    2.23e-19    2.23e-19    1.53e-19    1.53e-19
dQgdVgb:   1.22e-13    1.25e-14    1.25e-14    5.66e-14    5.66e-14
dQgdVdb:  -3.00e-14   -3.08e-15   -3.08e-15   -2.66e-14   -2.66e-14
dQgdVsb:  -8.69e-14   -8.92e-15   -8.92e-15   -2.95e-14   -2.95e-14
dQddVgb:  -5.44e-14   -5.58e-15   -5.58e-15   -2.83e-14   -2.83e-14
dQddVdb:   6.07e-14    6.50e-15    6.51e-15    3.10e-14    3.10e-14
dQddVsb:   3.10e-14    3.19e-15    3.19e-15    4.24e-15    4.24e-15
dQbdVgb:  -1.32e-14   -1.35e-15   -1.35e-15   -4.56e-17   -4.56e-17
dQbdVdb:  -3.07e-14   -3.42e-15   -3.43e-15   -1.55e-14   -1.55e-14
dQbdVsb:  -4.19e-14   -4.46e-15   -4.46e-15    1.10e-15    1.10e-15

Name:        m3          m1
Model:      nmos        nmos
Id:       -4.84e-09   -1.93e-08
Vgs:       1.00e+00    1.00e+00
Vds:      -5.38e-07   -2.14e-06
Vbs:      -1.00e+00   -1.00e+00
Vth:       7.00e-01    7.00e-01
Vdsat:     2.33e-01    2.33e-01
Gm:        1.67e-08    6.66e-08
Gds:       9.00e-03    9.00e-03
Gmb        3.34e-09    1.33e-08
Cbd:       4.51e-15    4.51e-15
Cbs:       4.51e-15    4.51e-15
Cgsov:     1.54e-14    1.54e-14
Cgdov:     1.54e-14    1.54e-14
Cgbov:     1.53e-19    1.53e-19
dQgdVgb:   5.66e-14    5.66e-14
dQgdVdb:  -2.66e-14   -2.66e-14
dQgdVsb:  -2.95e-14   -2.95e-14
dQddVgb:  -2.83e-14   -2.83e-14
dQddVdb:   3.10e-14    3.10e-14
dQddVsb:   4.24e-15    4.24e-15
dQbdVgb:  -4.56e-17   -4.56e-17
dQbdVdb:  -1.55e-14   -1.55e-14
dQbdVsb:   1.10e-15    1.10e-15


.step control=1 t=0
Note: .fourier statements are only valid with a .tran command.
      No Fourier analysis performed.

.step control=2 t=0
.step control=3 t=0
.step control=4 t=0
.step control=1 t=0.2
.step control=2 t=0.2
.step control=3 t=0.2
.step control=4 t=0.2
.step control=1 t=0.5
.step control=2 t=0.5
.step control=3 t=0.5
.step control=4 t=0.5


Measurement: gain
  step	v(out)	at
     1	(0.022133dB,180°)	1
     2	(6.02519dB,180°)	1
     3	(12.0333dB,180°)	1
     4	(18.0401dB,180°)	1
     5	(0.109814dB,180°)	1
     6	(4.84779dB,180°)	1
     7	(11.6802dB,180°)	1
     8	(16.1104dB,180°)	1
     9	(-1.31419dB,180°)	1
    10	(1.60919dB,180°)	1
    11	(9.54584dB,180°)	1
    12	(12.0453dB,180°)	1


Date: Sat Nov 14 12:28:43 2020
Total elapsed time: 2.490 seconds.

tnom = 27
temp = 27
method = trap
totiter = 416
traniter = 0
tranpoints = 0
accept = 0
rejected = 0
matrix size = 25
fillins = 6
solver = Normal
Matrix Compiler1:     110 opcodes
Matrix Compiler2: off  [0.5]/0.9/1.5

