Stray ".ends" card: .ends
Circuit: * F:\Teaching_Work\Materii\Cursuri\CAIF_2020\work_lab\8.Aplicatii_PGAcuGm\LTSpice\amplificator_GmR\tb_amplificator_Gm+R.asc

Direct Newton iteration failed to find .op point.  (Use ".option noopiter" to skip.)
Starting Gmin stepping
Gmin = 10
Gmin = 1.07374
Gmin = 0.115292
Gmin = 0.0123794
Gmin = 0.00132923
Gmin = 0.000142725
Gmin = 1.5325e-05
Gmin = 1.6455e-06
Gmin = 1.76685e-07
Gmin = 1.89714e-08
Gmin = 2.03704e-09
Gmin = 2.18725e-10
Gmin = 2.34854e-11
Gmin = 2.52173e-12
Gmin = 2.70769e-13
Gmin = 0
Gmin stepping succeeded in finding the operating point.

Semiconductor Device Operating Points:
                        --- BSIM3 MOSFETS ---
Name:      m:x2:34     m:x2:32     m:x2:31     m:x2:28     m:x2:27
Model:      nmos        nmos        nmos        nmos        nmos
Id:         1.00e-4     1.00e-4     1.00e-4     5.03e-5     5.03e-5
Vgs:        7.04e-1     7.58e-1     6.95e-1     6.95e-1     7.15e-1
Vds:        7.04e-1     3.49e-1     3.46e-1     3.89e-1     2.68e-1
Vbs:       -4.00e-1    -3.46e-1     0.00e+0     0.00e+0    -3.89e-1
Vth:        5.75e-1     5.66e-1     4.47e-1     4.48e-1     5.76e-1
Vdsat:      1.11e-1     1.52e-1     1.88e-1     1.88e-1     1.18e-1
Gm:         1.50e-3     1.05e-3     8.77e-4     4.44e-4     7.31e-4
Gds:        3.82e-5     4.30e-5     1.66e-5     6.75e-6     2.85e-5
Gmb         3.02e-4     2.16e-4     2.40e-4     1.21e-4     1.49e-4
Cbd:         NaN         NaN         NaN         NaN         NaN
Cbs:         NaN         NaN         NaN         NaN         NaN
Cgsov:       NaN         NaN         NaN         NaN         NaN
Cgdov:       NaN         NaN         NaN         NaN         NaN
Cgbov:       NaN         NaN         NaN         NaN         NaN
dQgdVgb:     NaN         NaN         NaN         NaN         NaN
dQgdVdb:     NaN         NaN         NaN         NaN         NaN
dQgdVsb:     NaN         NaN         NaN         NaN         NaN
dQddVgb:     NaN         NaN         NaN         NaN         NaN
dQddVdb:     NaN         NaN         NaN         NaN         NaN
dQddVsb:     NaN         NaN         NaN         NaN         NaN
dQbdVgb:     NaN         NaN         NaN         NaN         NaN
dQbdVdb:     NaN         NaN         NaN         NaN         NaN
dQbdVsb:     NaN         NaN         NaN         NaN         NaN

Name:      m:x2:26     m:x2:25     m:x2:24     m:x2:23     m:x2:22
Model:      nmos        nmos        nmos        nmos        nmos
Id:         5.03e-5     5.03e-5     4.03e-4     2.01e-4     4.03e-4
Vgs:        6.95e-1     7.15e-1     6.57e-1     6.57e-1     6.57e-1
Vds:        3.89e-1     2.68e-1     3.98e-1     4.09e-1     4.05e-1
Vbs:        0.00e+0    -3.89e-1     0.00e+0     0.00e+0     0.00e+0
Vth:        4.48e-1     5.76e-1     3.97e-1     3.98e-1     3.97e-1
Vdsat:      1.88e-1     1.18e-1     1.98e-1     1.98e-1     1.98e-1
Gm:         4.44e-4     7.31e-4     3.43e-3     1.71e-3     3.43e-3
Gds:        6.75e-6     2.85e-5     3.30e-5     1.57e-5     3.21e-5
Gmb         1.21e-4     1.49e-4     9.61e-4     4.80e-4     9.62e-4
Cbd:         NaN         NaN         NaN         NaN         NaN
Cbs:         NaN         NaN         NaN         NaN         NaN
Cgsov:       NaN         NaN         NaN         NaN         NaN
Cgdov:       NaN         NaN         NaN         NaN         NaN
Cgbov:       NaN         NaN         NaN         NaN         NaN
dQgdVgb:     NaN         NaN         NaN         NaN         NaN
dQgdVdb:     NaN         NaN         NaN         NaN         NaN
dQgdVsb:     NaN         NaN         NaN         NaN         NaN
dQddVgb:     NaN         NaN         NaN         NaN         NaN
dQddVdb:     NaN         NaN         NaN         NaN         NaN
dQddVsb:     NaN         NaN         NaN         NaN         NaN
dQbdVgb:     NaN         NaN         NaN         NaN         NaN
dQbdVdb:     NaN         NaN         NaN         NaN         NaN
dQbdVsb:     NaN         NaN         NaN         NaN         NaN

Name:      m:x2:21     m:x2:20     m:x2:19     m:x2:18     m:x2:13
Model:      nmos        nmos        nmos        nmos        nmos
Id:         2.01e-4     4.03e-4     2.01e-4     4.03e-4     2.01e-4
Vgs:        6.57e-1     6.99e-1     6.95e-1     7.06e-1     6.95e-1
Vds:        4.09e-1     9.41e-1     1.16e+0     6.04e-1     1.16e+0
Vbs:        0.00e+0    -4.05e-1    -4.09e-1    -3.98e-1    -4.09e-1
Vth:        3.98e-1     5.74e-1     5.74e-1     5.74e-1     5.74e-1
Vdsat:      1.98e-1     1.09e-1     1.06e-1     1.14e-1     1.06e-1
Gm:         1.71e-3     6.06e-3     3.05e-3     5.96e-3     3.05e-3
Gds:        1.57e-5     1.44e-4     6.89e-5     1.58e-4     6.89e-5
Gmb         4.80e-4     1.21e-3     6.04e-4     1.20e-3     6.04e-4
Cbd:         NaN         NaN         NaN         NaN         NaN
Cbs:         NaN         NaN         NaN         NaN         NaN
Cgsov:       NaN         NaN         NaN         NaN         NaN
Cgdov:       NaN         NaN         NaN         NaN         NaN
Cgbov:       NaN         NaN         NaN         NaN         NaN
dQgdVgb:     NaN         NaN         NaN         NaN         NaN
dQgdVdb:     NaN         NaN         NaN         NaN         NaN
dQgdVsb:     NaN         NaN         NaN         NaN         NaN
dQddVgb:     NaN         NaN         NaN         NaN         NaN
dQddVdb:     NaN         NaN         NaN         NaN         NaN
dQddVsb:     NaN         NaN         NaN         NaN         NaN
dQbdVgb:     NaN         NaN         NaN         NaN         NaN
dQbdVdb:     NaN         NaN         NaN         NaN         NaN
dQbdVsb:     NaN         NaN         NaN         NaN         NaN

Name:      m:x2:10     m:x2:9      m:x2:33     m:x2:30     m:x2:29
Model:      pmos        pmos        pmos        pmos        pmos
Id:        -5.03e-5    -5.03e-5    -1.00e-4    -1.00e-4    -1.00e-4
Vgs:       -5.74e-1    -5.74e-1    -6.80e-1    -6.84e-1    -6.53e-1
Vds:       -9.17e-1    -9.17e-1    -6.80e-1    -3.57e-1    -2.96e-1
Vbs:        0.00e+0     0.00e+0     3.00e-1     2.96e-1     0.00e+0
Vth:       -4.65e-1    -4.65e-1    -6.12e-1    -6.12e-1    -4.61e-1
Vdsat:     -1.13e-1    -1.13e-1    -1.01e-1    -1.03e-1    -1.71e-1
Gm:         7.26e-4     7.26e-4     1.71e-3     1.68e-3     9.62e-4
Gds:        3.70e-6     3.70e-6     2.82e-5     3.04e-5     1.27e-5
Gmb         2.31e-4     2.31e-4     4.72e-4     4.68e-4     3.09e-4
Cbd:         NaN         NaN         NaN         NaN         NaN
Cbs:         NaN         NaN         NaN         NaN         NaN
Cgsov:       NaN         NaN         NaN         NaN         NaN
Cgdov:       NaN         NaN         NaN         NaN         NaN
Cgbov:       NaN         NaN         NaN         NaN         NaN
dQgdVgb:     NaN         NaN         NaN         NaN         NaN
dQgdVdb:     NaN         NaN         NaN         NaN         NaN
dQgdVsb:     NaN         NaN         NaN         NaN         NaN
dQddVgb:     NaN         NaN         NaN         NaN         NaN
dQddVdb:     NaN         NaN         NaN         NaN         NaN
dQddVsb:     NaN         NaN         NaN         NaN         NaN
dQbdVgb:     NaN         NaN         NaN         NaN         NaN
dQbdVdb:     NaN         NaN         NaN         NaN         NaN
dQbdVsb:     NaN         NaN         NaN         NaN         NaN

Name:      m:x2:8      m:x2:7      m:x2:6      m:x2:5      m:x2:4
Model:      pmos        pmos        pmos        pmos        pmos
Id:        -2.51e-4    -2.51e-4    -2.51e-4    -2.51e-4    -4.03e-4
Vgs:       -6.89e-1    -6.89e-1    -6.53e-1    -6.53e-1    -6.96e-1
Vds:       -1.35e-1    -1.35e-1    -2.91e-1    -2.91e-1    -7.13e-1
Vbs:        2.91e-1     2.91e-1     0.00e+0     0.00e+0     2.84e-1
Vth:       -6.12e-1    -6.12e-1    -4.61e-1    -4.61e-1    -6.07e-1
Vdsat:     -1.07e-1    -1.07e-1    -1.72e-1    -1.72e-1    -1.15e-1
Gm:         4.03e-3     4.03e-3     2.41e-3     2.41e-3     6.28e-3
Gds:        2.81e-4     2.81e-4     3.33e-5     3.33e-5     1.08e-4
Gmb         1.13e-3     1.13e-3     7.77e-4     7.77e-4     1.75e-3
Cbd:         NaN         NaN         NaN         NaN         NaN
Cbs:         NaN         NaN         NaN         NaN         NaN
Cgsov:       NaN         NaN         NaN         NaN         NaN
Cgdov:       NaN         NaN         NaN         NaN         NaN
Cgbov:       NaN         NaN         NaN         NaN         NaN
dQgdVgb:     NaN         NaN         NaN         NaN         NaN
dQgdVdb:     NaN         NaN         NaN         NaN         NaN
dQgdVsb:     NaN         NaN         NaN         NaN         NaN
dQddVgb:     NaN         NaN         NaN         NaN         NaN
dQddVdb:     NaN         NaN         NaN         NaN         NaN
dQddVsb:     NaN         NaN         NaN         NaN         NaN
dQbdVgb:     NaN         NaN         NaN         NaN         NaN
dQbdVdb:     NaN         NaN         NaN         NaN         NaN
dQbdVsb:     NaN         NaN         NaN         NaN         NaN

Name:      m:x2:3      m:x2:2      m:x2:1
Model:      pmos        pmos        pmos
Id:        -4.03e-4    -4.03e-4    -4.03e-4
Vgs:       -7.00e-1    -6.53e-1    -6.53e-1
Vds:       -3.74e-1    -2.84e-1    -2.80e-1
Vbs:        2.80e-1     0.00e+0     0.00e+0
Vth:       -6.08e-1    -4.61e-1    -4.61e-1
Vdsat:     -1.17e-1    -1.73e-1    -1.73e-1
Gm:         6.17e-3     3.87e-3     3.86e-3
Gds:        1.18e-4     5.74e-5     6.02e-5
Gmb         1.73e-3     1.25e-3     1.24e-3
Cbd:         NaN         NaN         NaN
Cbs:         NaN         NaN         NaN
Cgsov:       NaN         NaN         NaN
Cgdov:       NaN         NaN         NaN
Cgbov:       NaN         NaN         NaN
dQgdVgb:     NaN         NaN         NaN
dQgdVdb:     NaN         NaN         NaN
dQgdVsb:     NaN         NaN         NaN
dQddVgb:     NaN         NaN         NaN
dQddVdb:     NaN         NaN         NaN
dQddVsb:     NaN         NaN         NaN
dQbdVgb:     NaN         NaN         NaN
dQbdVdb:     NaN         NaN         NaN
dQbdVsb:     NaN         NaN         NaN


Note: .fourier statements are only valid with a .tran command.
      No Fourier analysis performed.


Date: Sun Apr  5 15:51:01 2020
Total elapsed time: 0.247 seconds.

tnom = 27
temp = 27
method = trap
totiter = 424
traniter = 0
tranpoints = 0
accept = 0
rejected = 0
matrix size = 32
fillins = 26
solver = Normal
Matrix Compiler1:     302 opcodes
Matrix Compiler2: off  [0.5]/0.6/0.9

