Stray ".ends" card: .ends
LTspice 24.0.12 for Windows
Circuit: * C:\Users\botaa\Documents\Proiecte-Personale\TowThomasFilterandPGATransistorLevel\L5.PGA\L5B.Aplicatii_PGAcuAO\LTSipce\PGA_etaje_identice+mux\tb_PGA_etaje_identice+mux.asc
Start Time: Thu May 21 10:37:57 2026
solver = Normal
Maximum thread count: 12
tnom = 27
temp = 27
method = trap
Direct Newton iteration failed to find .op point.  (Use ".option noopiter" to skip.)
Starting Gmin stepping
Gmin = 10
Gmin = 1.07374
Gmin = 0.115292
Gmin = 0.0123794
Gmin = 0.00132923
Gmin = 0.000142725
Gmin = 1.5325e-05
vernier = 0.5
vernier = 0.25
vernier = 0.125
vernier = 0.0625
vernier = 0.03125
vernier = 0.015625
vernier = 0.0078125
Gmin = 9.80797e-06
vernier = 0.00390625
vernier = 0.00195312
vernier = 0.000976562
vernier = 0.000488281
Gmin = 0
Gmin stepping failed

Starting source stepping with srcstepmethod=0
Source Step = 3.0303%
Source Step = 33.3333%
Source Step = 40.1515%
Source Step = 47.7273%
Source Step = 55.303%
Source Step = 62.8788%
Source Step = 70.4545%
vernier = 0.375
Source Step = 81.0606%
Source Step = 92.4242%
Source stepping succeeded in finding the operating point.

Note: .fourier statements are only valid with a .tran command.
      No Fourier analysis performed.

Total elapsed time: 0.199 seconds.

