Stray ".ends" card: .ends
Stray ".ends" card: .ends
LTspice 24.0.12 for Windows
Circuit: * C:\Users\botaa\Desktop\TowThomasFilterandPGATransistorLevel\CAIF_Bota_Andrei\Filtru+PGA\Final.asc
Start Time: Wed May 27 21:13:40 2026
solver = Normal
Maximum thread count: 12
tnom = 27
temp = 27
method = trap
Direct Newton iteration failed to find .op point.  (Use ".option noopiter" to skip.)
Starting Gmin stepping
Gmin = 10
Gmin = 1.07374
Gmin = 0.115292
Gmin = 0.0123794
Gmin = 0.00132923
Gmin = 0.000142725
vernier = 0.5
Gmin = 2.66058e-05
vernier = 0.25
vernier = 0.125
vernier = 0.0625
vernier = 0.03125
vernier = 0.015625
vernier = 0.0078125
Gmin = 1.86861e-05
vernier = 0.00390625
vernier = 0.00195312
vernier = 0.000976562
vernier = 0.000488281
Gmin = 0
Gmin stepping failed

Starting source stepping with srcstepmethod=0
Source Step = 3.0303%
Source Step = 33.3333%
Source Step = 39.4028%
Source Step = 39.4324%
Source Step = 39.462%
Source Step = 39.4916%
Source Step = 39.5212%
Source Step = 39.5508%
vernier = 0.00146484
Source Step = 39.5952%
Source Step = 39.6396%
Source Step = 39.6839%
Source Step = 39.7283%
Source Step = 39.7727%
vernier = 0.00219727
Source Step = 39.8371%
Source Step = 39.9037%
Source Step = 39.9703%
Source Step = 40.0368%
Source Step = 40.1034%
vernier = 0.0032959
Source Step = 40.1966%
Source Step = 40.2965%
Source Step = 40.3964%
Source Step = 40.4963%
Source Step = 40.5961%
vernier = 0.00494385
Source Step = 40.731%
Source Step = 40.8808%
Source Step = 41.0306%
Source Step = 41.1804%
Source Step = 41.3302%
vernier = 0.00741577
Source Step = 41.525%
Source Step = 41.7497%
Source Step = 41.9744%
Source Step = 42.1992%
Source Step = 42.4239%
vernier = 0.0111237
Source Step = 42.7048%
Source Step = 43.0419%
Source Step = 43.3789%
Source Step = 43.716%
Source Step = 44.0531%
vernier = 0.0166855
Source Step = 44.4576%
Source Step = 44.9632%
Source Step = 45.4688%
Source Step = 45.9745%
Source Step = 46.4801%
vernier = 0.0250282
Source Step = 47.0615%
Source Step = 47.82%
Source Step = 48.5784%
Source Step = 49.3368%
Source Step = 50.0953%
vernier = 0.0375423
Source Step = 50.9295%
Source Step = 52.0672%
Source Step = 53.2048%
Source Step = 54.3425%
Source Step = 55.4801%
vernier = 0.0563135
Source Step = 56.6747%
Source Step = 58.3811%
Source Step = 60.0876%
Source Step = 61.7941%
Source Step = 63.5005%
Source Step = 65.207%
vernier = 0.0844703
Source Step = 67.7667%
Source Step = 70.3264%
Source Step = 72.8861%
Source Step = 75.4458%
Source Step = 78.0055%
vernier = 0.126705
Source Step = 81.7171%
Source Step = 85.5567%
Source Step = 89.3962%
Source Step = 90.1941%
Source Step = 90.2541%
Source Step = 90.3141%
Source Step = 90.3741%
Source Step = 90.4341%
Source Step = 90.4941%
Source Step = 90.5541%
Source Step = 90.6141%
Source Step = 90.6741%
Source Step = 90.7341%
Source Step = 90.7941%
Source Step = 90.8541%
Source Step = 90.914%
Source Step = 90.974%
Source Step = 91.034%
Source Step = 91.094%
Source Step = 91.154%
Source Step = 91.214%
Source Step = 91.274%
Source Step = 91.334%
Source Step = 91.394%
Source Step = 91.454%
Source Step = 91.514%
Source Step = 91.574%
Source Step = 91.634%
Source Step = 91.694%
Source Step = 91.7539%
Source Step = 91.8139%
Source Step = 91.8739%
Source Step = 91.9339%
Source Step = 91.9939%
Source Step = 92.0539%
Source Step = 92.1139%
Source Step = 92.1739%
Source Step = 92.2339%
Source Step = 92.2939%
Source Step = 92.3539%
Source Step = 92.4139%
Source Step = 92.4739%
Source Step = 92.5339%
Source Step = 92.5939%
Source Step = 92.6538%
Source Step = 92.7138%
Source Step = 92.7738%
Source Step = 92.8338%
Source Step = 92.8938%
Source Step = 92.9538%
Source stepping aborted.
Starting source stepping with srcstepmethod=1
Source Step = 3.0303%
Source Step = 33.3333%
Source Step = 63.6364%
Source Step = 93.9394%
Source Step = 99.0059%
Source Step = 99.0355%
Source Step = 99.0651%
Source Step = 99.0947%
Source Step = 99.1243%
Source Step = 99.1539%
Source Step = 99.1835%
Source Step = 99.2131%
Source Step = 99.2427%
Source Step = 99.2723%
Source Step = 99.3018%
Source Step = 99.3314%
Source stepping aborted.
Pseudo Transient succeeded in finding the operating point at 327.699 ms.
Semiconductor Device Operating Points:
                        --- BSIM3 MOSFETS ---
Name:      m:x1:8      m:x1:9      m:x1:10     m:x1:11   m:x1:x2:in1
Model:      nmos        nmos        nmos        nmos        nmos
Id:        1.25e-12    1.25e-12    1.25e-12    1.25e-12    1.51e-04
Vgs:      -1.25e+00   -1.25e+00   -1.25e+00   -1.25e+00    8.41e-01
Vds:       7.89e-07    5.41e-07    3.87e-07    6.75e-07    1.39e+00
Vbs:      -1.25e+00   -1.25e+00   -1.25e+00   -1.25e+00   -4.09e-01
Vth:       7.48e-01    7.48e-01    7.48e-01    7.48e-01    5.66e-01
Vdsat:     4.51e-02    4.51e-02    4.51e-02    4.51e-02    2.22e-01
Gm:        1.03e-34    7.08e-35    5.06e-35    8.83e-35    1.07e-03
Gds:       4.41e-30    4.41e-30    4.41e-30    4.41e-30    9.42e-06
Gmb        2.87e-35    1.97e-35    1.41e-35    2.46e-35    2.53e-04
Cbd:       3.96e-15    3.96e-15    3.96e-15    3.96e-15    5.55e-15
Cbs:       3.96e-15    3.96e-15    3.96e-15    3.96e-15    6.52e-15
Cgsov:     3.85e-15    3.85e-15    3.85e-15    3.85e-15    5.72e-15
Cgdov:     3.85e-15    3.85e-15    3.85e-15    3.85e-15    5.72e-15
Cgbov:     1.53e-19    1.53e-19    1.53e-19    1.53e-19    4.23e-19
dQgdVgb:   9.63e-15    9.63e-15    9.63e-15    9.63e-15    3.32e-14
dQgdVdb:  -3.85e-15   -3.85e-15   -3.85e-15   -3.85e-15   -5.72e-15
dQgdVsb:  -3.85e-15   -3.85e-15   -3.85e-15   -3.85e-15   -2.63e-14
dQddVgb:  -3.85e-15   -3.85e-15   -3.85e-15   -3.85e-15   -1.45e-14
dQddVdb:   7.81e-15    7.81e-15    7.81e-15    7.81e-15    1.13e-14
dQddVsb:  -5.14e-30   -5.14e-30   -4.74e-30   -4.35e-30    1.10e-14
dQbdVgb:  -1.93e-15   -1.93e-15   -1.93e-15   -1.93e-15   -4.12e-15
dQbdVdb:  -3.96e-15   -3.96e-15   -3.96e-15   -3.96e-15   -5.55e-15
dQbdVsb:  -3.96e-15   -3.96e-15   -3.96e-15   -3.96e-15   -8.03e-15

Name:    m:x1:x2:in2 m:x1:x2:biasin m:x1:x2:biasout m:x1:x2:in7   m:x1:12
Model:      nmos          nmos           nmos          nmos        nmos
Id:        1.52e-04      3.03e-04       9.08e-04      5.00e-05    1.25e-12
Vgs:       8.41e-01      7.48e-01       7.48e-01      7.48e-01   -1.25e+00
Vds:       1.37e+00      4.09e-01       1.25e+00      7.48e-01    2.08e-07
Vbs:      -4.09e-01      0.00e+00       0.00e+00      0.00e+00   -1.25e+00
Vth:       5.66e-01      4.53e-01       4.52e-01      4.56e-01    7.48e-01
Vdsat:     2.22e-01      2.22e-01       2.22e-01      2.20e-01    4.51e-02
Gm:        1.07e-03      2.08e-03       6.15e-03      3.47e-04    2.72e-35
Gds:       9.45e-06      4.46e-05       5.39e-05      3.68e-06    4.41e-30
Gmb        2.53e-04      5.66e-04       1.66e-03      9.41e-05    7.57e-36
Cbd:       5.55e-15      1.29e-14       3.19e-14      2.07e-15    3.96e-15
Cbs:       6.52e-15      1.41e-14       3.92e-14      2.39e-15    3.96e-15
Cgsov:     5.72e-15      1.15e-14       3.20e-14      1.82e-15    3.85e-15
Cgdov:     5.72e-15      1.15e-14       3.20e-14      1.82e-15    3.85e-15
Cgbov:     4.23e-19      4.23e-19       4.23e-19      4.23e-19    1.53e-19
dQgdVgb:   3.32e-14      6.74e-14       1.88e-13      1.07e-14    9.63e-15
dQgdVdb:  -5.72e-15     -1.16e-14      -3.20e-14     -1.83e-15   -3.85e-15
dQgdVsb:  -2.63e-14     -5.31e-14      -1.48e-13     -8.43e-15   -3.85e-15
dQddVgb:  -1.45e-14     -2.93e-14      -8.14e-14     -4.64e-15   -3.85e-15
dQddVdb:   1.13e-14      2.45e-14       6.39e-14      3.90e-15    7.81e-15
dQddVsb:   1.10e-14      2.31e-14       6.43e-14      3.67e-15   -5.14e-30
dQbdVgb:  -4.12e-15     -8.75e-15      -2.48e-14     -1.41e-15   -1.93e-15
dQbdVdb:  -5.55e-15     -1.30e-14      -3.19e-14     -2.08e-15   -3.96e-15
dQbdVsb:  -8.03e-15     -1.87e-14      -5.19e-14     -3.12e-15   -3.96e-15

Name:      m:x1:13     m:x1:14     m:x2:8      m:x2:9      m:x2:10
Model:      nmos        nmos        nmos        nmos        nmos
Id:        1.25e-11   -1.25e-12    1.25e-12    1.25e-12    1.25e-12
Vgs:       1.25e+00    1.25e+00   -1.25e+00   -1.25e+00   -1.25e+00
Vds:       3.05e-09   -1.72e-10   -2.69e-06   -2.00e-06   -1.50e-06
Vbs:      -1.25e+00   -1.25e+00   -1.25e+00   -1.25e+00   -1.25e+00
Vth:       7.48e-01    7.46e-01    7.48e-01    7.48e-01    7.48e-01
Vdsat:     3.36e-01    3.37e-01    4.51e-02    4.51e-02    4.51e-02
Gm:        1.95e-11    4.32e-12    3.52e-34    2.62e-34    1.96e-34
Gds:       3.69e-03    1.45e-02    4.41e-30    4.41e-30    4.41e-30
Gmb        4.04e-12    8.93e-13    9.80e-35    7.29e-35    5.46e-35
Cbd:       3.96e-15    1.28e-14    3.96e-15    3.96e-15    3.96e-15
Cbs:       3.96e-15    1.28e-14    3.96e-15    3.96e-15    3.96e-15
Cgsov:     3.85e-15    1.54e-14    3.85e-15    3.85e-15    3.85e-15
Cgdov:     3.85e-15    1.54e-14    3.85e-15    3.85e-15    3.85e-15
Cgbov:     1.53e-19    1.53e-19    1.53e-19    1.53e-19    1.53e-19
dQgdVgb:   1.41e-14    5.66e-14    9.63e-15    9.63e-15    9.63e-15
dQgdVdb:  -6.79e-15   -2.72e-14   -3.85e-15   -3.85e-15   -3.85e-15
dQgdVsb:  -7.25e-15   -2.90e-14   -3.85e-15   -3.85e-15   -3.85e-15
dQddVgb:  -7.07e-15   -2.83e-14   -3.85e-15   -3.85e-15   -3.85e-15
dQddVdb:   1.07e-14    3.96e-14    7.81e-15    7.81e-15    7.81e-15
dQddVsb:   9.45e-16    3.81e-15   -5.14e-30   -4.74e-30   -5.14e-30
dQbdVgb:  -8.41e-18   -3.32e-17   -1.93e-15   -1.93e-15   -1.93e-15
dQbdVdb:  -6.73e-15   -2.38e-14   -3.96e-15   -3.96e-15   -3.96e-15
dQbdVsb:  -2.45e-15   -6.77e-15   -3.96e-15   -3.96e-15   -3.96e-15

Name:      m:x2:11   m:x2:x2:in1 m:x2:x2:in2 m:x2:x2:biasin m:x2:x2:biasout
Model:      nmos        nmos        nmos          nmos           nmos
Id:        1.25e-12    1.51e-04    1.52e-04      3.03e-04       9.08e-04
Vgs:      -1.25e+00    8.41e-01    8.41e-01      7.48e-01       7.48e-01
Vds:      -2.39e-06    1.39e+00    1.37e+00      4.09e-01       1.25e+00
Vbs:      -1.25e+00   -4.09e-01   -4.09e-01      0.00e+00       0.00e+00
Vth:       7.48e-01    5.66e-01    5.66e-01      4.53e-01       4.52e-01
Vdsat:     4.51e-02    2.22e-01    2.22e-01      2.22e-01       2.22e-01
Gm:        3.13e-34    1.07e-03    1.07e-03      2.08e-03       6.15e-03
Gds:       4.41e-30    9.42e-06    9.45e-06      4.46e-05       5.39e-05
Gmb        8.71e-35    2.53e-04    2.53e-04      5.66e-04       1.66e-03
Cbd:       3.96e-15    5.55e-15    5.55e-15      1.29e-14       3.19e-14
Cbs:       3.96e-15    6.52e-15    6.52e-15      1.41e-14       3.92e-14
Cgsov:     3.85e-15    5.72e-15    5.72e-15      1.15e-14       3.20e-14
Cgdov:     3.85e-15    5.72e-15    5.72e-15      1.15e-14       3.20e-14
Cgbov:     1.53e-19    4.23e-19    4.23e-19      4.23e-19       4.23e-19
dQgdVgb:   9.63e-15    3.32e-14    3.32e-14      6.74e-14       1.88e-13
dQgdVdb:  -3.85e-15   -5.72e-15   -5.72e-15     -1.16e-14      -3.20e-14
dQgdVsb:  -3.85e-15   -2.63e-14   -2.63e-14     -5.31e-14      -1.48e-13
dQddVgb:  -3.85e-15   -1.45e-14   -1.45e-14     -2.93e-14      -8.14e-14
dQddVdb:   7.81e-15    1.13e-14    1.13e-14      2.45e-14       6.39e-14
dQddVsb:  -5.14e-30    1.10e-14    1.10e-14      2.31e-14       6.43e-14
dQbdVgb:  -1.93e-15   -4.12e-15   -4.12e-15     -8.75e-15      -2.48e-14
dQbdVdb:  -3.96e-15   -5.55e-15   -5.55e-15     -1.30e-14      -3.19e-14
dQbdVsb:  -3.96e-15   -8.03e-15   -8.03e-15     -1.87e-14      -5.19e-14

Name:    m:x2:x2:in7   m:x2:12     m:x2:13     m:x2:14     m:x3:8
Model:      nmos        nmos        nmos        nmos        nmos
Id:        5.00e-05    1.25e-12   -5.11e-11    6.23e-11    1.25e-12
Vgs:       7.48e-01   -1.25e+00    1.25e+00    1.25e+00   -1.25e+00
Vds:       7.48e-01   -8.51e-07   -1.42e-08    4.21e-09    1.40e-06
Vbs:       0.00e+00   -1.25e+00   -1.25e+00   -1.25e+00   -1.25e+00
Vth:       4.56e-01    7.48e-01    7.48e-01    7.46e-01    7.48e-01
Vdsat:     2.20e-01    4.51e-02    3.36e-01    3.37e-01    4.51e-02
Gm:        3.47e-04    1.11e-34    9.08e-11    1.06e-10    1.83e-34
Gds:       3.68e-06    4.41e-30    3.69e-03    1.45e-02    4.41e-30
Gmb        9.41e-05    3.10e-35    1.88e-11    2.18e-11    5.09e-35
Cbd:       2.07e-15    3.96e-15    3.96e-15    1.28e-14    3.96e-15
Cbs:       2.39e-15    3.96e-15    3.96e-15    1.28e-14    3.96e-15
Cgsov:     1.82e-15    3.85e-15    3.85e-15    1.54e-14    3.85e-15
Cgdov:     1.82e-15    3.85e-15    3.85e-15    1.54e-14    3.85e-15
Cgbov:     4.23e-19    1.53e-19    1.53e-19    1.53e-19    1.53e-19
dQgdVgb:   1.07e-14    9.63e-15    1.41e-14    5.66e-14    9.63e-15
dQgdVdb:  -1.83e-15   -3.85e-15   -6.79e-15   -2.72e-14   -3.85e-15
dQgdVsb:  -8.43e-15   -3.85e-15   -7.25e-15   -2.90e-14   -3.85e-15
dQddVgb:  -4.64e-15   -3.85e-15   -7.07e-15   -2.83e-14   -3.85e-15
dQddVdb:   3.90e-15    7.81e-15    1.07e-14    3.96e-14    7.81e-15
dQddVsb:   3.67e-15   -5.14e-30    9.45e-16    3.81e-15   -4.74e-30
dQbdVgb:  -1.41e-15   -1.93e-15   -8.41e-18   -3.32e-17   -1.93e-15
dQbdVdb:  -2.08e-15   -3.96e-15   -6.73e-15   -2.38e-14   -3.96e-15
dQbdVsb:  -3.12e-15   -3.96e-15   -2.45e-15   -6.77e-15   -3.96e-15

Name:      m:x3:9      m:x3:10     m:x3:11   m:x3:x2:in1 m:x3:x2:in2
Model:      nmos        nmos        nmos        nmos        nmos
Id:        1.25e-12    1.25e-12    2.01e-10    1.51e-04    1.52e-04
Vgs:      -1.25e+00   -1.25e+00    1.25e+00    8.41e-01    8.41e-01
Vds:       1.30e-08   -2.57e-08    5.41e-08    1.39e+00    1.37e+00
Vbs:      -1.25e+00   -1.25e+00   -1.25e+00   -4.09e-01   -4.09e-01
Vth:       7.48e-01    7.48e-01    7.48e-01    5.66e-01    5.66e-01
Vdsat:     4.51e-02    4.51e-02    3.36e-01    2.22e-01    2.22e-01
Gm:        1.70e-36    3.37e-36    3.46e-10    1.07e-03    1.07e-03
Gds:       4.41e-30    4.41e-30    3.69e-03    9.42e-06    9.45e-06
Gmb        4.74e-37    9.37e-37    7.17e-11    2.53e-04    2.53e-04
Cbd:       3.96e-15    3.96e-15    3.96e-15    5.55e-15    5.55e-15
Cbs:       3.96e-15    3.96e-15    3.96e-15    6.52e-15    6.52e-15
Cgsov:     3.85e-15    3.85e-15    3.85e-15    5.72e-15    5.72e-15
Cgdov:     3.85e-15    3.85e-15    3.85e-15    5.72e-15    5.72e-15
Cgbov:     1.53e-19    1.53e-19    1.53e-19    4.23e-19    4.23e-19
dQgdVgb:   9.63e-15    9.63e-15    1.41e-14    3.32e-14    3.32e-14
dQgdVdb:  -3.85e-15   -3.85e-15   -6.79e-15   -5.72e-15   -5.72e-15
dQgdVsb:  -3.85e-15   -3.85e-15   -7.25e-15   -2.63e-14   -2.63e-14
dQddVgb:  -3.85e-15   -3.85e-15   -7.07e-15   -1.45e-14   -1.45e-14
dQddVdb:   7.81e-15    7.81e-15    1.07e-14    1.13e-14    1.13e-14
dQddVsb:  -4.74e-30   -5.14e-30    9.45e-16    1.10e-14    1.10e-14
dQbdVgb:  -1.93e-15   -1.93e-15   -8.41e-18   -4.12e-15   -4.12e-15
dQbdVdb:  -3.96e-15   -3.96e-15   -6.73e-15   -5.55e-15   -5.55e-15
dQbdVsb:  -3.96e-15   -3.96e-15   -2.45e-15   -8.03e-15   -8.03e-15

Name:    m:x3:x2:biasin m:x3:x2:biasout m:x3:x2:in7   m:x3:12     m:x3:13
Model:        nmos           nmos          nmos        nmos        nmos
Id:          3.03e-04       9.08e-04      5.00e-05    1.25e-12    1.25e-12
Vgs:         7.48e-01       7.48e-01      7.48e-01   -1.25e+00   -1.25e+00
Vds:         4.09e-01       1.25e+00      7.48e-01   -5.82e-08   -7.87e-08
Vbs:         0.00e+00       0.00e+00      0.00e+00   -1.25e+00   -1.25e+00
Vth:         4.53e-01       4.52e-01      4.56e-01    7.48e-01    7.48e-01
Vdsat:       2.22e-01       2.22e-01      2.20e-01    4.51e-02    4.51e-02
Gm:          2.08e-03       6.15e-03      3.47e-04    7.62e-36    1.03e-35
Gds:         4.46e-05       5.39e-05      3.68e-06    4.41e-30    4.41e-30
Gmb          5.66e-04       1.66e-03      9.41e-05    2.12e-36    2.87e-36
Cbd:         1.29e-14       3.19e-14      2.07e-15    3.96e-15    3.96e-15
Cbs:         1.41e-14       3.92e-14      2.39e-15    3.96e-15    3.96e-15
Cgsov:       1.15e-14       3.20e-14      1.82e-15    3.85e-15    3.85e-15
Cgdov:       1.15e-14       3.20e-14      1.82e-15    3.85e-15    3.85e-15
Cgbov:       4.23e-19       4.23e-19      4.23e-19    1.53e-19    1.53e-19
dQgdVgb:     6.74e-14       1.88e-13      1.07e-14    9.63e-15    9.63e-15
dQgdVdb:    -1.16e-14      -3.20e-14     -1.83e-15   -3.85e-15   -3.85e-15
dQgdVsb:    -5.31e-14      -1.48e-13     -8.43e-15   -3.85e-15   -3.85e-15
dQddVgb:    -2.93e-14      -8.14e-14     -4.64e-15   -3.85e-15   -3.85e-15
dQddVdb:     2.45e-14       6.39e-14      3.90e-15    7.81e-15    7.81e-15
dQddVsb:     2.31e-14       6.43e-14      3.67e-15   -5.14e-30   -4.74e-30
dQbdVgb:    -8.75e-15      -2.48e-14     -1.41e-15   -1.93e-15   -1.93e-15
dQbdVdb:    -1.30e-14      -3.19e-14     -2.08e-15   -3.96e-15   -3.96e-15
dQbdVsb:    -1.87e-14      -5.19e-14     -3.12e-15   -3.96e-15   -3.96e-15

Name:      m:x3:14   m:x4:x1:in1 m:x4:x1:in2 m:x4:x1:biasin m:x4:x1:biasout
Model:      nmos        nmos        nmos          nmos           nmos
Id:       -1.90e-10    1.51e-04    1.52e-04      3.03e-04       9.08e-04
Vgs:       1.25e+00    8.41e-01    8.42e-01      7.48e-01       7.48e-01
Vds:      -1.31e-08    1.39e+00    1.36e+00      4.08e-01       1.25e+00
Vbs:      -1.25e+00   -4.08e-01   -4.08e-01      0.00e+00       0.00e+00
Vth:       7.46e-01    5.66e-01    5.66e-01      4.53e-01       4.52e-01
Vdsat:     3.37e-01    2.22e-01    2.22e-01      2.22e-01       2.22e-01
Gm:        3.30e-10    1.07e-03    1.07e-03      2.08e-03       6.15e-03
Gds:       1.45e-02    9.42e-06    9.47e-06      4.46e-05       5.39e-05
Gmb        6.82e-11    2.53e-04    2.53e-04      5.66e-04       1.66e-03
Cbd:       1.28e-14    5.55e-15    5.56e-15      1.29e-14       3.19e-14
Cbs:       1.28e-14    6.52e-15    6.52e-15      1.41e-14       3.92e-14
Cgsov:     1.54e-14    5.72e-15    5.72e-15      1.15e-14       3.20e-14
Cgdov:     1.54e-14    5.72e-15    5.72e-15      1.15e-14       3.20e-14
Cgbov:     1.53e-19    4.23e-19    4.23e-19      4.23e-19       4.23e-19
dQgdVgb:   5.66e-14    3.32e-14    3.32e-14      6.74e-14       1.88e-13
dQgdVdb:  -2.72e-14   -5.72e-15   -5.72e-15     -1.16e-14      -3.20e-14
dQgdVsb:  -2.90e-14   -2.63e-14   -2.63e-14     -5.31e-14      -1.48e-13
dQddVgb:  -2.83e-14   -1.45e-14   -1.45e-14     -2.93e-14      -8.14e-14
dQddVdb:   3.96e-14    1.13e-14    1.13e-14      2.45e-14       6.39e-14
dQddVsb:   3.81e-15    1.10e-14    1.10e-14      2.31e-14       6.43e-14
dQbdVgb:  -3.32e-17   -4.12e-15   -4.12e-15     -8.75e-15      -2.48e-14
dQbdVdb:  -2.38e-14   -5.55e-15   -5.56e-15     -1.30e-14      -3.19e-14
dQbdVsb:  -6.77e-15   -8.03e-15   -8.03e-15     -1.87e-14      -5.19e-14

Name:    m:x4:x1:in7   m:x4:7      m:x4:1      m:x4:2      m:x4:3
Model:      nmos        nmos        nmos        nmos        nmos
Id:        5.00e-05    2.83e-09    1.25e-12    2.72e-09    1.25e-12
Vgs:       7.48e-01    1.25e+00   -1.25e+00    1.25e+00   -1.25e+00
Vds:       7.48e-01    1.94e-07    1.31e-04    1.87e-07    1.35e-04
Vbs:       0.00e+00   -1.25e+00   -1.25e+00   -1.25e+00   -1.25e+00
Vth:       4.56e-01    7.46e-01    7.46e-01    7.46e-01    7.46e-01
Vdsat:     2.20e-01    3.37e-01    4.52e-02    3.37e-01    4.52e-02
Gm:        3.47e-04    4.88e-09    7.10e-32    4.70e-09    7.30e-32
Gds:       3.68e-06    1.45e-02    1.82e-29    1.45e-02    1.82e-29
Gmb        9.41e-05    1.01e-09    1.98e-32    9.71e-10    2.04e-32
Cbd:       2.07e-15    1.28e-14    1.28e-14    1.28e-14    1.28e-14
Cbs:       2.39e-15    1.28e-14    1.28e-14    1.28e-14    1.28e-14
Cgsov:     1.82e-15    1.54e-14    1.54e-14    1.54e-14    1.54e-14
Cgdov:     1.82e-15    1.54e-14    1.54e-14    1.54e-14    1.54e-14
Cgbov:     4.23e-19    1.53e-19    1.53e-19    1.53e-19    1.53e-19
dQgdVgb:   1.07e-14    5.66e-14    3.85e-14    5.66e-14    3.85e-14
dQgdVdb:  -1.83e-15   -2.72e-14   -1.54e-14   -2.72e-14   -1.54e-14
dQgdVsb:  -8.43e-15   -2.90e-14   -1.54e-14   -2.90e-14   -1.54e-14
dQddVgb:  -4.64e-15   -2.83e-14   -1.54e-14   -2.83e-14   -1.54e-14
dQddVdb:   3.90e-15    3.96e-14    2.82e-14    3.96e-14    2.82e-14
dQddVsb:   3.67e-15    3.81e-15   -2.05e-29    3.81e-15   -1.74e-29
dQbdVgb:  -1.41e-15   -3.32e-17   -7.72e-15   -3.32e-17   -7.72e-15
dQbdVdb:  -2.08e-15   -2.38e-14   -1.28e-14   -2.38e-14   -1.28e-14
dQbdVsb:  -3.12e-15   -6.77e-15   -1.28e-14   -6.77e-15   -1.28e-14

Name:      m:x4:4      m:x5:13     m:x5:14     m:x5:15     m:x5:16
Model:      nmos        nmos        nmos        nmos        nmos
Id:       -1.09e-10    3.68e-05    3.68e-05    3.67e-05    3.67e-05
Vgs:      -1.25e+00    6.99e-01    6.88e-01    6.99e-01    6.99e-01
Vds:      -1.25e+00    1.42e+00    2.49e-01    1.42e+00    1.40e+00
Vbs:      -1.25e+00   -4.08e-01   -4.20e-01   -4.08e-01   -4.08e-01
Vth:       4.79e-01    5.76e-01    5.84e-01    5.76e-01    5.76e-01
Vdsat:     3.94e-02    1.07e-01    9.57e-02    1.07e-01    1.07e-01
Gm:        2.88e-09    5.44e-04    6.47e-04    5.43e-04    5.43e-04
Gds:       4.80e-11    1.18e-05    2.29e-05    1.18e-05    1.18e-05
Gmb        9.11e-10    1.06e-04    1.32e-04    1.06e-04    1.06e-04
Cbd:       1.52e-14    1.98e-15    4.46e-15    1.98e-15    1.98e-15
Cbs:       1.28e-14    2.33e-15    4.64e-15    2.33e-15    2.33e-15
Cgsov:     1.54e-14    1.95e-15    3.90e-15    1.95e-15    1.95e-15
Cgdov:     1.54e-14    1.95e-15    3.90e-15    1.95e-15    1.95e-15
Cgbov:     1.53e-19    1.53e-19    3.06e-19    1.53e-19    1.53e-19
dQgdVgb:   3.85e-14    6.58e-15    1.31e-14    6.58e-15    6.58e-15
dQgdVdb:  -1.54e-14   -1.94e-15   -3.89e-15   -1.94e-15   -1.94e-15
dQgdVsb:  -1.54e-14   -4.40e-15   -8.73e-15   -4.40e-15   -4.40e-15
dQddVgb:  -1.54e-14   -3.00e-15   -5.98e-15   -3.00e-15   -3.00e-15
dQddVdb:   3.06e-14    3.92e-15    8.37e-15    3.92e-15    3.93e-15
dQddVsb:   3.57e-20    1.28e-15    2.53e-15    1.28e-15    1.28e-15
dQbdVgb:  -7.72e-15   -5.81e-16   -1.14e-15   -5.81e-16   -5.81e-16
dQbdVdb:  -1.52e-14   -1.98e-15   -4.48e-15   -1.98e-15   -1.98e-15
dQbdVsb:  -1.28e-14   -2.43e-15   -4.86e-15   -2.43e-15   -2.43e-15

Name:      m:x5:17     m:x5:18     m:x5:19     m:x5:20     m:x5:21
Model:      nmos        nmos        nmos        nmos        nmos
Id:        3.68e-05    3.67e-05    3.67e-05    3.68e-05    1.69e-05
Vgs:       6.81e-01    6.81e-01    6.81e-01    6.81e-01    7.18e-01
Vds:       4.08e-01    4.08e-01    4.08e-01    4.20e-01    2.92e-01
Vbs:       0.00e+00    0.00e+00    0.00e+00    0.00e+00   -3.90e-01
Vth:       3.91e-01    3.91e-01    3.91e-01    3.91e-01    5.80e-01
Vdsat:     2.21e-01    2.21e-01    2.21e-01    2.21e-01    1.17e-01
Gm:        2.72e-04    2.72e-04    2.72e-04    2.73e-04    2.47e-04
Gds:       2.79e-06    2.78e-06    2.78e-06    2.65e-06    8.99e-06
Gmb        7.67e-05    7.67e-05    7.67e-05    7.68e-05    4.98e-05
Cbd:       5.71e-15    5.71e-15    5.71e-15    5.70e-15    1.19e-15
Cbs:       6.27e-15    6.27e-15    6.27e-15    6.27e-15    1.25e-15
Cgsov:     5.00e-15    5.00e-15    5.00e-15    5.00e-15    9.70e-16
Cgdov:     5.00e-15    5.00e-15    5.00e-15    5.00e-15    9.70e-16
Cgbov:     1.47e-18    1.47e-18    1.47e-18    1.47e-18    1.53e-19
dQgdVgb:   7.61e-14    7.61e-14    7.61e-14    7.61e-14    3.29e-15
dQgdVdb:  -5.30e-15   -5.30e-15   -5.30e-15   -5.27e-15   -9.69e-16
dQgdVsb:  -6.68e-14   -6.68e-14   -6.68e-14   -6.68e-14   -2.21e-15
dQddVgb:  -3.21e-14   -3.21e-14   -3.21e-14   -3.21e-14   -1.50e-15
dQddVdb:   1.10e-14    1.10e-14    1.10e-14    1.09e-14    2.16e-15
dQddVsb:   3.54e-14    3.54e-14    3.54e-14    3.54e-14    6.49e-16
dQbdVgb:  -1.18e-14   -1.18e-14   -1.18e-14   -1.18e-14   -2.85e-16
dQbdVdb:  -5.94e-15   -5.94e-15   -5.94e-15   -5.90e-15   -1.19e-15
dQbdVsb:  -1.52e-14   -1.52e-14   -1.52e-14   -1.52e-14   -1.30e-15

Name:      m:x5:22     m:x5:23     m:x5:24     m:x5:27     m:x5:28
Model:      nmos        nmos        nmos        nmos        nmos
Id:        1.69e-05    1.69e-05    1.69e-05    2.50e-05    2.50e-05
Vgs:       7.52e-01    7.18e-01    7.52e-01    7.52e-01    7.15e-01
Vds:       3.90e-01    2.91e-01    3.90e-01    3.92e-01    3.60e-01
Vbs:       0.00e+00   -3.90e-01    0.00e+00    0.00e+00   -3.92e-01
Vth:       4.58e-01    5.80e-01    4.58e-01    4.57e-01    5.78e-01
Vdsat:     2.21e-01    1.17e-01    2.21e-01    2.22e-01    1.16e-01
Gm:        1.17e-04    2.47e-04    1.17e-04    1.71e-04    3.66e-04
Gds:       2.74e-06    8.99e-06    2.74e-06    4.00e-06    1.17e-05
Gmb        3.16e-05    4.98e-05    3.16e-05    4.65e-05    7.40e-05
Cbd:       8.40e-16    1.19e-15    8.40e-16    1.18e-15    1.69e-15
Cbs:       9.12e-16    1.25e-15    9.12e-16    1.28e-15    1.79e-15
Cgsov:     6.08e-16    9.70e-16    6.08e-16    9.09e-16    1.46e-15
Cgdov:     6.08e-16    9.70e-16    6.08e-16    9.09e-16    1.46e-15
Cgbov:     4.23e-19    1.53e-19    4.23e-19    4.23e-19    1.53e-19
dQgdVgb:   3.57e-15    3.29e-15    3.57e-15    5.34e-15    4.94e-15
dQgdVdb:  -6.18e-16   -9.69e-16   -6.18e-16   -9.23e-16   -1.45e-15
dQgdVsb:  -2.81e-15   -2.21e-15   -2.81e-15   -4.20e-15   -3.32e-15
dQddVgb:  -1.56e-15   -1.50e-15   -1.56e-15   -2.32e-15   -2.25e-15
dQddVdb:   1.46e-15    2.16e-15    1.46e-15    2.10e-15    3.14e-15
dQddVsb:   1.22e-15    6.49e-16    1.22e-15    1.83e-15    9.73e-16
dQbdVgb:  -4.62e-16   -2.85e-16   -4.62e-16   -6.90e-16   -4.30e-16
dQbdVdb:  -8.50e-16   -1.19e-15   -8.50e-16   -1.19e-15   -1.69e-15
dQbdVsb:  -1.16e-15   -1.30e-15   -1.16e-15   -1.64e-15   -1.87e-15

Name:      m:x5:30     m:x6:13     m:x6:14     m:x6:15     m:x6:16
Model:      nmos        nmos        nmos        nmos        nmos
Id:        2.50e-05    3.67e-05    3.67e-05    3.68e-05    3.68e-05
Vgs:       7.07e-01    6.99e-01    6.88e-01    6.99e-01    6.99e-01
Vds:       7.07e-01    1.42e+00    2.49e-01    1.42e+00    1.40e+00
Vbs:      -4.00e-01   -4.08e-01   -4.20e-01   -4.08e-01   -4.08e-01
Vth:       5.79e-01    5.76e-01    5.84e-01    5.76e-01    5.76e-01
Vdsat:     1.11e-01    1.07e-01    9.56e-02    1.07e-01    1.07e-01
Gm:        3.74e-04    5.43e-04    6.46e-04    5.44e-04    5.43e-04
Gds:       9.54e-06    1.18e-05    2.28e-05    1.18e-05    1.18e-05
Gmb        7.47e-05    1.06e-04    1.31e-04    1.06e-04    1.06e-04
Cbd:       1.62e-15    1.98e-15    4.46e-15    1.98e-15    1.98e-15
Cbs:       1.78e-15    2.33e-15    4.64e-15    2.33e-15    2.33e-15
Cgsov:     1.46e-15    1.95e-15    3.90e-15    1.95e-15    1.95e-15
Cgdov:     1.46e-15    1.95e-15    3.90e-15    1.95e-15    1.95e-15
Cgbov:     1.53e-19    1.53e-19    3.06e-19    1.53e-19    1.53e-19
dQgdVgb:   4.93e-15    6.58e-15    1.31e-14    6.58e-15    6.58e-15
dQgdVdb:  -1.45e-15   -1.94e-15   -3.89e-15   -1.94e-15   -1.94e-15
dQgdVsb:  -3.30e-15   -4.40e-15   -8.73e-15   -4.40e-15   -4.40e-15
dQddVgb:  -2.25e-15   -3.00e-15   -5.98e-15   -3.00e-15   -3.00e-15
dQddVdb:   3.07e-15    3.92e-15    8.37e-15    3.92e-15    3.93e-15
dQddVsb:   9.64e-16    1.28e-15    2.53e-15    1.28e-15    1.28e-15
dQbdVgb:  -4.34e-16   -5.81e-16   -1.14e-15   -5.81e-16   -5.81e-16
dQbdVdb:  -1.62e-15   -1.98e-15   -4.48e-15   -1.98e-15   -1.98e-15
dQbdVsb:  -1.86e-15   -2.43e-15   -4.86e-15   -2.43e-15   -2.43e-15

Name:      m:x6:17     m:x6:18     m:x6:19     m:x6:20     m:x6:21
Model:      nmos        nmos        nmos        nmos        nmos
Id:        3.67e-05    3.68e-05    3.68e-05    3.67e-05    1.69e-05
Vgs:       6.81e-01    6.81e-01    6.81e-01    6.81e-01    7.18e-01
Vds:       4.08e-01    4.08e-01    4.08e-01    4.20e-01    2.91e-01
Vbs:       0.00e+00    0.00e+00    0.00e+00    0.00e+00   -3.90e-01
Vth:       3.91e-01    3.91e-01    3.91e-01    3.91e-01    5.80e-01
Vdsat:     2.21e-01    2.21e-01    2.21e-01    2.21e-01    1.17e-01
Gm:        2.72e-04    2.72e-04    2.72e-04    2.72e-04    2.47e-04
Gds:       2.78e-06    2.79e-06    2.79e-06    2.64e-06    8.99e-06
Gmb        7.67e-05    7.67e-05    7.67e-05    7.67e-05    4.98e-05
Cbd:       5.71e-15    5.71e-15    5.71e-15    5.70e-15    1.19e-15
Cbs:       6.27e-15    6.27e-15    6.27e-15    6.27e-15    1.25e-15
Cgsov:     5.00e-15    5.00e-15    5.00e-15    5.00e-15    9.70e-16
Cgdov:     5.00e-15    5.00e-15    5.00e-15    5.00e-15    9.70e-16
Cgbov:     1.47e-18    1.47e-18    1.47e-18    1.47e-18    1.53e-19
dQgdVgb:   7.61e-14    7.61e-14    7.61e-14    7.61e-14    3.29e-15
dQgdVdb:  -5.30e-15   -5.30e-15   -5.30e-15   -5.27e-15   -9.69e-16
dQgdVsb:  -6.68e-14   -6.68e-14   -6.68e-14   -6.68e-14   -2.21e-15
dQddVgb:  -3.21e-14   -3.21e-14   -3.21e-14   -3.21e-14   -1.50e-15
dQddVdb:   1.10e-14    1.10e-14    1.10e-14    1.09e-14    2.16e-15
dQddVsb:   3.54e-14    3.54e-14    3.54e-14    3.54e-14    6.49e-16
dQbdVgb:  -1.18e-14   -1.18e-14   -1.18e-14   -1.18e-14   -2.85e-16
dQbdVdb:  -5.94e-15   -5.94e-15   -5.94e-15   -5.90e-15   -1.19e-15
dQbdVsb:  -1.52e-14   -1.52e-14   -1.52e-14   -1.52e-14   -1.30e-15

Name:      m:x6:22     m:x6:23     m:x6:24     m:x6:27     m:x6:28
Model:      nmos        nmos        nmos        nmos        nmos
Id:        1.69e-05    1.69e-05    1.69e-05    2.50e-05    2.50e-05
Vgs:       7.52e-01    7.18e-01    7.52e-01    7.52e-01    7.15e-01
Vds:       3.90e-01    2.92e-01    3.90e-01    3.92e-01    3.60e-01
Vbs:       0.00e+00   -3.90e-01    0.00e+00    0.00e+00   -3.92e-01
Vth:       4.58e-01    5.80e-01    4.58e-01    4.57e-01    5.78e-01
Vdsat:     2.21e-01    1.17e-01    2.21e-01    2.22e-01    1.16e-01
Gm:        1.17e-04    2.47e-04    1.17e-04    1.71e-04    3.66e-04
Gds:       2.74e-06    8.99e-06    2.74e-06    4.00e-06    1.17e-05
Gmb        3.16e-05    4.98e-05    3.16e-05    4.65e-05    7.40e-05
Cbd:       8.40e-16    1.19e-15    8.40e-16    1.18e-15    1.69e-15
Cbs:       9.12e-16    1.25e-15    9.12e-16    1.28e-15    1.79e-15
Cgsov:     6.08e-16    9.70e-16    6.08e-16    9.09e-16    1.46e-15
Cgdov:     6.08e-16    9.70e-16    6.08e-16    9.09e-16    1.46e-15
Cgbov:     4.23e-19    1.53e-19    4.23e-19    4.23e-19    1.53e-19
dQgdVgb:   3.57e-15    3.29e-15    3.57e-15    5.34e-15    4.94e-15
dQgdVdb:  -6.18e-16   -9.69e-16   -6.18e-16   -9.23e-16   -1.45e-15
dQgdVsb:  -2.81e-15   -2.21e-15   -2.81e-15   -4.20e-15   -3.32e-15
dQddVgb:  -1.56e-15   -1.50e-15   -1.56e-15   -2.32e-15   -2.25e-15
dQddVdb:   1.46e-15    2.16e-15    1.46e-15    2.10e-15    3.14e-15
dQddVsb:   1.22e-15    6.49e-16    1.22e-15    1.83e-15    9.73e-16
dQbdVgb:  -4.62e-16   -2.85e-16   -4.62e-16   -6.90e-16   -4.30e-16
dQbdVdb:  -8.50e-16   -1.19e-15   -8.50e-16   -1.19e-15   -1.69e-15
dQbdVsb:  -1.16e-15   -1.30e-15   -1.16e-15   -1.64e-15   -1.87e-15

Name:      m:x6:30     m:x7:13     m:x7:14     m:x7:15     m:x7:16
Model:      nmos        nmos        nmos        nmos        nmos
Id:        2.50e-05    3.67e-05    3.67e-05    3.68e-05    3.68e-05
Vgs:       7.07e-01    6.99e-01    6.75e-01    6.99e-01    6.99e-01
Vds:       7.07e-01    1.42e+00    8.17e-01    1.42e+00    1.40e+00
Vbs:      -4.00e-01   -4.08e-01   -4.32e-01   -4.08e-01   -4.08e-01
Vth:       5.79e-01    5.76e-01    5.84e-01    5.76e-01    5.76e-01
Vdsat:     1.11e-01    1.07e-01    8.83e-02    1.07e-01    1.07e-01
Gm:        3.74e-04    5.43e-04    6.63e-04    5.44e-04    5.43e-04
Gds:       9.54e-06    1.18e-05    1.57e-05    1.18e-05    1.18e-05
Gmb        7.47e-05    1.06e-04    1.32e-04    1.06e-04    1.06e-04
Cbd:       1.62e-15    1.98e-15    4.16e-15    1.98e-15    1.98e-15
Cbs:       1.78e-15    2.33e-15    4.63e-15    2.33e-15    2.33e-15
Cgsov:     1.46e-15    1.95e-15    3.90e-15    1.95e-15    1.95e-15
Cgdov:     1.46e-15    1.95e-15    3.90e-15    1.95e-15    1.95e-15
Cgbov:     1.53e-19    1.53e-19    3.06e-19    1.53e-19    1.53e-19
dQgdVgb:   4.93e-15    6.58e-15    1.30e-14    6.58e-15    6.58e-15
dQgdVdb:  -1.45e-15   -1.94e-15   -3.88e-15   -1.94e-15   -1.94e-15
dQgdVsb:  -3.30e-15   -4.40e-15   -8.61e-15   -4.40e-15   -4.40e-15
dQddVgb:  -2.25e-15   -3.00e-15   -5.91e-15   -3.00e-15   -3.00e-15
dQddVdb:   3.07e-15    3.92e-15    8.05e-15    3.92e-15    3.93e-15
dQddVsb:   9.64e-16    1.28e-15    2.46e-15    1.28e-15    1.28e-15
dQbdVgb:  -4.34e-16   -5.81e-16   -1.17e-15   -5.81e-16   -5.81e-16
dQbdVdb:  -1.62e-15   -1.98e-15   -4.16e-15   -1.98e-15   -1.98e-15
dQbdVsb:  -1.86e-15   -2.43e-15   -4.84e-15   -2.43e-15   -2.43e-15

Name:      m:x7:17     m:x7:18     m:x7:19     m:x7:20     m:x7:21
Model:      nmos        nmos        nmos        nmos        nmos
Id:        3.67e-05    3.68e-05    3.68e-05    3.67e-05    1.69e-05
Vgs:       6.81e-01    6.81e-01    6.81e-01    6.81e-01    7.18e-01
Vds:       4.08e-01    4.08e-01    4.08e-01    4.32e-01    2.91e-01
Vbs:       0.00e+00    0.00e+00    0.00e+00    0.00e+00   -3.90e-01
Vth:       3.91e-01    3.91e-01    3.91e-01    3.91e-01    5.80e-01
Vdsat:     2.21e-01    2.21e-01    2.21e-01    2.21e-01    1.17e-01
Gm:        2.72e-04    2.72e-04    2.72e-04    2.73e-04    2.47e-04
Gds:       2.78e-06    2.79e-06    2.79e-06    2.51e-06    8.99e-06
Gmb        7.67e-05    7.67e-05    7.67e-05    7.68e-05    4.98e-05
Cbd:       5.71e-15    5.71e-15    5.71e-15    5.69e-15    1.19e-15
Cbs:       6.27e-15    6.27e-15    6.27e-15    6.27e-15    1.25e-15
Cgsov:     5.00e-15    5.00e-15    5.00e-15    5.00e-15    9.70e-16
Cgdov:     5.00e-15    5.00e-15    5.00e-15    5.00e-15    9.70e-16
Cgbov:     1.47e-18    1.47e-18    1.47e-18    1.47e-18    1.53e-19
dQgdVgb:   7.61e-14    7.61e-14    7.61e-14    7.60e-14    3.29e-15
dQgdVdb:  -5.30e-15   -5.30e-15   -5.30e-15   -5.24e-15   -9.69e-16
dQgdVsb:  -6.68e-14   -6.68e-14   -6.68e-14   -6.68e-14   -2.21e-15
dQddVgb:  -3.21e-14   -3.21e-14   -3.21e-14   -3.21e-14   -1.50e-15
dQddVdb:   1.10e-14    1.10e-14    1.10e-14    1.09e-14    2.16e-15
dQddVsb:   3.54e-14    3.54e-14    3.54e-14    3.54e-14    6.49e-16
dQbdVgb:  -1.18e-14   -1.18e-14   -1.18e-14   -1.19e-14   -2.85e-16
dQbdVdb:  -5.94e-15   -5.94e-15   -5.94e-15   -5.87e-15   -1.19e-15
dQbdVsb:  -1.52e-14   -1.52e-14   -1.52e-14   -1.52e-14   -1.30e-15

Name:      m:x7:22     m:x7:23     m:x7:24     m:x7:27     m:x7:28
Model:      nmos        nmos        nmos        nmos        nmos
Id:        1.69e-05    1.69e-05    1.69e-05    2.50e-05    2.50e-05
Vgs:       7.52e-01    7.18e-01    7.52e-01    7.52e-01    7.15e-01
Vds:       3.90e-01    2.92e-01    3.90e-01    3.92e-01    3.60e-01
Vbs:       0.00e+00   -3.90e-01    0.00e+00    0.00e+00   -3.92e-01
Vth:       4.58e-01    5.80e-01    4.58e-01    4.57e-01    5.78e-01
Vdsat:     2.21e-01    1.17e-01    2.21e-01    2.22e-01    1.16e-01
Gm:        1.17e-04    2.47e-04    1.17e-04    1.71e-04    3.66e-04
Gds:       2.74e-06    8.99e-06    2.74e-06    4.00e-06    1.17e-05
Gmb        3.16e-05    4.98e-05    3.16e-05    4.65e-05    7.40e-05
Cbd:       8.40e-16    1.19e-15    8.40e-16    1.18e-15    1.69e-15
Cbs:       9.12e-16    1.25e-15    9.12e-16    1.28e-15    1.79e-15
Cgsov:     6.08e-16    9.70e-16    6.08e-16    9.09e-16    1.46e-15
Cgdov:     6.08e-16    9.70e-16    6.08e-16    9.09e-16    1.46e-15
Cgbov:     4.23e-19    1.53e-19    4.23e-19    4.23e-19    1.53e-19
dQgdVgb:   3.57e-15    3.29e-15    3.57e-15    5.34e-15    4.94e-15
dQgdVdb:  -6.18e-16   -9.69e-16   -6.18e-16   -9.23e-16   -1.45e-15
dQgdVsb:  -2.81e-15   -2.21e-15   -2.81e-15   -4.20e-15   -3.32e-15
dQddVgb:  -1.56e-15   -1.50e-15   -1.56e-15   -2.32e-15   -2.25e-15
dQddVdb:   1.46e-15    2.16e-15    1.46e-15    2.10e-15    3.14e-15
dQddVsb:   1.22e-15    6.49e-16    1.22e-15    1.83e-15    9.73e-16
dQbdVgb:  -4.62e-16   -2.85e-16   -4.62e-16   -6.90e-16   -4.30e-16
dQbdVdb:  -8.50e-16   -1.19e-15   -8.50e-16   -1.19e-15   -1.69e-15
dQbdVsb:  -1.16e-15   -1.30e-15   -1.16e-15   -1.64e-15   -1.87e-15

Name:      m:x7:30     m:x8:13     m:x8:14     m:x8:15     m:x8:16
Model:      nmos        nmos        nmos        nmos        nmos
Id:        2.50e-05    6.56e-05    6.61e-05    7.88e-06    7.88e-06
Vgs:       7.07e-01    7.47e-01    7.04e-01    6.30e-01    6.28e-01
Vds:       7.07e-01    8.88e-01    8.46e-01    1.35e+00    1.47e+00
Vbs:      -4.00e-01   -3.60e-01   -4.03e-01   -4.78e-01   -4.80e-01
Vth:       5.79e-01    5.68e-01    5.78e-01    5.91e-01    5.91e-01
Vdsat:     1.11e-01    1.44e-01    1.09e-01    6.41e-02    6.34e-02
Gm:        3.74e-04    7.21e-04    9.93e-04    1.68e-04    1.68e-04
Gds:       9.54e-06    1.93e-05    2.43e-05    3.40e-06    3.32e-06
Gmb        7.47e-05    1.44e-04    1.98e-04    3.31e-05    3.30e-05
Cbd:       1.62e-15    2.08e-15    4.16e-15    1.98e-15    1.96e-15
Cbs:       1.78e-15    2.35e-15    4.66e-15    2.30e-15    2.30e-15
Cgsov:     1.46e-15    1.95e-15    3.90e-15    1.95e-15    1.95e-15
Cgdov:     1.46e-15    1.95e-15    3.90e-15    1.95e-15    1.95e-15
Cgbov:     1.53e-19    1.53e-19    3.06e-19    1.53e-19    1.53e-19
dQgdVgb:   4.93e-15    6.64e-15    1.32e-14    6.12e-15    6.09e-15
dQgdVdb:  -1.45e-15   -1.94e-15   -3.88e-15   -1.94e-15   -1.94e-15
dQgdVsb:  -3.30e-15   -4.47e-15   -8.83e-15   -3.84e-15   -3.81e-15
dQddVgb:  -2.25e-15   -3.03e-15   -6.01e-15   -2.76e-15   -2.75e-15
dQddVdb:   3.07e-15    4.03e-15    8.05e-15    3.92e-15    3.91e-15
dQddVsb:   9.64e-16    1.32e-15    2.58e-15    9.85e-16    9.71e-16
dQbdVgb:  -4.34e-16   -5.81e-16   -1.16e-15   -5.97e-16   -5.97e-16
dQbdVdb:  -1.62e-15   -2.08e-15   -4.16e-15   -1.98e-15   -1.96e-15
dQbdVsb:  -1.86e-15   -2.46e-15   -4.88e-15   -2.38e-15   -2.38e-15

Name:      m:x8:17     m:x8:18     m:x8:19     m:x8:20     m:x8:21
Model:      nmos        nmos        nmos        nmos        nmos
Id:        6.56e-05    7.88e-06    7.88e-06    6.61e-05    1.70e-05
Vgs:       7.77e-01    5.39e-01    5.39e-01    7.77e-01    7.15e-01
Vds:       3.60e-01    4.80e-01    4.78e-01    4.03e-01    3.85e-01
Vbs:       0.00e+00    0.00e+00    0.00e+00    0.00e+00   -3.92e-01
Vth:       3.91e-01    3.91e-01    3.91e-01    3.91e-01    5.80e-01
Vdsat:     2.92e-01    1.12e-01    1.12e-01    2.92e-01    1.15e-01
Gm:        3.29e-04    1.22e-04    1.22e-04    3.35e-04    2.50e-04
Gds:       1.34e-05    5.40e-07    5.41e-07    8.02e-06    7.73e-06
Gmb        9.36e-05    3.46e-05    3.46e-05    9.50e-05    5.03e-05
Cbd:       5.77e-15    5.64e-15    5.64e-15    5.72e-15    1.18e-15
Cbs:       6.27e-15    6.27e-15    6.27e-15    6.27e-15    1.25e-15
Cgsov:     5.00e-15    5.00e-15    5.00e-15    5.00e-15    9.70e-16
Cgdov:     5.00e-15    5.00e-15    5.00e-15    5.00e-15    9.70e-16
Cgbov:     1.47e-18    1.47e-18    1.47e-18    1.47e-18    1.53e-19
dQgdVgb:   7.67e-14    7.51e-14    7.51e-14    7.63e-14    3.29e-15
dQgdVdb:  -6.14e-15   -5.05e-15   -5.05e-15   -5.69e-15   -9.67e-16
dQgdVsb:  -6.70e-14   -6.53e-14   -6.53e-14   -6.71e-14   -2.21e-15
dQddVgb:  -3.27e-14   -3.15e-14   -3.15e-14   -3.24e-14   -1.50e-15
dQddVdb:   1.18e-14    1.07e-14    1.07e-14    1.13e-14    2.14e-15
dQddVsb:   3.53e-14    3.47e-14    3.47e-14    3.54e-14    6.47e-16
dQbdVgb:  -1.13e-14   -1.22e-14   -1.22e-14   -1.16e-14   -2.88e-16
dQbdVdb:  -6.63e-15   -5.68e-15   -5.68e-15   -6.24e-15   -1.18e-15
dQbdVsb:  -1.49e-14   -1.54e-14   -1.54e-14   -1.49e-14   -1.30e-15

Name:      m:x8:22     m:x8:23     m:x8:24     m:x8:27     m:x8:28
Model:      nmos        nmos        nmos        nmos        nmos
Id:        1.70e-05    1.69e-05    1.69e-05    2.50e-05    2.50e-05
Vgs:       7.52e-01    7.24e-01    7.52e-01    7.52e-01    7.15e-01
Vds:       3.92e-01    1.56e-01    3.84e-01    3.92e-01    3.60e-01
Vbs:       0.00e+00   -3.84e-01    0.00e+00    0.00e+00   -3.92e-01
Vth:       4.58e-01    5.79e-01    4.58e-01    4.57e-01    5.78e-01
Vdsat:     2.21e-01    1.21e-01    2.21e-01    2.22e-01    1.16e-01
Gm:        1.17e-04    2.32e-04    1.16e-04    1.71e-04    3.66e-04
Gds:       2.70e-06    2.23e-05    2.83e-06    4.00e-06    1.17e-05
Gmb        3.16e-05    4.71e-05    3.16e-05    4.65e-05    7.40e-05
Cbd:       8.40e-16    1.22e-15    8.41e-16    1.18e-15    1.69e-15
Cbs:       9.12e-16    1.25e-15    9.12e-16    1.28e-15    1.79e-15
Cgsov:     6.08e-16    9.70e-16    6.08e-16    9.09e-16    1.46e-15
Cgdov:     6.08e-16    9.70e-16    6.08e-16    9.09e-16    1.46e-15
Cgbov:     4.23e-19    1.53e-19    4.23e-19    4.23e-19    1.53e-19
dQgdVgb:   3.57e-15    3.32e-15    3.57e-15    5.34e-15    4.94e-15
dQgdVdb:  -6.18e-16   -9.92e-16   -6.19e-16   -9.23e-16   -1.45e-15
dQgdVsb:  -2.81e-15   -2.22e-15   -2.81e-15   -4.20e-15   -3.32e-15
dQddVgb:  -1.56e-15   -1.53e-15   -1.56e-15   -2.32e-15   -2.25e-15
dQddVdb:   1.46e-15    2.21e-15    1.46e-15    2.10e-15    3.14e-15
dQddVsb:   1.22e-15    6.51e-16    1.22e-15    1.83e-15    9.73e-16
dQbdVgb:  -4.62e-16   -2.65e-16   -4.61e-16   -6.90e-16   -4.30e-16
dQbdVdb:  -8.49e-16   -1.24e-15   -8.51e-16   -1.19e-15   -1.69e-15
dQbdVsb:  -1.16e-15   -1.30e-15   -1.16e-15   -1.64e-15   -1.87e-15

Name:      m:x8:30     m:x9:13     m:x9:14     m:x9:15     m:x9:16
Model:      nmos        nmos        nmos        nmos        nmos
Id:        2.50e-05    3.67e-05    3.68e-05    3.67e-05    3.67e-05
Vgs:       7.07e-01    6.99e-01    6.75e-01    6.99e-01    6.99e-01
Vds:       7.07e-01    1.42e+00    8.17e-01    1.42e+00    1.40e+00
Vbs:      -4.00e-01   -4.08e-01   -4.32e-01   -4.08e-01   -4.08e-01
Vth:       5.79e-01    5.76e-01    5.84e-01    5.76e-01    5.76e-01
Vdsat:     1.11e-01    1.07e-01    8.83e-02    1.07e-01    1.07e-01
Gm:        3.74e-04    5.43e-04    6.63e-04    5.43e-04    5.43e-04
Gds:       9.54e-06    1.18e-05    1.57e-05    1.18e-05    1.18e-05
Gmb        7.47e-05    1.06e-04    1.32e-04    1.06e-04    1.06e-04
Cbd:       1.62e-15    1.98e-15    4.16e-15    1.98e-15    1.98e-15
Cbs:       1.78e-15    2.33e-15    4.63e-15    2.33e-15    2.33e-15
Cgsov:     1.46e-15    1.95e-15    3.90e-15    1.95e-15    1.95e-15
Cgdov:     1.46e-15    1.95e-15    3.90e-15    1.95e-15    1.95e-15
Cgbov:     1.53e-19    1.53e-19    3.06e-19    1.53e-19    1.53e-19
dQgdVgb:   4.93e-15    6.58e-15    1.30e-14    6.58e-15    6.58e-15
dQgdVdb:  -1.45e-15   -1.94e-15   -3.88e-15   -1.94e-15   -1.94e-15
dQgdVsb:  -3.30e-15   -4.40e-15   -8.61e-15   -4.40e-15   -4.40e-15
dQddVgb:  -2.25e-15   -3.00e-15   -5.91e-15   -3.00e-15   -3.00e-15
dQddVdb:   3.07e-15    3.92e-15    8.05e-15    3.92e-15    3.93e-15
dQddVsb:   9.64e-16    1.28e-15    2.46e-15    1.28e-15    1.28e-15
dQbdVgb:  -4.34e-16   -5.81e-16   -1.17e-15   -5.81e-16   -5.81e-16
dQbdVdb:  -1.62e-15   -1.98e-15   -4.16e-15   -1.98e-15   -1.98e-15
dQbdVsb:  -1.86e-15   -2.43e-15   -4.84e-15   -2.43e-15   -2.43e-15

Name:      m:x9:17     m:x9:18     m:x9:19     m:x9:20     m:x9:21
Model:      nmos        nmos        nmos        nmos        nmos
Id:        3.67e-05    3.67e-05    3.67e-05    3.68e-05    1.69e-05
Vgs:       6.81e-01    6.81e-01    6.81e-01    6.81e-01    7.18e-01
Vds:       4.08e-01    4.08e-01    4.08e-01    4.32e-01    2.91e-01
Vbs:       0.00e+00    0.00e+00    0.00e+00    0.00e+00   -3.90e-01
Vth:       3.91e-01    3.91e-01    3.91e-01    3.91e-01    5.80e-01
Vdsat:     2.21e-01    2.21e-01    2.21e-01    2.21e-01    1.17e-01
Gm:        2.72e-04    2.72e-04    2.72e-04    2.73e-04    2.47e-04
Gds:       2.79e-06    2.79e-06    2.79e-06    2.52e-06    8.99e-06
Gmb        7.67e-05    7.67e-05    7.67e-05    7.69e-05    4.98e-05
Cbd:       5.71e-15    5.71e-15    5.71e-15    5.69e-15    1.19e-15
Cbs:       6.27e-15    6.27e-15    6.27e-15    6.27e-15    1.25e-15
Cgsov:     5.00e-15    5.00e-15    5.00e-15    5.00e-15    9.70e-16
Cgdov:     5.00e-15    5.00e-15    5.00e-15    5.00e-15    9.70e-16
Cgbov:     1.47e-18    1.47e-18    1.47e-18    1.47e-18    1.53e-19
dQgdVgb:   7.61e-14    7.61e-14    7.61e-14    7.60e-14    3.29e-15
dQgdVdb:  -5.30e-15   -5.30e-15   -5.30e-15   -5.24e-15   -9.69e-16
dQgdVsb:  -6.68e-14   -6.68e-14   -6.68e-14   -6.68e-14   -2.21e-15
dQddVgb:  -3.21e-14   -3.21e-14   -3.21e-14   -3.21e-14   -1.50e-15
dQddVdb:   1.10e-14    1.10e-14    1.10e-14    1.09e-14    2.16e-15
dQddVsb:   3.54e-14    3.54e-14    3.54e-14    3.54e-14    6.49e-16
dQbdVgb:  -1.18e-14   -1.18e-14   -1.18e-14   -1.19e-14   -2.85e-16
dQbdVdb:  -5.94e-15   -5.94e-15   -5.94e-15   -5.87e-15   -1.19e-15
dQbdVsb:  -1.52e-14   -1.52e-14   -1.52e-14   -1.52e-14   -1.30e-15

Name:      m:x9:22     m:x9:23     m:x9:24     m:x9:27     m:x9:28
Model:      nmos        nmos        nmos        nmos        nmos
Id:        1.69e-05    1.69e-05    1.69e-05    2.50e-05    2.50e-05
Vgs:       7.52e-01    7.18e-01    7.52e-01    7.52e-01    7.15e-01
Vds:       3.90e-01    2.91e-01    3.90e-01    3.92e-01    3.60e-01
Vbs:       0.00e+00   -3.90e-01    0.00e+00    0.00e+00   -3.92e-01
Vth:       4.58e-01    5.80e-01    4.58e-01    4.57e-01    5.78e-01
Vdsat:     2.21e-01    1.17e-01    2.21e-01    2.22e-01    1.16e-01
Gm:        1.17e-04    2.47e-04    1.17e-04    1.71e-04    3.66e-04
Gds:       2.74e-06    8.99e-06    2.74e-06    4.00e-06    1.17e-05
Gmb        3.16e-05    4.98e-05    3.16e-05    4.65e-05    7.40e-05
Cbd:       8.40e-16    1.19e-15    8.40e-16    1.18e-15    1.69e-15
Cbs:       9.12e-16    1.25e-15    9.12e-16    1.28e-15    1.79e-15
Cgsov:     6.08e-16    9.70e-16    6.08e-16    9.09e-16    1.46e-15
Cgdov:     6.08e-16    9.70e-16    6.08e-16    9.09e-16    1.46e-15
Cgbov:     4.23e-19    1.53e-19    4.23e-19    4.23e-19    1.53e-19
dQgdVgb:   3.57e-15    3.29e-15    3.57e-15    5.34e-15    4.94e-15
dQgdVdb:  -6.18e-16   -9.69e-16   -6.18e-16   -9.23e-16   -1.45e-15
dQgdVsb:  -2.81e-15   -2.21e-15   -2.81e-15   -4.20e-15   -3.32e-15
dQddVgb:  -1.56e-15   -1.50e-15   -1.56e-15   -2.32e-15   -2.25e-15
dQddVdb:   1.46e-15    2.16e-15    1.46e-15    2.10e-15    3.14e-15
dQddVsb:   1.22e-15    6.49e-16    1.22e-15    1.83e-15    9.73e-16
dQbdVgb:  -4.62e-16   -2.85e-16   -4.62e-16   -6.90e-16   -4.30e-16
dQbdVdb:  -8.50e-16   -1.19e-15   -8.50e-16   -1.19e-15   -1.69e-15
dQbdVsb:  -1.16e-15   -1.30e-15   -1.16e-15   -1.64e-15   -1.87e-15

Name:      m:x9:30    m:x10:13    m:x10:14    m:x10:15    m:x10:16
Model:      nmos        nmos        nmos        nmos        nmos
Id:        2.50e-05    3.67e-05    3.67e-05    3.68e-05    3.68e-05
Vgs:       7.07e-01    6.99e-01    6.75e-01    6.99e-01    6.99e-01
Vds:       7.07e-01    1.42e+00    8.17e-01    1.42e+00    1.40e+00
Vbs:      -4.00e-01   -4.08e-01   -4.32e-01   -4.08e-01   -4.08e-01
Vth:       5.79e-01    5.76e-01    5.84e-01    5.76e-01    5.76e-01
Vdsat:     1.11e-01    1.07e-01    8.83e-02    1.07e-01    1.08e-01
Gm:        3.74e-04    5.43e-04    6.63e-04    5.44e-04    5.43e-04
Gds:       9.54e-06    1.18e-05    1.57e-05    1.18e-05    1.18e-05
Gmb        7.47e-05    1.06e-04    1.32e-04    1.06e-04    1.06e-04
Cbd:       1.62e-15    1.98e-15    4.16e-15    1.98e-15    1.98e-15
Cbs:       1.78e-15    2.33e-15    4.63e-15    2.33e-15    2.33e-15
Cgsov:     1.46e-15    1.95e-15    3.90e-15    1.95e-15    1.95e-15
Cgdov:     1.46e-15    1.95e-15    3.90e-15    1.95e-15    1.95e-15
Cgbov:     1.53e-19    1.53e-19    3.06e-19    1.53e-19    1.53e-19
dQgdVgb:   4.93e-15    6.58e-15    1.30e-14    6.58e-15    6.58e-15
dQgdVdb:  -1.45e-15   -1.94e-15   -3.88e-15   -1.94e-15   -1.94e-15
dQgdVsb:  -3.30e-15   -4.40e-15   -8.61e-15   -4.40e-15   -4.40e-15
dQddVgb:  -2.25e-15   -3.00e-15   -5.91e-15   -3.00e-15   -3.00e-15
dQddVdb:   3.07e-15    3.92e-15    8.05e-15    3.92e-15    3.93e-15
dQddVsb:   9.64e-16    1.28e-15    2.46e-15    1.28e-15    1.28e-15
dQbdVgb:  -4.34e-16   -5.81e-16   -1.17e-15   -5.81e-16   -5.81e-16
dQbdVdb:  -1.62e-15   -1.98e-15   -4.16e-15   -1.98e-15   -1.98e-15
dQbdVsb:  -1.86e-15   -2.43e-15   -4.84e-15   -2.43e-15   -2.43e-15

Name:     m:x10:17    m:x10:18    m:x10:19    m:x10:20    m:x10:21
Model:      nmos        nmos        nmos        nmos        nmos
Id:        3.67e-05    3.68e-05    3.68e-05    3.67e-05    1.69e-05
Vgs:       6.81e-01    6.81e-01    6.81e-01    6.81e-01    7.18e-01
Vds:       4.08e-01    4.08e-01    4.08e-01    4.32e-01    2.91e-01
Vbs:       0.00e+00    0.00e+00    0.00e+00    0.00e+00   -3.90e-01
Vth:       3.91e-01    3.91e-01    3.91e-01    3.91e-01    5.80e-01
Vdsat:     2.21e-01    2.21e-01    2.21e-01    2.21e-01    1.17e-01
Gm:        2.72e-04    2.72e-04    2.72e-04    2.73e-04    2.47e-04
Gds:       2.78e-06    2.79e-06    2.79e-06    2.51e-06    8.99e-06
Gmb        7.67e-05    7.67e-05    7.67e-05    7.68e-05    4.98e-05
Cbd:       5.71e-15    5.71e-15    5.71e-15    5.69e-15    1.19e-15
Cbs:       6.27e-15    6.27e-15    6.27e-15    6.27e-15    1.25e-15
Cgsov:     5.00e-15    5.00e-15    5.00e-15    5.00e-15    9.70e-16
Cgdov:     5.00e-15    5.00e-15    5.00e-15    5.00e-15    9.70e-16
Cgbov:     1.47e-18    1.47e-18    1.47e-18    1.47e-18    1.53e-19
dQgdVgb:   7.61e-14    7.61e-14    7.61e-14    7.60e-14    3.29e-15
dQgdVdb:  -5.30e-15   -5.30e-15   -5.30e-15   -5.24e-15   -9.69e-16
dQgdVsb:  -6.68e-14   -6.68e-14   -6.68e-14   -6.68e-14   -2.21e-15
dQddVgb:  -3.21e-14   -3.21e-14   -3.21e-14   -3.21e-14   -1.50e-15
dQddVdb:   1.10e-14    1.10e-14    1.10e-14    1.09e-14    2.16e-15
dQddVsb:   3.54e-14    3.54e-14    3.54e-14    3.54e-14    6.49e-16
dQbdVgb:  -1.18e-14   -1.18e-14   -1.18e-14   -1.19e-14   -2.85e-16
dQbdVdb:  -5.94e-15   -5.94e-15   -5.94e-15   -5.87e-15   -1.19e-15
dQbdVsb:  -1.52e-14   -1.52e-14   -1.52e-14   -1.52e-14   -1.30e-15

Name:     m:x10:22    m:x10:23    m:x10:24    m:x10:27    m:x10:28
Model:      nmos        nmos        nmos        nmos        nmos
Id:        1.69e-05    1.69e-05    1.69e-05    2.50e-05    2.50e-05
Vgs:       7.52e-01    7.18e-01    7.52e-01    7.52e-01    7.15e-01
Vds:       3.90e-01    2.92e-01    3.90e-01    3.92e-01    3.60e-01
Vbs:       0.00e+00   -3.90e-01    0.00e+00    0.00e+00   -3.92e-01
Vth:       4.58e-01    5.80e-01    4.58e-01    4.57e-01    5.78e-01
Vdsat:     2.21e-01    1.17e-01    2.21e-01    2.22e-01    1.16e-01
Gm:        1.17e-04    2.47e-04    1.17e-04    1.71e-04    3.66e-04
Gds:       2.74e-06    8.99e-06    2.74e-06    4.00e-06    1.17e-05
Gmb        3.16e-05    4.98e-05    3.16e-05    4.65e-05    7.40e-05
Cbd:       8.40e-16    1.19e-15    8.40e-16    1.18e-15    1.69e-15
Cbs:       9.12e-16    1.25e-15    9.12e-16    1.28e-15    1.79e-15
Cgsov:     6.08e-16    9.70e-16    6.08e-16    9.09e-16    1.46e-15
Cgdov:     6.08e-16    9.70e-16    6.08e-16    9.09e-16    1.46e-15
Cgbov:     4.23e-19    1.53e-19    4.23e-19    4.23e-19    1.53e-19
dQgdVgb:   3.57e-15    3.29e-15    3.57e-15    5.34e-15    4.94e-15
dQgdVdb:  -6.18e-16   -9.69e-16   -6.18e-16   -9.23e-16   -1.45e-15
dQgdVsb:  -2.81e-15   -2.21e-15   -2.81e-15   -4.20e-15   -3.32e-15
dQddVgb:  -1.56e-15   -1.50e-15   -1.56e-15   -2.32e-15   -2.25e-15
dQddVdb:   1.46e-15    2.16e-15    1.46e-15    2.10e-15    3.14e-15
dQddVsb:   1.22e-15    6.49e-16    1.22e-15    1.83e-15    9.73e-16
dQbdVgb:  -4.62e-16   -2.85e-16   -4.62e-16   -6.90e-16   -4.30e-16
dQbdVdb:  -8.50e-16   -1.19e-15   -8.50e-16   -1.19e-15   -1.69e-15
dQbdVsb:  -1.16e-15   -1.30e-15   -1.16e-15   -1.64e-15   -1.87e-15

Name:     m:x10:30   m:x1:x2:cm2 m:x1:x2:cm1 m:x1:x2:out m:x2:x2:cm2
Model:      nmos        pmos        pmos        pmos        pmos
Id:        2.50e-05   -1.52e-04   -1.51e-04   -9.08e-04   -1.52e-04
Vgs:       7.07e-01   -7.04e-01   -7.04e-01   -7.23e-01   -7.04e-01
Vds:       7.07e-01   -7.23e-01   -7.04e-01   -1.25e+00   -7.23e-01
Vbs:      -4.00e-01    0.00e+00    0.00e+00    0.00e+00    0.00e+00
Vth:       5.79e-01   -4.65e-01   -4.65e-01   -5.20e-01   -4.65e-01
Vdsat:     1.11e-01   -2.08e-01   -2.08e-01   -1.93e-01   -2.08e-01
Gm:        3.74e-04    1.18e-03    1.18e-03    8.07e-03    1.18e-03
Gds:       9.54e-06    1.08e-05    1.09e-05    1.73e-04    1.08e-05
Gmb        7.47e-05    3.82e-04    3.81e-04    2.48e-03    3.82e-04
Cbd:       1.62e-15    2.95e-14    2.96e-14    5.95e-14    2.95e-14
Cbs:       1.78e-15    3.69e-14    3.69e-14    8.25e-14    3.69e-14
Cgsov:     1.46e-15    2.45e-14    2.45e-14    5.48e-14    2.45e-14
Cgdov:     1.46e-15    2.45e-14    2.45e-14    5.48e-14    2.45e-14
Cgbov:     1.53e-19    4.01e-19    4.01e-19    1.31e-19    4.01e-19
dQgdVgb:   4.93e-15    1.46e-13    1.46e-13    1.82e-13    1.46e-13
dQgdVdb:  -1.45e-15   -2.45e-14   -2.45e-14   -5.46e-14   -2.45e-14
dQgdVsb:  -3.30e-15   -1.18e-13   -1.18e-13   -1.25e-13   -1.18e-13
dQddVgb:  -2.25e-15   -6.31e-14   -6.31e-14   -8.30e-14   -6.31e-14
dQddVdb:   3.07e-15    5.40e-14    5.41e-14    1.14e-13    5.40e-14
dQddVsb:   9.64e-16    5.12e-14    5.12e-14    3.71e-14    5.12e-14
dQbdVgb:  -4.34e-16   -1.95e-14   -1.95e-14   -1.63e-14   -1.95e-14
dQbdVdb:  -1.62e-15   -2.95e-14   -2.96e-14   -5.95e-14   -2.95e-14
dQbdVsb:  -1.86e-15   -4.61e-14   -4.61e-14   -8.65e-14   -4.61e-14

Name:    m:x2:x2:cm1 m:x2:x2:out m:x3:x2:cm2 m:x3:x2:cm1 m:x3:x2:out
Model:      pmos        pmos        pmos        pmos        pmos
Id:       -1.51e-04   -9.08e-04   -1.52e-04   -1.51e-04   -9.08e-04
Vgs:      -7.04e-01   -7.23e-01   -7.04e-01   -7.04e-01   -7.23e-01
Vds:      -7.04e-01   -1.25e+00   -7.23e-01   -7.04e-01   -1.25e+00
Vbs:       0.00e+00    0.00e+00    0.00e+00    0.00e+00    0.00e+00
Vth:      -4.65e-01   -5.20e-01   -4.65e-01   -4.65e-01   -5.20e-01
Vdsat:    -2.08e-01   -1.93e-01   -2.08e-01   -2.08e-01   -1.93e-01
Gm:        1.18e-03    8.07e-03    1.18e-03    1.18e-03    8.07e-03
Gds:       1.09e-05    1.73e-04    1.08e-05    1.09e-05    1.73e-04
Gmb        3.81e-04    2.48e-03    3.82e-04    3.81e-04    2.48e-03
Cbd:       2.96e-14    5.95e-14    2.95e-14    2.96e-14    5.95e-14
Cbs:       3.69e-14    8.25e-14    3.69e-14    3.69e-14    8.25e-14
Cgsov:     2.45e-14    5.48e-14    2.45e-14    2.45e-14    5.48e-14
Cgdov:     2.45e-14    5.48e-14    2.45e-14    2.45e-14    5.48e-14
Cgbov:     4.01e-19    1.31e-19    4.01e-19    4.01e-19    1.31e-19
dQgdVgb:   1.46e-13    1.82e-13    1.46e-13    1.46e-13    1.82e-13
dQgdVdb:  -2.45e-14   -5.46e-14   -2.45e-14   -2.45e-14   -5.46e-14
dQgdVsb:  -1.18e-13   -1.25e-13   -1.18e-13   -1.18e-13   -1.25e-13
dQddVgb:  -6.31e-14   -8.30e-14   -6.31e-14   -6.31e-14   -8.30e-14
dQddVdb:   5.41e-14    1.14e-13    5.40e-14    5.41e-14    1.14e-13
dQddVsb:   5.12e-14    3.71e-14    5.12e-14    5.12e-14    3.71e-14
dQbdVgb:  -1.95e-14   -1.63e-14   -1.95e-14   -1.95e-14   -1.63e-14
dQbdVdb:  -2.96e-14   -5.95e-14   -2.95e-14   -2.96e-14   -5.95e-14
dQbdVsb:  -4.61e-14   -8.65e-14   -4.61e-14   -4.61e-14   -8.65e-14

Name:    m:x4:x1:cm2 m:x4:x1:cm1 m:x4:x1:out   m:x5:1      m:x5:2
Model:      pmos        pmos        pmos        pmos        pmos
Id:       -1.52e-04   -1.51e-04   -9.66e-04   -3.67e-05   -3.67e-05
Vgs:      -7.04e-01   -7.04e-01   -7.30e-01   -6.89e-01   -6.89e-01
Vds:      -7.30e-01   -7.04e-01   -1.25e+00   -3.89e-01   -4.04e-01
Vbs:       0.00e+00    0.00e+00    0.00e+00    0.00e+00    0.00e+00
Vth:      -4.65e-01   -4.65e-01   -5.20e-01   -4.48e-01   -4.48e-01
Vdsat:    -2.08e-01   -2.08e-01   -1.98e-01   -2.03e-01   -2.03e-01
Gm:        1.18e-03    1.18e-03    8.30e-03    2.85e-04    2.85e-04
Gds:       1.08e-05    1.09e-05    1.82e-04    2.42e-06    2.26e-06
Gmb        3.82e-04    3.81e-04    2.56e-03    9.32e-05    9.33e-05
Cbd:       2.94e-14    2.96e-14    5.95e-14    1.41e-14    1.41e-14
Cbs:       3.69e-14    3.69e-14    8.25e-14    1.62e-14    1.62e-14
Cgsov:     2.45e-14    2.45e-14    5.48e-14    1.07e-14    1.07e-14
Cgdov:     2.45e-14    2.45e-14    5.48e-14    1.07e-14    1.07e-14
Cgbov:     4.01e-19    4.01e-19    1.31e-19    7.01e-19    7.01e-19
dQgdVgb:   1.46e-13    1.46e-13    1.82e-13    9.52e-14    9.52e-14
dQgdVdb:  -2.45e-14   -2.45e-14   -5.46e-14   -1.10e-14   -1.09e-14
dQgdVsb:  -1.18e-13   -1.18e-13   -1.25e-13   -8.16e-14   -8.16e-14
dQddVgb:  -6.31e-14   -6.31e-14   -8.30e-14   -4.06e-14   -4.06e-14
dQddVdb:   5.39e-14    5.41e-14    1.14e-13    2.51e-14    2.50e-14
dQddVsb:   5.12e-14    5.12e-14    3.71e-14    3.95e-14    3.95e-14
dQbdVgb:  -1.95e-14   -1.95e-14   -1.63e-14   -1.40e-14   -1.40e-14
dQbdVdb:  -2.95e-14   -2.96e-14   -5.95e-14   -1.43e-14   -1.42e-14
dQbdVsb:  -4.61e-14   -4.61e-14   -8.65e-14   -2.44e-14   -2.44e-14

Name:      m:x5:3      m:x5:4      m:x5:25     m:x5:26     m:x5:29
Model:      pmos        pmos        pmos        pmos        pmos
Id:       -3.67e-05   -3.67e-05   -2.50e-05   -2.50e-05   -2.50e-05
Vgs:      -7.39e-01   -7.23e-01   -7.14e-01   -7.34e-01   -7.28e-01
Vds:      -3.01e-01   -1.43e+00   -3.94e-01   -3.20e-01   -7.28e-01
Vbs:       3.89e-01    4.04e-01    0.00e+00    3.94e-01    4.00e-01
Vth:      -6.37e-01   -6.34e-01   -4.64e-01   -6.38e-01   -6.37e-01
Vdsat:    -1.24e-01   -1.15e-01   -2.11e-01   -1.19e-01   -1.16e-01
Gm:        5.35e-04    5.67e-04    1.85e-04    3.76e-04    3.85e-04
Gds:       1.15e-05    9.33e-06    2.41e-06    7.73e-06    6.87e-06
Gmb        1.45e-04    1.50e-04    5.93e-05    1.02e-04    1.03e-04
Cbd:       1.02e-14    8.41e-15    5.22e-15    7.60e-15    7.01e-15
Cbs:       1.10e-14    1.09e-14    6.01e-15    8.25e-15    8.23e-15
Cgsov:     8.32e-15    8.32e-15    3.90e-15    6.23e-15    6.23e-15
Cgdov:     8.32e-15    8.32e-15    3.90e-15    6.23e-15    6.23e-15
Cgbov:     1.31e-19    1.31e-19    4.01e-19    1.31e-19    1.31e-19
dQgdVgb:   2.71e-14    2.69e-14    2.33e-14    2.02e-14    2.02e-14
dQgdVdb:  -8.28e-15   -8.27e-15   -3.94e-15   -6.20e-15   -6.19e-15
dQgdVsb:  -1.84e-14   -1.81e-14   -1.89e-14   -1.37e-14   -1.36e-14
dQddVgb:  -1.24e-14   -1.23e-14   -1.01e-14   -9.23e-15   -9.19e-15
dQddVdb:   1.85e-14    1.67e-14    9.16e-15    1.38e-14    1.32e-14
dQddVsb:   5.19e-15    5.02e-15    8.16e-15    3.84e-15    3.79e-15
dQbdVgb:  -2.35e-15   -2.37e-15   -3.14e-15   -1.77e-15   -1.78e-15
dQbdVdb:  -1.02e-14   -8.41e-15   -5.26e-15   -7.61e-15   -7.01e-15
dQbdVsb:  -1.13e-14   -1.12e-14   -7.37e-15   -8.43e-15   -8.40e-15

Name:     m:x5:in1    m:x5:in2     m:x5:5      m:x5:6      m:x5:7
Model:      pmos        pmos        pmos        pmos        pmos
Id:       -1.69e-05   -1.69e-05   -5.37e-05   -5.37e-05   -5.37e-05
Vgs:      -5.76e-01   -5.76e-01   -7.14e-01   -7.14e-01   -7.61e-01
Vds:      -1.15e+00   -1.14e+00   -3.67e-01   -3.67e-01   -3.07e-01
Vbs:       0.00e+00    0.00e+00    0.00e+00    0.00e+00    3.67e-01
Vth:      -4.65e-01   -4.65e-01   -4.64e-01   -4.64e-01   -6.31e-01
Vdsat:    -1.13e-01   -1.13e-01   -2.14e-01   -2.14e-01   -1.45e-01
Gm:        2.42e-04    2.42e-04    3.98e-04    3.98e-04    6.79e-04
Gds:       1.22e-06    1.22e-06    5.81e-06    5.81e-06    1.64e-05
Gmb        7.66e-05    7.66e-05    1.28e-04    1.28e-04    1.85e-04
Cbd:       1.16e-14    1.16e-14    1.11e-14    1.11e-14    1.02e-14
Cbs:       1.58e-14    1.58e-14    1.26e-14    1.26e-14    1.11e-14
Cgsov:     1.04e-14    1.04e-14    8.32e-15    8.32e-15    8.32e-15
Cgdov:     1.04e-14    1.04e-14    8.32e-15    8.32e-15    8.32e-15
Cgbov:     4.01e-19    4.01e-19    4.01e-19    4.01e-19    1.31e-19
dQgdVgb:   6.05e-14    6.05e-14    4.98e-14    4.98e-14    2.74e-14
dQgdVdb:  -1.04e-14   -1.04e-14   -8.44e-15   -8.44e-15   -8.29e-15
dQgdVsb:  -4.80e-14   -4.80e-14   -4.02e-14   -4.02e-14   -1.88e-14
dQddVgb:  -2.60e-14   -2.60e-14   -2.16e-14   -2.16e-14   -1.25e-14
dQddVdb:   2.20e-14    2.20e-14    1.95e-14    1.95e-14    1.85e-14
dQddVsb:   2.07e-14    2.07e-14    1.74e-14    1.74e-14    5.37e-15
dQbdVgb:  -8.55e-15   -8.55e-15   -6.60e-15   -6.60e-15   -2.34e-15
dQbdVdb:  -1.16e-14   -1.16e-14   -1.12e-14   -1.12e-14   -1.02e-14
dQbdVsb:  -1.96e-14   -1.96e-14   -1.57e-14   -1.57e-14   -1.13e-14

Name:      m:x5:8      m:x6:1      m:x6:2      m:x6:3      m:x6:4
Model:      pmos        pmos        pmos        pmos        pmos
Id:       -5.37e-05   -3.68e-05   -3.68e-05   -3.68e-05   -3.68e-05
Vgs:      -7.61e-01   -6.89e-01   -6.89e-01   -7.39e-01   -7.23e-01
Vds:      -3.08e-01   -3.88e-01   -4.04e-01   -3.01e-01   -1.43e+00
Vbs:       3.67e-01    0.00e+00    0.00e+00    3.88e-01    4.04e-01
Vth:      -6.31e-01   -4.48e-01   -4.48e-01   -6.37e-01   -6.34e-01
Vdsat:    -1.45e-01   -2.04e-01   -2.04e-01   -1.24e-01   -1.15e-01
Gm:        6.79e-04    2.85e-04    2.85e-04    5.35e-04    5.67e-04
Gds:       1.63e-05    2.42e-06    2.27e-06    1.15e-05    9.34e-06
Gmb        1.85e-04    9.33e-05    9.34e-05    1.45e-04    1.51e-04
Cbd:       1.02e-14    1.41e-14    1.41e-14    1.02e-14    8.41e-15
Cbs:       1.11e-14    1.62e-14    1.62e-14    1.10e-14    1.09e-14
Cgsov:     8.32e-15    1.07e-14    1.07e-14    8.32e-15    8.32e-15
Cgdov:     8.32e-15    1.07e-14    1.07e-14    8.32e-15    8.32e-15
Cgbov:     1.31e-19    7.01e-19    7.01e-19    1.31e-19    1.31e-19
dQgdVgb:   2.74e-14    9.52e-14    9.52e-14    2.71e-14    2.69e-14
dQgdVdb:  -8.29e-15   -1.10e-14   -1.09e-14   -8.28e-15   -8.27e-15
dQgdVsb:  -1.88e-14   -8.16e-14   -8.16e-14   -1.84e-14   -1.81e-14
dQddVgb:  -1.25e-14   -4.06e-14   -4.06e-14   -1.24e-14   -1.23e-14
dQddVdb:   1.85e-14    2.51e-14    2.50e-14    1.85e-14    1.67e-14
dQddVsb:   5.37e-15    3.95e-14    3.95e-14    5.20e-15    5.02e-15
dQbdVgb:  -2.34e-15   -1.40e-14   -1.40e-14   -2.35e-15   -2.37e-15
dQbdVdb:  -1.02e-14   -1.43e-14   -1.42e-14   -1.02e-14   -8.41e-15
dQbdVsb:  -1.13e-14   -2.44e-14   -2.44e-14   -1.13e-14   -1.12e-14

Name:      m:x6:25     m:x6:26     m:x6:29    m:x6:in1    m:x6:in2
Model:      pmos        pmos        pmos        pmos        pmos
Id:       -2.50e-05   -2.50e-05   -2.50e-05   -1.69e-05   -1.69e-05
Vgs:      -7.14e-01   -7.34e-01   -7.28e-01   -5.76e-01   -5.76e-01
Vds:      -3.94e-01   -3.20e-01   -7.28e-01   -1.14e+00   -1.15e+00
Vbs:       0.00e+00    3.94e-01    4.00e-01    0.00e+00    0.00e+00
Vth:      -4.64e-01   -6.38e-01   -6.37e-01   -4.65e-01   -4.65e-01
Vdsat:    -2.11e-01   -1.19e-01   -1.16e-01   -1.13e-01   -1.13e-01
Gm:        1.85e-04    3.76e-04    3.85e-04    2.42e-04    2.42e-04
Gds:       2.41e-06    7.73e-06    6.87e-06    1.22e-06    1.22e-06
Gmb        5.93e-05    1.02e-04    1.03e-04    7.66e-05    7.66e-05
Cbd:       5.22e-15    7.60e-15    7.01e-15    1.16e-14    1.16e-14
Cbs:       6.01e-15    8.25e-15    8.23e-15    1.58e-14    1.58e-14
Cgsov:     3.90e-15    6.23e-15    6.23e-15    1.04e-14    1.04e-14
Cgdov:     3.90e-15    6.23e-15    6.23e-15    1.04e-14    1.04e-14
Cgbov:     4.01e-19    1.31e-19    1.31e-19    4.01e-19    4.01e-19
dQgdVgb:   2.33e-14    2.02e-14    2.02e-14    6.05e-14    6.05e-14
dQgdVdb:  -3.94e-15   -6.20e-15   -6.19e-15   -1.04e-14   -1.04e-14
dQgdVsb:  -1.89e-14   -1.37e-14   -1.36e-14   -4.80e-14   -4.80e-14
dQddVgb:  -1.01e-14   -9.23e-15   -9.19e-15   -2.60e-14   -2.60e-14
dQddVdb:   9.16e-15    1.38e-14    1.32e-14    2.20e-14    2.20e-14
dQddVsb:   8.16e-15    3.84e-15    3.79e-15    2.07e-14    2.07e-14
dQbdVgb:  -3.14e-15   -1.77e-15   -1.78e-15   -8.55e-15   -8.55e-15
dQbdVdb:  -5.26e-15   -7.61e-15   -7.01e-15   -1.16e-14   -1.16e-14
dQbdVsb:  -7.37e-15   -8.43e-15   -8.40e-15   -1.96e-14   -1.96e-14

Name:      m:x6:5      m:x6:6      m:x6:7      m:x6:8      m:x7:1
Model:      pmos        pmos        pmos        pmos        pmos
Id:       -5.37e-05   -5.37e-05   -5.37e-05   -5.37e-05   -3.68e-05
Vgs:      -7.14e-01   -7.14e-01   -7.61e-01   -7.61e-01   -6.89e-01
Vds:      -3.67e-01   -3.67e-01   -3.08e-01   -3.07e-01   -3.88e-01
Vbs:       0.00e+00    0.00e+00    3.67e-01    3.67e-01    0.00e+00
Vth:      -4.64e-01   -4.64e-01   -6.31e-01   -6.31e-01   -4.48e-01
Vdsat:    -2.14e-01   -2.14e-01   -1.45e-01   -1.45e-01   -2.04e-01
Gm:        3.98e-04    3.98e-04    6.79e-04    6.79e-04    2.85e-04
Gds:       5.81e-06    5.81e-06    1.64e-05    1.64e-05    2.42e-06
Gmb        1.28e-04    1.28e-04    1.85e-04    1.85e-04    9.33e-05
Cbd:       1.11e-14    1.11e-14    1.02e-14    1.02e-14    1.41e-14
Cbs:       1.26e-14    1.26e-14    1.11e-14    1.11e-14    1.62e-14
Cgsov:     8.32e-15    8.32e-15    8.32e-15    8.32e-15    1.07e-14
Cgdov:     8.32e-15    8.32e-15    8.32e-15    8.32e-15    1.07e-14
Cgbov:     4.01e-19    4.01e-19    1.31e-19    1.31e-19    7.01e-19
dQgdVgb:   4.98e-14    4.98e-14    2.74e-14    2.74e-14    9.52e-14
dQgdVdb:  -8.44e-15   -8.44e-15   -8.29e-15   -8.29e-15   -1.10e-14
dQgdVsb:  -4.02e-14   -4.02e-14   -1.88e-14   -1.88e-14   -8.16e-14
dQddVgb:  -2.16e-14   -2.16e-14   -1.25e-14   -1.25e-14   -4.06e-14
dQddVdb:   1.95e-14    1.95e-14    1.85e-14    1.85e-14    2.51e-14
dQddVsb:   1.74e-14    1.74e-14    5.37e-15    5.37e-15    3.95e-14
dQbdVgb:  -6.60e-15   -6.60e-15   -2.34e-15   -2.34e-15   -1.40e-14
dQbdVdb:  -1.12e-14   -1.12e-14   -1.02e-14   -1.02e-14   -1.43e-14
dQbdVsb:  -1.57e-14   -1.57e-14   -1.13e-14   -1.13e-14   -2.44e-14

Name:      m:x7:2      m:x7:3      m:x7:4      m:x7:25     m:x7:26
Model:      pmos        pmos        pmos        pmos        pmos
Id:       -3.68e-05   -3.68e-05   -3.68e-05   -2.50e-05   -2.50e-05
Vgs:      -6.89e-01   -7.39e-01   -7.31e-01   -7.14e-01   -7.34e-01
Vds:      -3.97e-01   -3.01e-01   -8.54e-01   -3.94e-01   -3.20e-01
Vbs:       0.00e+00    3.88e-01    3.97e-01    0.00e+00    3.94e-01
Vth:      -4.48e-01   -6.37e-01   -6.36e-01   -4.64e-01   -6.38e-01
Vdsat:    -2.04e-01   -1.24e-01   -1.20e-01   -2.11e-01   -1.19e-01
Gm:        2.85e-04    5.35e-04    5.53e-04    1.85e-04    3.76e-04
Gds:       2.34e-06    1.15e-05    9.81e-06    2.41e-06    7.73e-06
Gmb        9.33e-05    1.45e-04    1.48e-04    5.93e-05    1.02e-04
Cbd:       1.41e-14    1.02e-14    9.14e-15    5.22e-15    7.60e-15
Cbs:       1.62e-14    1.10e-14    1.10e-14    6.01e-15    8.25e-15
Cgsov:     1.07e-14    8.32e-15    8.32e-15    3.90e-15    6.23e-15
Cgdov:     1.07e-14    8.32e-15    8.32e-15    3.90e-15    6.23e-15
Cgbov:     7.01e-19    1.31e-19    1.31e-19    4.01e-19    1.31e-19
dQgdVgb:   9.52e-14    2.71e-14    2.70e-14    2.33e-14    2.02e-14
dQgdVdb:  -1.09e-14   -8.28e-15   -8.27e-15   -3.94e-15   -6.20e-15
dQgdVsb:  -8.16e-14   -1.84e-14   -1.83e-14   -1.89e-14   -1.37e-14
dQddVgb:  -4.06e-14   -1.24e-14   -1.23e-14   -1.01e-14   -9.23e-15
dQddVdb:   2.50e-14    1.85e-14    1.74e-14    9.16e-15    1.38e-14
dQddVsb:   3.95e-14    5.20e-15    5.10e-15    8.16e-15    3.84e-15
dQbdVgb:  -1.40e-14   -2.35e-15   -2.37e-15   -3.14e-15   -1.77e-15
dQbdVdb:  -1.43e-14   -1.02e-14   -9.14e-15   -5.26e-15   -7.61e-15
dQbdVsb:  -2.44e-14   -1.13e-14   -1.12e-14   -7.37e-15   -8.43e-15

Name:      m:x7:29    m:x7:in1    m:x7:in2     m:x7:5      m:x7:6
Model:      pmos        pmos        pmos        pmos        pmos
Id:       -2.50e-05   -1.69e-05   -1.69e-05   -5.37e-05   -5.37e-05
Vgs:      -7.28e-01   -5.76e-01   -5.76e-01   -7.14e-01   -7.14e-01
Vds:      -7.28e-01   -1.14e+00   -1.15e+00   -3.67e-01   -3.67e-01
Vbs:       4.00e-01    0.00e+00    0.00e+00    0.00e+00    0.00e+00
Vth:      -6.37e-01   -4.65e-01   -4.65e-01   -4.64e-01   -4.64e-01
Vdsat:    -1.16e-01   -1.13e-01   -1.13e-01   -2.14e-01   -2.14e-01
Gm:        3.85e-04    2.42e-04    2.42e-04    3.98e-04    3.98e-04
Gds:       6.87e-06    1.22e-06    1.22e-06    5.81e-06    5.81e-06
Gmb        1.03e-04    7.66e-05    7.66e-05    1.28e-04    1.28e-04
Cbd:       7.01e-15    1.16e-14    1.16e-14    1.11e-14    1.11e-14
Cbs:       8.23e-15    1.58e-14    1.58e-14    1.26e-14    1.26e-14
Cgsov:     6.23e-15    1.04e-14    1.04e-14    8.32e-15    8.32e-15
Cgdov:     6.23e-15    1.04e-14    1.04e-14    8.32e-15    8.32e-15
Cgbov:     1.31e-19    4.01e-19    4.01e-19    4.01e-19    4.01e-19
dQgdVgb:   2.02e-14    6.05e-14    6.05e-14    4.98e-14    4.98e-14
dQgdVdb:  -6.19e-15   -1.04e-14   -1.04e-14   -8.44e-15   -8.44e-15
dQgdVsb:  -1.36e-14   -4.80e-14   -4.80e-14   -4.02e-14   -4.02e-14
dQddVgb:  -9.19e-15   -2.60e-14   -2.60e-14   -2.16e-14   -2.16e-14
dQddVdb:   1.32e-14    2.20e-14    2.20e-14    1.95e-14    1.95e-14
dQddVsb:   3.79e-15    2.07e-14    2.07e-14    1.74e-14    1.74e-14
dQbdVgb:  -1.78e-15   -8.55e-15   -8.55e-15   -6.60e-15   -6.60e-15
dQbdVdb:  -7.01e-15   -1.16e-14   -1.16e-14   -1.12e-14   -1.12e-14
dQbdVsb:  -8.40e-15   -1.96e-14   -1.96e-14   -1.57e-14   -1.57e-14

Name:      m:x7:7      m:x7:8      m:x8:1      m:x8:2      m:x8:3
Model:      pmos        pmos        pmos        pmos        pmos
Id:       -5.37e-05   -5.37e-05   -7.88e-06   -7.88e-06   -7.88e-06
Vgs:      -7.61e-01   -7.61e-01   -5.49e-01   -5.49e-01   -6.75e-01
Vds:      -3.08e-01   -3.07e-01   -4.53e-01   -4.63e-01   -9.61e-02
Vbs:       3.67e-01    3.67e-01    0.00e+00    0.00e+00    4.53e-01
Vth:      -6.31e-01   -6.31e-01   -4.48e-01   -4.48e-01   -6.56e-01
Vdsat:    -1.45e-01   -1.45e-01   -1.03e-01   -1.03e-01   -7.52e-02
Gm:        6.79e-04    6.79e-04    1.19e-04    1.19e-04    1.57e-04
Gds:       1.64e-05    1.64e-05    3.93e-07    3.91e-07    1.44e-05
Gmb        1.85e-04    1.85e-04    3.81e-05    3.81e-05    4.21e-05
Cbd:       1.02e-14    1.02e-14    1.39e-14    1.38e-14    1.05e-14
Cbs:       1.11e-14    1.11e-14    1.62e-14    1.62e-14    1.08e-14
Cgsov:     8.32e-15    8.32e-15    1.07e-14    1.07e-14    8.32e-15
Cgdov:     8.32e-15    8.32e-15    1.07e-14    1.07e-14    8.32e-15
Cgbov:     1.31e-19    1.31e-19    7.01e-19    7.01e-19    1.31e-19
dQgdVgb:   2.74e-14    2.74e-14    9.18e-14    9.18e-14    2.45e-14
dQgdVdb:  -8.29e-15   -8.29e-15   -1.08e-14   -1.08e-14   -8.36e-15
dQgdVsb:  -1.88e-14   -1.88e-14   -7.67e-14   -7.67e-14   -1.51e-14
dQddVgb:  -1.25e-14   -1.25e-14   -3.85e-14   -3.85e-14   -1.11e-14
dQddVdb:   1.85e-14    1.85e-14    2.46e-14    2.46e-14    1.89e-14
dQddVsb:   5.37e-15    5.37e-15    3.70e-14    3.70e-14    3.50e-15
dQbdVgb:  -2.34e-15   -2.34e-15   -1.47e-14   -1.47e-14   -2.30e-15
dQbdVdb:  -1.02e-14   -1.02e-14   -1.39e-14   -1.39e-14   -1.06e-14
dQbdVsb:  -1.13e-14   -1.13e-14   -2.42e-14   -2.42e-14   -1.10e-14

Name:      m:x8:4      m:x8:25     m:x8:26     m:x8:29    m:x8:in1
Model:      pmos        pmos        pmos        pmos        pmos
Id:       -7.88e-06   -2.50e-05   -2.50e-05   -2.50e-05   -1.69e-05
Vgs:      -6.65e-01   -7.14e-01   -7.34e-01   -7.28e-01   -5.75e-01
Vds:      -7.88e-01   -3.94e-01   -3.20e-01   -7.28e-01   -1.29e+00
Vbs:       4.63e-01    0.00e+00    3.94e-01    4.00e-01    0.00e+00
Vth:      -6.54e-01   -4.64e-01   -6.38e-01   -6.37e-01   -4.65e-01
Vdsat:    -7.16e-02   -2.11e-01   -1.19e-01   -1.16e-01   -1.13e-01
Gm:        1.65e-04    1.85e-04    3.76e-04    3.85e-04    2.42e-04
Gds:       2.52e-06    2.41e-06    7.73e-06    6.87e-06    1.21e-06
Gmb        4.35e-05    5.93e-05    1.02e-04    1.03e-04    7.69e-05
Cbd:       9.14e-15    5.22e-15    7.60e-15    7.01e-15    1.13e-14
Cbs:       1.08e-14    6.01e-15    8.25e-15    8.23e-15    1.58e-14
Cgsov:     8.32e-15    3.90e-15    6.23e-15    6.23e-15    1.04e-14
Cgdov:     8.32e-15    3.90e-15    6.23e-15    6.23e-15    1.04e-14
Cgbov:     1.31e-19    4.01e-19    1.31e-19    1.31e-19    4.01e-19
dQgdVgb:   2.40e-14    2.33e-14    2.02e-14    2.02e-14    6.05e-14
dQgdVdb:  -8.29e-15   -3.94e-15   -6.20e-15   -6.19e-15   -1.04e-14
dQgdVsb:  -1.44e-14   -1.89e-14   -1.37e-14   -1.36e-14   -4.79e-14
dQddVgb:  -1.08e-14   -1.01e-14   -9.23e-15   -9.19e-15   -2.60e-14
dQddVdb:   1.74e-14    9.16e-15    1.38e-14    1.32e-14    2.17e-14
dQddVsb:   3.13e-15    8.16e-15    3.84e-15    3.79e-15    2.07e-14
dQbdVgb:  -2.42e-15   -3.14e-15   -1.77e-15   -1.78e-15   -8.56e-15
dQbdVdb:  -9.14e-15   -5.26e-15   -7.61e-15   -7.01e-15   -1.13e-14
dQbdVsb:  -1.09e-14   -7.37e-15   -8.43e-15   -8.40e-15   -1.96e-14

Name:     m:x8:in2     m:x8:5      m:x8:6      m:x8:7      m:x8:8
Model:      pmos        pmos        pmos        pmos        pmos
Id:       -1.70e-05   -5.37e-05   -5.37e-05   -5.37e-05   -5.37e-05
Vgs:      -5.80e-01   -7.14e-01   -7.14e-01   -7.61e-01   -7.52e-01
Vds:      -4.71e-01   -3.76e-01   -3.67e-01   -3.08e-01   -8.76e-01
Vbs:       0.00e+00    0.00e+00    0.00e+00    3.67e-01    3.76e-01
Vth:      -4.65e-01   -4.64e-01   -4.64e-01   -6.31e-01   -6.30e-01
Vdsat:    -1.15e-01   -2.14e-01   -2.14e-01   -1.45e-01   -1.39e-01
Gm:        2.38e-04    3.98e-04    3.98e-04    6.79e-04    7.07e-04
Gds:       1.36e-06    5.57e-06    5.81e-06    1.64e-05    1.34e-05
Gmb        7.52e-05    1.28e-04    1.28e-04    1.85e-04    1.91e-04
Cbd:       1.34e-14    1.10e-14    1.11e-14    1.02e-14    9.13e-15
Cbs:       1.58e-14    1.26e-14    1.26e-14    1.11e-14    1.10e-14
Cgsov:     1.04e-14    8.32e-15    8.32e-15    8.32e-15    8.32e-15
Cgdov:     1.04e-14    8.32e-15    8.32e-15    8.32e-15    8.32e-15
Cgbov:     4.01e-19    4.01e-19    4.01e-19    1.31e-19    1.31e-19
dQgdVgb:   6.07e-14    4.97e-14    4.98e-14    2.74e-14    2.73e-14
dQgdVdb:  -1.04e-14   -8.43e-15   -8.44e-15   -8.29e-15   -8.27e-15
dQgdVsb:  -4.82e-14   -4.02e-14   -4.02e-14   -1.88e-14   -1.87e-14
dQddVgb:  -2.61e-14   -2.16e-14   -2.16e-14   -1.25e-14   -1.25e-14
dQddVdb:   2.38e-14    1.95e-14    1.95e-14    1.85e-14    1.74e-14
dQddVsb:   2.08e-14    1.74e-14    1.74e-14    5.37e-15    5.30e-15
dQbdVgb:  -8.50e-15   -6.61e-15   -6.60e-15   -2.34e-15   -2.37e-15
dQbdVdb:  -1.34e-14   -1.11e-14   -1.12e-14   -1.02e-14   -9.13e-15
dQbdVsb:  -1.96e-14   -1.57e-14   -1.57e-14   -1.13e-14   -1.13e-14

Name:      m:x9:1      m:x9:2      m:x9:3      m:x9:4      m:x9:25
Model:      pmos        pmos        pmos        pmos        pmos
Id:       -3.67e-05   -3.67e-05   -3.67e-05   -3.67e-05   -2.50e-05
Vgs:      -6.89e-01   -6.89e-01   -7.39e-01   -7.31e-01   -7.14e-01
Vds:      -3.88e-01   -3.97e-01   -3.01e-01   -8.54e-01   -3.94e-01
Vbs:       0.00e+00    0.00e+00    3.88e-01    3.97e-01    0.00e+00
Vth:      -4.48e-01   -4.48e-01   -6.37e-01   -6.36e-01   -4.64e-01
Vdsat:    -2.04e-01   -2.04e-01   -1.24e-01   -1.20e-01   -2.11e-01
Gm:        2.85e-04    2.85e-04    5.35e-04    5.53e-04    1.85e-04
Gds:       2.42e-06    2.34e-06    1.15e-05    9.80e-06    2.41e-06
Gmb        9.32e-05    9.33e-05    1.45e-04    1.48e-04    5.93e-05
Cbd:       1.41e-14    1.41e-14    1.02e-14    9.14e-15    5.22e-15
Cbs:       1.62e-14    1.62e-14    1.10e-14    1.10e-14    6.01e-15
Cgsov:     1.07e-14    1.07e-14    8.32e-15    8.32e-15    3.90e-15
Cgdov:     1.07e-14    1.07e-14    8.32e-15    8.32e-15    3.90e-15
Cgbov:     7.01e-19    7.01e-19    1.31e-19    1.31e-19    4.01e-19
dQgdVgb:   9.52e-14    9.52e-14    2.71e-14    2.70e-14    2.33e-14
dQgdVdb:  -1.10e-14   -1.09e-14   -8.28e-15   -8.27e-15   -3.94e-15
dQgdVsb:  -8.16e-14   -8.16e-14   -1.84e-14   -1.83e-14   -1.89e-14
dQddVgb:  -4.06e-14   -4.06e-14   -1.24e-14   -1.23e-14   -1.01e-14
dQddVdb:   2.51e-14    2.50e-14    1.85e-14    1.74e-14    9.16e-15
dQddVsb:   3.95e-14    3.95e-14    5.20e-15    5.10e-15    8.16e-15
dQbdVgb:  -1.40e-14   -1.40e-14   -2.35e-15   -2.37e-15   -3.14e-15
dQbdVdb:  -1.43e-14   -1.43e-14   -1.02e-14   -9.14e-15   -5.26e-15
dQbdVsb:  -2.44e-14   -2.44e-14   -1.13e-14   -1.12e-14   -7.37e-15

Name:      m:x9:26     m:x9:29    m:x9:in1    m:x9:in2     m:x9:5
Model:      pmos        pmos        pmos        pmos        pmos
Id:       -2.50e-05   -2.50e-05   -1.69e-05   -1.69e-05   -5.37e-05
Vgs:      -7.34e-01   -7.28e-01   -5.76e-01   -5.76e-01   -7.14e-01
Vds:      -3.20e-01   -7.28e-01   -1.15e+00   -1.15e+00   -3.67e-01
Vbs:       3.94e-01    4.00e-01    0.00e+00    0.00e+00    0.00e+00
Vth:      -6.38e-01   -6.37e-01   -4.65e-01   -4.65e-01   -4.64e-01
Vdsat:    -1.19e-01   -1.16e-01   -1.13e-01   -1.13e-01   -2.14e-01
Gm:        3.76e-04    3.85e-04    2.42e-04    2.42e-04    3.98e-04
Gds:       7.73e-06    6.87e-06    1.22e-06    1.22e-06    5.81e-06
Gmb        1.02e-04    1.03e-04    7.66e-05    7.66e-05    1.28e-04
Cbd:       7.60e-15    7.01e-15    1.16e-14    1.16e-14    1.11e-14
Cbs:       8.25e-15    8.23e-15    1.58e-14    1.58e-14    1.26e-14
Cgsov:     6.23e-15    6.23e-15    1.04e-14    1.04e-14    8.32e-15
Cgdov:     6.23e-15    6.23e-15    1.04e-14    1.04e-14    8.32e-15
Cgbov:     1.31e-19    1.31e-19    4.01e-19    4.01e-19    4.01e-19
dQgdVgb:   2.02e-14    2.02e-14    6.05e-14    6.05e-14    4.98e-14
dQgdVdb:  -6.20e-15   -6.19e-15   -1.04e-14   -1.04e-14   -8.44e-15
dQgdVsb:  -1.37e-14   -1.36e-14   -4.80e-14   -4.80e-14   -4.02e-14
dQddVgb:  -9.23e-15   -9.19e-15   -2.60e-14   -2.60e-14   -2.16e-14
dQddVdb:   1.38e-14    1.32e-14    2.20e-14    2.20e-14    1.95e-14
dQddVsb:   3.84e-15    3.79e-15    2.07e-14    2.07e-14    1.74e-14
dQbdVgb:  -1.77e-15   -1.78e-15   -8.55e-15   -8.55e-15   -6.60e-15
dQbdVdb:  -7.61e-15   -7.01e-15   -1.16e-14   -1.16e-14   -1.12e-14
dQbdVsb:  -8.43e-15   -8.40e-15   -1.96e-14   -1.96e-14   -1.57e-14

Name:      m:x9:6      m:x9:7      m:x9:8      m:x10:1     m:x10:2
Model:      pmos        pmos        pmos        pmos        pmos
Id:       -5.37e-05   -5.37e-05   -5.37e-05   -3.68e-05   -3.68e-05
Vgs:      -7.14e-01   -7.61e-01   -7.61e-01   -6.89e-01   -6.89e-01
Vds:      -3.67e-01   -3.07e-01   -3.07e-01   -3.88e-01   -3.97e-01
Vbs:       0.00e+00    3.67e-01    3.67e-01    0.00e+00    0.00e+00
Vth:      -4.64e-01   -6.31e-01   -6.31e-01   -4.48e-01   -4.48e-01
Vdsat:    -2.14e-01   -1.45e-01   -1.45e-01   -2.04e-01   -2.04e-01
Gm:        3.98e-04    6.79e-04    6.79e-04    2.85e-04    2.85e-04
Gds:       5.81e-06    1.64e-05    1.64e-05    2.43e-06    2.34e-06
Gmb        1.28e-04    1.85e-04    1.85e-04    9.33e-05    9.33e-05
Cbd:       1.11e-14    1.02e-14    1.02e-14    1.41e-14    1.41e-14
Cbs:       1.26e-14    1.11e-14    1.11e-14    1.62e-14    1.62e-14
Cgsov:     8.32e-15    8.32e-15    8.32e-15    1.07e-14    1.07e-14
Cgdov:     8.32e-15    8.32e-15    8.32e-15    1.07e-14    1.07e-14
Cgbov:     4.01e-19    1.31e-19    1.31e-19    7.01e-19    7.01e-19
dQgdVgb:   4.98e-14    2.74e-14    2.74e-14    9.52e-14    9.52e-14
dQgdVdb:  -8.44e-15   -8.29e-15   -8.29e-15   -1.10e-14   -1.09e-14
dQgdVsb:  -4.02e-14   -1.88e-14   -1.88e-14   -8.16e-14   -8.16e-14
dQddVgb:  -2.16e-14   -1.25e-14   -1.25e-14   -4.06e-14   -4.06e-14
dQddVdb:   1.95e-14    1.85e-14    1.85e-14    2.51e-14    2.50e-14
dQddVsb:   1.74e-14    5.37e-15    5.37e-15    3.95e-14    3.95e-14
dQbdVgb:  -6.60e-15   -2.34e-15   -2.34e-15   -1.40e-14   -1.40e-14
dQbdVdb:  -1.12e-14   -1.02e-14   -1.02e-14   -1.43e-14   -1.43e-14
dQbdVsb:  -1.57e-14   -1.13e-14   -1.13e-14   -2.44e-14   -2.44e-14

Name:      m:x10:3     m:x10:4    m:x10:25    m:x10:26    m:x10:29
Model:      pmos        pmos        pmos        pmos        pmos
Id:       -3.68e-05   -3.68e-05   -2.50e-05   -2.50e-05   -2.50e-05
Vgs:      -7.39e-01   -7.31e-01   -7.14e-01   -7.34e-01   -7.28e-01
Vds:      -3.01e-01   -8.54e-01   -3.94e-01   -3.20e-01   -7.28e-01
Vbs:       3.88e-01    3.97e-01    0.00e+00    3.94e-01    4.00e-01
Vth:      -6.37e-01   -6.36e-01   -4.64e-01   -6.38e-01   -6.37e-01
Vdsat:    -1.24e-01   -1.20e-01   -2.11e-01   -1.19e-01   -1.16e-01
Gm:        5.36e-04    5.53e-04    1.85e-04    3.76e-04    3.85e-04
Gds:       1.15e-05    9.81e-06    2.41e-06    7.73e-06    6.87e-06
Gmb        1.45e-04    1.48e-04    5.93e-05    1.02e-04    1.03e-04
Cbd:       1.02e-14    9.14e-15    5.22e-15    7.60e-15    7.01e-15
Cbs:       1.10e-14    1.10e-14    6.01e-15    8.25e-15    8.23e-15
Cgsov:     8.32e-15    8.32e-15    3.90e-15    6.23e-15    6.23e-15
Cgdov:     8.32e-15    8.32e-15    3.90e-15    6.23e-15    6.23e-15
Cgbov:     1.31e-19    1.31e-19    4.01e-19    1.31e-19    1.31e-19
dQgdVgb:   2.71e-14    2.70e-14    2.33e-14    2.02e-14    2.02e-14
dQgdVdb:  -8.28e-15   -8.27e-15   -3.94e-15   -6.20e-15   -6.19e-15
dQgdVsb:  -1.84e-14   -1.83e-14   -1.89e-14   -1.37e-14   -1.36e-14
dQddVgb:  -1.24e-14   -1.23e-14   -1.01e-14   -9.23e-15   -9.19e-15
dQddVdb:   1.85e-14    1.74e-14    9.16e-15    1.38e-14    1.32e-14
dQddVsb:   5.20e-15    5.10e-15    8.16e-15    3.84e-15    3.79e-15
dQbdVgb:  -2.35e-15   -2.37e-15   -3.14e-15   -1.77e-15   -1.78e-15
dQbdVdb:  -1.02e-14   -9.14e-15   -5.26e-15   -7.61e-15   -7.01e-15
dQbdVsb:  -1.13e-14   -1.12e-14   -7.37e-15   -8.43e-15   -8.40e-15

Name:     m:x10:in1   m:x10:in2    m:x10:5     m:x10:6     m:x10:7
Model:      pmos        pmos        pmos        pmos        pmos
Id:       -1.69e-05   -1.69e-05   -5.37e-05   -5.37e-05   -5.37e-05
Vgs:      -5.76e-01   -5.76e-01   -7.14e-01   -7.14e-01   -7.61e-01
Vds:      -1.14e+00   -1.15e+00   -3.67e-01   -3.67e-01   -3.08e-01
Vbs:       0.00e+00    0.00e+00    0.00e+00    0.00e+00    3.67e-01
Vth:      -4.65e-01   -4.65e-01   -4.64e-01   -4.64e-01   -6.31e-01
Vdsat:    -1.13e-01   -1.13e-01   -2.14e-01   -2.14e-01   -1.45e-01
Gm:        2.42e-04    2.42e-04    3.98e-04    3.98e-04    6.79e-04
Gds:       1.22e-06    1.22e-06    5.81e-06    5.81e-06    1.63e-05
Gmb        7.66e-05    7.66e-05    1.28e-04    1.28e-04    1.85e-04
Cbd:       1.16e-14    1.16e-14    1.11e-14    1.11e-14    1.02e-14
Cbs:       1.58e-14    1.58e-14    1.26e-14    1.26e-14    1.11e-14
Cgsov:     1.04e-14    1.04e-14    8.32e-15    8.32e-15    8.32e-15
Cgdov:     1.04e-14    1.04e-14    8.32e-15    8.32e-15    8.32e-15
Cgbov:     4.01e-19    4.01e-19    4.01e-19    4.01e-19    1.31e-19
dQgdVgb:   6.05e-14    6.05e-14    4.98e-14    4.98e-14    2.74e-14
dQgdVdb:  -1.04e-14   -1.04e-14   -8.44e-15   -8.44e-15   -8.29e-15
dQgdVsb:  -4.80e-14   -4.80e-14   -4.02e-14   -4.02e-14   -1.88e-14
dQddVgb:  -2.60e-14   -2.60e-14   -2.16e-14   -2.16e-14   -1.25e-14
dQddVdb:   2.20e-14    2.20e-14    1.95e-14    1.95e-14    1.85e-14
dQddVsb:   2.07e-14    2.07e-14    1.74e-14    1.74e-14    5.37e-15
dQbdVgb:  -8.55e-15   -8.55e-15   -6.60e-15   -6.60e-15   -2.34e-15
dQbdVdb:  -1.16e-14   -1.16e-14   -1.12e-14   -1.12e-14   -1.02e-14
dQbdVsb:  -1.96e-14   -1.96e-14   -1.57e-14   -1.57e-14   -1.13e-14

Name:      m:x10:8
Model:      pmos
Id:       -5.37e-05
Vgs:      -7.61e-01
Vds:      -3.07e-01
Vbs:       3.67e-01
Vth:      -6.31e-01
Vdsat:    -1.45e-01
Gm:        6.79e-04
Gds:       1.64e-05
Gmb        1.85e-04
Cbd:       1.02e-14
Cbs:       1.11e-14
Cgsov:     8.32e-15
Cgdov:     8.32e-15
Cgbov:     1.31e-19
dQgdVgb:   2.74e-14
dQgdVdb:  -8.29e-15
dQgdVsb:  -1.88e-14
dQddVgb:  -1.25e-14
dQddVdb:   1.85e-14
dQddVsb:   5.37e-15
dQbdVgb:  -2.34e-15
dQbdVdb:  -1.02e-14
dQbdVsb:  -1.13e-14


Note: .fourier statements are only valid with a .tran command.
      No Fourier analysis performed.

Note: .fourier statements are only valid with a .tran command.
      No Fourier analysis performed.

Total elapsed time: 11.218 seconds.

