LTspice 24.0.12 for Windows
Circuit: * C:\Users\botaa\Desktop\TowThomasFilterandPGATransistorLevel\P4_Proiectare_Transconductori\P4_Proiectare_Transconductori\LTspice\Kwan_Martin\tb_GM_KwanMartin.asc
Start Time: Mon May 25 15:16:17 2026
solver = Normal
Maximum thread count: 12



Direct Newton iteration failed to find .op point.  (Use ".option noopiter" to skip.)
Starting Gmin stepping
Gmin = 10
Gmin = 1.07374
Gmin = 0.115292
Gmin = 0.0123794
Gmin = 0.00132923
Gmin = 0.000142725
Gmin = 1.5325e-05
Gmin = 1.6455e-06
Gmin = 1.76685e-07
Gmin = 1.89714e-08
Gmin = 2.03704e-09
Gmin = 2.18725e-10
Gmin = 2.34854e-11
Gmin = 2.52173e-12
Gmin = 2.70769e-13
Gmin = 0
Gmin stepping succeeded in finding the operating point.

Note: .fourier statements are only valid with a .tran command.
      No Fourier analysis performed.




.step vicm=0.1



.step vicm=0.2



.step vicm=0.3



.step vicm=0.4



.step vicm=0.5



.step vicm=0.6



.step vicm=0.7



.step vicm=0.8



.step vicm=0.9



.step vicm=1



.step vicm=1.1



.step vicm=1.2



.step vicm=1.3



.step vicm=1.4



.step vicm=1.5



.step vicm=1.6



.step vicm=1.7
tnom = 27
temp = 27
method = trap
.step vicm=1.8


Measurement: gm
  step	i(vocm)	at
     1	(-104.766dB,-180°)	100
     2	(-104.767dB,-180°)	100
     3	(-104.769dB,-180°)	100
     4	(-104.773dB,-180°)	100
     5	(-104.78dB,-180°)	100
     6	(-104.796dB,-180°)	100
     7	(-104.853dB,-180°)	100
     8	(-105.093dB,-180°)	100
     9	(-105.674dB,-180°)	100
    10	(-106.649dB,-180°)	100
    11	(-109.02dB,-180°)	100
    12	(-121.156dB,-179.998°)	100
    13	(-148.282dB,-179.958°)	100
    14	(-199.872dB,-94.4931°)	100
    15	(-200.053dB,-99.2662°)	100
    16	(-200.1dB,-99.4236°)	100
    17	(-200.104dB,-99.4357°)	100
    18	(-200.104dB,-99.4367°)	100
    19	(-200.104dB,-99.4367°)	100

Total elapsed time: 0.873 seconds.

