Stray ".ends" card: .ends
Circuit: * F:\Teaching_Work\Materii\Cursuri\CAIF_2020\work_lab\8.Aplicatii_PGAcuGm\LTSpice\PGA_GmR_KwanMartin\tb_PGA_GmR_KwanMartin.asc

Direct Newton iteration failed to find .op point.  (Use ".option noopiter" to skip.)
Starting Gmin stepping
Gmin = 10
Gmin = 1.07374
Gmin = 0.115292
Gmin = 0.0123794
Gmin = 0.00132923
Gmin = 0.000142725
Gmin = 1.5325e-05
Gmin = 1.6455e-06
Gmin = 1.76685e-07
Gmin = 1.89714e-08
Gmin = 2.03704e-09
Gmin = 2.18725e-10
Gmin = 2.34854e-11
Gmin = 2.52173e-12
Gmin = 2.70769e-13
Gmin = 0
Gmin stepping succeeded in finding the operating point.

Semiconductor Device Operating Points:
                        --- BSIM3 MOSFETS ---
Name:      m:x3:4      m:x2:4      m:x1:4      m:x8:34     m:x8:32
Model:      nmos        nmos        nmos        nmos        nmos
Id:          NaN         NaN         NaN        1.00e-4     1.00e-4
Vgs:        0.00e+0     2.00e+0     2.00e+0     7.04e-1     7.58e-1
Vds:        2.00e+0     4.94e-9     4.94e-9     7.04e-1     3.49e-1
Vbs:        0.00e+0     0.00e+0     0.00e+0    -4.00e-1    -3.46e-1
Vth:        4.78e-1     4.82e-1     4.82e-1     5.75e-1     5.66e-1
Vdsat:      3.94e-2     6.34e-1     6.34e-1     1.11e-1     1.52e-1
Gm:         3.87e-9      NaN         NaN        1.50e-3     1.05e-3
Gds:         NaN        3.31e-2     3.31e-2     3.82e-5     4.30e-5
Gmb         1.21e-9      NaN         NaN        3.02e-4     2.16e-4
Cbd:         NaN         NaN         NaN         NaN         NaN
Cbs:         NaN         NaN         NaN         NaN         NaN
Cgsov:       NaN         NaN         NaN         NaN         NaN
Cgdov:       NaN         NaN         NaN         NaN         NaN
Cgbov:       NaN         NaN         NaN         NaN         NaN
dQgdVgb:     NaN         NaN         NaN         NaN         NaN
dQgdVdb:     NaN         NaN         NaN         NaN         NaN
dQgdVsb:     NaN         NaN         NaN         NaN         NaN
dQddVgb:     NaN         NaN         NaN         NaN         NaN
dQddVdb:     NaN         NaN         NaN         NaN         NaN
dQddVsb:     NaN         NaN         NaN         NaN         NaN
dQbdVgb:     NaN         NaN         NaN         NaN         NaN
dQbdVdb:     NaN         NaN         NaN         NaN         NaN
dQbdVsb:     NaN         NaN         NaN         NaN         NaN

Name:      m:x8:31     m:x8:28     m:x8:27     m:x8:26     m:x8:25
Model:      nmos        nmos        nmos        nmos        nmos
Id:         1.00e-4     5.03e-5     5.03e-5     5.03e-5     5.03e-5
Vgs:        6.95e-1     6.95e-1     7.15e-1     6.95e-1     7.15e-1
Vds:        3.46e-1     3.89e-1     2.68e-1     3.89e-1     2.68e-1
Vbs:        0.00e+0     0.00e+0    -3.89e-1     0.00e+0    -3.89e-1
Vth:        4.47e-1     4.48e-1     5.76e-1     4.48e-1     5.76e-1
Vdsat:      1.88e-1     1.88e-1     1.18e-1     1.88e-1     1.18e-1
Gm:         8.77e-4     4.44e-4     7.31e-4     4.44e-4     7.31e-4
Gds:        1.66e-5     6.75e-6     2.85e-5     6.75e-6     2.85e-5
Gmb         2.40e-4     1.21e-4     1.49e-4     1.21e-4     1.49e-4
Cbd:         NaN         NaN         NaN         NaN         NaN
Cbs:         NaN         NaN         NaN         NaN         NaN
Cgsov:       NaN         NaN         NaN         NaN         NaN
Cgdov:       NaN         NaN         NaN         NaN         NaN
Cgbov:       NaN         NaN         NaN         NaN         NaN
dQgdVgb:     NaN         NaN         NaN         NaN         NaN
dQgdVdb:     NaN         NaN         NaN         NaN         NaN
dQgdVsb:     NaN         NaN         NaN         NaN         NaN
dQddVgb:     NaN         NaN         NaN         NaN         NaN
dQddVdb:     NaN         NaN         NaN         NaN         NaN
dQddVsb:     NaN         NaN         NaN         NaN         NaN
dQbdVgb:     NaN         NaN         NaN         NaN         NaN
dQbdVdb:     NaN         NaN         NaN         NaN         NaN
dQbdVsb:     NaN         NaN         NaN         NaN         NaN

Name:      m:x8:24     m:x8:23     m:x8:22     m:x8:21     m:x8:20
Model:      nmos        nmos        nmos        nmos        nmos
Id:         4.03e-4     2.01e-4     4.03e-4     2.01e-4     4.03e-4
Vgs:        6.57e-1     6.57e-1     6.57e-1     6.57e-1     6.99e-1
Vds:        3.98e-1     4.09e-1     4.05e-1     4.09e-1     9.41e-1
Vbs:        0.00e+0     0.00e+0     0.00e+0     0.00e+0    -4.05e-1
Vth:        3.97e-1     3.98e-1     3.97e-1     3.98e-1     5.74e-1
Vdsat:      1.98e-1     1.98e-1     1.98e-1     1.98e-1     1.09e-1
Gm:         3.43e-3     1.71e-3     3.43e-3     1.71e-3     6.06e-3
Gds:        3.30e-5     1.57e-5     3.21e-5     1.57e-5     1.44e-4
Gmb         9.61e-4     4.80e-4     9.62e-4     4.80e-4     1.21e-3
Cbd:         NaN         NaN         NaN         NaN         NaN
Cbs:         NaN         NaN         NaN         NaN         NaN
Cgsov:       NaN         NaN         NaN         NaN         NaN
Cgdov:       NaN         NaN         NaN         NaN         NaN
Cgbov:       NaN         NaN         NaN         NaN         NaN
dQgdVgb:     NaN         NaN         NaN         NaN         NaN
dQgdVdb:     NaN         NaN         NaN         NaN         NaN
dQgdVsb:     NaN         NaN         NaN         NaN         NaN
dQddVgb:     NaN         NaN         NaN         NaN         NaN
dQddVdb:     NaN         NaN         NaN         NaN         NaN
dQddVsb:     NaN         NaN         NaN         NaN         NaN
dQbdVgb:     NaN         NaN         NaN         NaN         NaN
dQbdVdb:     NaN         NaN         NaN         NaN         NaN
dQbdVsb:     NaN         NaN         NaN         NaN         NaN

Name:      m:x8:19     m:x8:18     m:x8:13     m:x3:3      m:x3:2
Model:      nmos        nmos        nmos        pmos        pmos
Id:         2.01e-4     4.03e-4     2.01e-4      NaN         NaN
Vgs:        6.95e-1     7.06e-1     6.95e-1    -2.00e+0    -3.74e-9
Vds:        1.16e+0     6.07e-1     1.16e+0    -3.74e-9    -4.26e-1
Vbs:       -4.09e-1    -3.98e-1    -4.09e-1     0.00e+0     0.00e+0
Vth:        5.74e-1     5.74e-1     5.74e-1    -5.25e-1    -5.23e-1
Vdsat:      1.06e-1     1.14e-1     1.06e-1    -1.09e+0    -4.16e-2
Gm:         3.05e-3     5.96e-3     3.05e-3      NaN        2.63e-9
Gds:        6.89e-5     1.58e-4     6.89e-5     3.97e-2      NaN
Gmb         6.04e-4     1.20e-3     6.04e-4      NaN        1.03e-9
Cbd:         NaN         NaN         NaN         NaN         NaN
Cbs:         NaN         NaN         NaN        3.55e-8     3.55e-8
Cgsov:       NaN         NaN         NaN         NaN         NaN
Cgdov:       NaN         NaN         NaN         NaN         NaN
Cgbov:       NaN         NaN         NaN         NaN         NaN
dQgdVgb:     NaN         NaN         NaN         NaN         NaN
dQgdVdb:     NaN         NaN         NaN         NaN         NaN
dQgdVsb:     NaN         NaN         NaN         NaN         NaN
dQddVgb:     NaN         NaN         NaN         NaN         NaN
dQddVdb:     NaN         NaN         NaN         NaN         NaN
dQddVsb:     NaN         NaN         NaN         NaN         NaN
dQbdVgb:     NaN         NaN         NaN         NaN         NaN
dQbdVdb:     NaN         NaN         NaN         NaN         NaN
dQbdVsb:     NaN         NaN         NaN       -3.55e-8    -3.55e-8

Name:      m:x3:1      m:x3:15     m:x2:3      m:x2:2      m:x2:1
Model:      pmos        pmos        pmos        pmos        pmos
Id:          NaN         NaN         NaN         NaN         NaN
Vgs:       -1.57e+0    -1.57e+0     0.00e+0    -2.00e+0     5.13e-9
Vds:       -1.87e-9    -1.87e-9    -2.00e+0    -5.13e-9    -4.26e-1
Vbs:        4.26e-1     4.26e-1     0.00e+0     0.00e+0     5.13e-9
Vth:       -6.51e-1    -6.51e-1    -5.17e-1    -5.25e-1    -5.23e-1
Vdsat:     -7.67e-1    -7.67e-1    -4.16e-2    -1.09e+0    -4.16e-2
Gm:          NaN         NaN        4.17e-9      NaN        2.63e-9
Gds:        2.77e-2     2.77e-2      NaN        3.97e-2      NaN
Gmb          NaN         NaN        1.60e-9      NaN        1.03e-9
Cbd:         NaN         NaN         NaN         NaN         NaN
Cbs:        3.08e-8     3.08e-8     3.55e-8     3.55e-8     3.55e-8
Cgsov:       NaN         NaN         NaN         NaN         NaN
Cgdov:       NaN         NaN         NaN         NaN         NaN
Cgbov:       NaN         NaN         NaN         NaN         NaN
dQgdVgb:     NaN         NaN         NaN         NaN         NaN
dQgdVdb:     NaN         NaN         NaN         NaN         NaN
dQgdVsb:     NaN         NaN         NaN         NaN         NaN
dQddVgb:     NaN         NaN         NaN         NaN         NaN
dQddVdb:     NaN         NaN         NaN         NaN         NaN
dQddVsb:     NaN         NaN         NaN         NaN         NaN
dQbdVgb:     NaN         NaN         NaN         NaN         NaN
dQbdVdb:     NaN         NaN         NaN         NaN         NaN
dQbdVsb:   -3.08e-8    -3.08e-8    -3.55e-8    -3.55e-8    -3.55e-8

Name:      m:x2:15     m:x1:3      m:x1:2      m:x1:1      m:x1:15
Model:      pmos        pmos        pmos        pmos        pmos
Id:          NaN         NaN         NaN         NaN         NaN
Vgs:        5.13e-9     0.00e+0    -2.00e+0     5.13e-9     5.13e-9
Vds:       -4.26e-1    -2.00e+0    -5.13e-9    -4.26e-1    -4.26e-1
Vbs:        5.13e-9     0.00e+0     0.00e+0     5.13e-9     5.13e-9
Vth:       -5.23e-1    -5.17e-1    -5.25e-1    -5.23e-1    -5.23e-1
Vdsat:     -4.16e-2    -4.16e-2    -1.09e+0    -4.16e-2    -4.16e-2
Gm:         2.63e-9     4.17e-9      NaN        2.63e-9     2.63e-9
Gds:         NaN         NaN        3.97e-2      NaN         NaN
Gmb         1.03e-9     1.60e-9      NaN        1.03e-9     1.03e-9
Cbd:         NaN         NaN         NaN         NaN         NaN
Cbs:        3.55e-8     3.55e-8     3.55e-8     3.55e-8     3.55e-8
Cgsov:       NaN         NaN         NaN         NaN         NaN
Cgdov:       NaN         NaN         NaN         NaN         NaN
Cgbov:       NaN         NaN         NaN         NaN         NaN
dQgdVgb:     NaN         NaN         NaN         NaN         NaN
dQgdVdb:     NaN         NaN         NaN         NaN         NaN
dQgdVsb:     NaN         NaN         NaN         NaN         NaN
dQddVgb:     NaN         NaN         NaN         NaN         NaN
dQddVdb:     NaN         NaN         NaN         NaN         NaN
dQddVsb:     NaN         NaN         NaN         NaN         NaN
dQbdVgb:     NaN         NaN         NaN         NaN         NaN
dQbdVdb:     NaN         NaN         NaN         NaN         NaN
dQbdVsb:   -3.55e-8    -3.55e-8    -3.55e-8    -3.55e-8    -3.55e-8

Name:      m:x8:10     m:x8:9      m:x8:33     m:x8:30     m:x8:29
Model:      pmos        pmos        pmos        pmos        pmos
Id:        -5.03e-5    -5.03e-5    -1.00e-4    -1.00e-4    -1.00e-4
Vgs:       -5.74e-1    -5.74e-1    -6.80e-1    -6.84e-1    -6.53e-1
Vds:       -9.17e-1    -9.17e-1    -6.80e-1    -3.57e-1    -2.96e-1
Vbs:        0.00e+0     0.00e+0     3.00e-1     2.96e-1     0.00e+0
Vth:       -4.65e-1    -4.65e-1    -6.12e-1    -6.12e-1    -4.61e-1
Vdsat:     -1.13e-1    -1.13e-1    -1.01e-1    -1.03e-1    -1.71e-1
Gm:         7.26e-4     7.26e-4     1.71e-3     1.68e-3     9.62e-4
Gds:        3.70e-6     3.70e-6     2.82e-5     3.04e-5     1.27e-5
Gmb         2.31e-4     2.31e-4     4.72e-4     4.68e-4     3.09e-4
Cbd:         NaN         NaN         NaN         NaN         NaN
Cbs:         NaN         NaN         NaN         NaN         NaN
Cgsov:       NaN         NaN         NaN         NaN         NaN
Cgdov:       NaN         NaN         NaN         NaN         NaN
Cgbov:       NaN         NaN         NaN         NaN         NaN
dQgdVgb:     NaN         NaN         NaN         NaN         NaN
dQgdVdb:     NaN         NaN         NaN         NaN         NaN
dQgdVsb:     NaN         NaN         NaN         NaN         NaN
dQddVgb:     NaN         NaN         NaN         NaN         NaN
dQddVdb:     NaN         NaN         NaN         NaN         NaN
dQddVsb:     NaN         NaN         NaN         NaN         NaN
dQbdVgb:     NaN         NaN         NaN         NaN         NaN
dQbdVdb:     NaN         NaN         NaN         NaN         NaN
dQbdVsb:     NaN         NaN         NaN         NaN         NaN

Name:      m:x8:8      m:x8:7      m:x8:6      m:x8:5      m:x8:4
Model:      pmos        pmos        pmos        pmos        pmos
Id:        -2.51e-4    -2.51e-4    -2.51e-4    -2.51e-4    -4.03e-4
Vgs:       -6.89e-1    -6.89e-1    -6.53e-1    -6.53e-1    -6.96e-1
Vds:       -1.35e-1    -1.35e-1    -2.91e-1    -2.91e-1    -7.11e-1
Vbs:        2.91e-1     2.91e-1     0.00e+0     0.00e+0     2.84e-1
Vth:       -6.12e-1    -6.12e-1    -4.61e-1    -4.61e-1    -6.07e-1
Vdsat:     -1.07e-1    -1.07e-1    -1.72e-1    -1.72e-1    -1.15e-1
Gm:         4.03e-3     4.03e-3     2.41e-3     2.41e-3     6.28e-3
Gds:        2.81e-4     2.81e-4     3.33e-5     3.33e-5     1.08e-4
Gmb         1.13e-3     1.13e-3     7.77e-4     7.77e-4     1.75e-3
Cbd:         NaN         NaN         NaN         NaN         NaN
Cbs:         NaN         NaN         NaN         NaN         NaN
Cgsov:       NaN         NaN         NaN         NaN         NaN
Cgdov:       NaN         NaN         NaN         NaN         NaN
Cgbov:       NaN         NaN         NaN         NaN         NaN
dQgdVgb:     NaN         NaN         NaN         NaN         NaN
dQgdVdb:     NaN         NaN         NaN         NaN         NaN
dQgdVsb:     NaN         NaN         NaN         NaN         NaN
dQddVgb:     NaN         NaN         NaN         NaN         NaN
dQddVdb:     NaN         NaN         NaN         NaN         NaN
dQddVsb:     NaN         NaN         NaN         NaN         NaN
dQbdVgb:     NaN         NaN         NaN         NaN         NaN
dQbdVdb:     NaN         NaN         NaN         NaN         NaN
dQbdVsb:     NaN         NaN         NaN         NaN         NaN

Name:      m:x8:3      m:x8:2      m:x8:1
Model:      pmos        pmos        pmos
Id:        -4.03e-4    -4.03e-4    -4.03e-4
Vgs:       -7.00e-1    -6.53e-1    -6.53e-1
Vds:       -3.74e-1    -2.84e-1    -2.80e-1
Vbs:        2.80e-1     0.00e+0     0.00e+0
Vth:       -6.08e-1    -4.61e-1    -4.61e-1
Vdsat:     -1.17e-1    -1.73e-1    -1.73e-1
Gm:         6.17e-3     3.87e-3     3.86e-3
Gds:        1.18e-4     5.74e-5     6.02e-5
Gmb         1.73e-3     1.25e-3     1.24e-3
Cbd:         NaN         NaN         NaN
Cbs:         NaN         NaN         NaN
Cgsov:       NaN         NaN         NaN
Cgdov:       NaN         NaN         NaN
Cgbov:       NaN         NaN         NaN
dQgdVgb:     NaN         NaN         NaN
dQgdVdb:     NaN         NaN         NaN
dQgdVsb:     NaN         NaN         NaN
dQddVgb:     NaN         NaN         NaN
dQddVdb:     NaN         NaN         NaN
dQddVsb:     NaN         NaN         NaN
dQbdVgb:     NaN         NaN         NaN
dQbdVdb:     NaN         NaN         NaN
dQbdVsb:     NaN         NaN         NaN


Note: .fourier statements are only valid with a .tran command.
      No Fourier analysis performed.


Date: Sun Apr  5 15:57:48 2020
Total elapsed time: 0.308 seconds.

tnom = 27
temp = 27
method = trap
totiter = 427
traniter = 0
tranpoints = 0
accept = 0
rejected = 0
matrix size = 50
fillins = 40
solver = Normal
Matrix Compiler1:     410 opcodes
Matrix Compiler2: 6.28 KB object code size  0.8/1.1/[0.8]

